ets Jul 29 2019 12:21:46

rst:0x1 (POWERON_RESET),boot:0x13 (SPI_FAST_FLASH_BOOT)
configsip: 0, SPIWP:0xee
clk_drv:0x00,q_drv:0x00,d_drv:0x00,cs0_drv:0x00,hd_drv:0x00,wp_drv:0x00
mode:DIO, clock div:2
load:0x3fff0030,len:7176
load:0x40078000,len:15564
ho 0 tail 12 room 4
load:0x40080400,len:4
load:0x40080404,len:3904
entry 0x40080640
[0;32mI (31) boot: ESP-IDF v5.3.1 2nd stage bootloader[0m
[0;32mI (31) boot: compile time Nov 24 2024 12:17:27[0m
[0;32mI (31) boot: Multicore bootloader[0m
[0;32mI (35) boot: chip revision: v3.1[0m
[0;32mI (39) boot.esp32: SPI Speed      : 40MHz[0m
[0;32mI (44) boot.esp32: SPI Mode       : DIO[0m
[0;32mI (48) boot.esp32: SPI Flash Size : 2MB[0m
[0;32mI (53) boot: Enabling RNG early entropy source...[0m
[0;32mI (58) boot: Partition Table:[0m
[0;32mI (62) boot: ## Label            Usage          Type ST Offset   Length[0m
[0;32mI (69) boot:  0 nvs              WiFi data        01 02 00009000 00006000[0m
[0;32mI (77) boot:  1 phy_init         RF data          01 01 0000f000 00001000[0m
[0;32mI (84) boot:  2 factory          factory app      00 00 00010000 00100000[0m
[0;32mI (92) boot: End of partition table[0m
[0;32mI (96) esp_image: segment 0: paddr=00010020 vaddr=3f400020 size=2950ch (169228) map[0m
[0;32mI (162) esp_image: segment 1: paddr=00039534 vaddr=3ffbdb60 size=04ccch ( 19660) load[0m
[0;32mI (170) esp_image: segment 2: paddr=0003e208 vaddr=40080000 size=01e10h (  7696) load[0m
[0;32mI (173) esp_image: segment 3: paddr=00040020 vaddr=400d0020 size=9681ch (616476) map[0m
[0;32mI (388) esp_image: segment 4: paddr=000d6844 vaddr=40081e10 size=16810h ( 92176) load[0m
[0;32mI (436) boot: Loaded app from partition at offset 0x10000[0m
[0;32mI (437) boot: Disabling RNG early entropy source...[0m
[0;32mI (449) cpu_start: Multicore app[0m
[0;32mI (457) cpu_start: Pro cpu start user code[0m
[0;32mI (457) cpu_start: cpu freq: 160000000 Hz[0m
[0;32mI (457) app_init: Application information:[0m
[0;32mI (460) app_init: Project name:     ble_server_test[0m
[0;32mI (466) app_init: App version:      61da0b1-dirty[0m
[0;32mI (471) app_init: Compile time:     Dec 14 2024 13:03:23[0m
[0;32mI (477) app_init: ELF file SHA256:  9c65b744a...[0m
[0;32mI (482) app_init: ESP-IDF:          v5.3.1[0m
[0;32mI (487) efuse_init: Min chip rev:     v0.0[0m
[0;32mI (492) efuse_init: Max chip rev:     v3.99 [0m
[0;32mI (497) efuse_init: Chip rev:         v3.1[0m
[0;32mI (502) heap_init: Initializing. RAM available for dynamic allocation:[0m
[0;32mI (509) heap_init: At 3FFAFF10 len 000000F0 (0 KiB): DRAM[0m
[0;32mI (515) heap_init: At 3FFB6388 len 00001C78 (7 KiB): DRAM[0m
[0;32mI (521) heap_init: At 3FFB9A20 len 00004108 (16 KiB): DRAM[0m
[0;32mI (527) heap_init: At 3FFCA570 len 00015A90 (86 KiB): DRAM[0m
[0;32mI (533) heap_init: At 3FFE0440 len 00003AE0 (14 KiB): D/IRAM[0m
[0;32mI (540) heap_init: At 3FFE4350 len 0001BCB0 (111 KiB): D/IRAM[0m
[0;32mI (546) heap_init: At 40098620 len 000079E0 (30 KiB): IRAM[0m
[0;32mI (554) spi_flash: detected chip: generic[0m
[0;32mI (557) spi_flash: flash io: dio[0m
[0;33mW (561) spi_flash: Detected size(4096k) larger than the size in the binary image header(2048k). Using the size in the binary image header.[0m
[0;32mI (575) coexist: coex firmware version: 4482466[0m
[0;32mI (580) main_task: Started on CPU0[0m
[0;32mI (590) main_task: Calling app_main()[0m
[0;32mI (600) CONFIG_ESP32: Current SSID: MyNET_Fiber_5385[0m
[0;32mI (600) CONFIG_ESP32: Current password: 8b0fc920[0m
[0;32mI (600) BTDM_INIT: BT controller compile version [b022216][0m
[0;32mI (610) BTDM_INIT: Bluetooth MAC: 78:ee:4c:00:06:5e[0m
[0;32mI (620) phy_init: phy_version 4830,54550f7,Jun 20 2024,14:22:08[0m
[0;32mI (1070) CONFIG_ESP32: REGISTER_APP_EVT, status 0, app_id 0[0m
[0;32mI (1070) main_task: Returned from app_main()[0m
[0;32mI (1080) CONFIG_ESP32: CREATE_SERVICE_EVT, status 0,  service_handle 40[0m
[0;32mI (1080) CONFIG_ESP32: successfully added char 0[0m
[0;32mI (1180) CONFIG_ESP32: successfully added char 1[0m
[0;32mI (1190) CONFIG_ESP32: SERVICE_START_EVT, status 0, service_handle 40[0m
[0;32mI (1190) CONFIG_ESP32: ADD_CHAR_EVT, status 0,  attr_handle 42, service_handle 40[0m
[0;32mI (1200) CONFIG_ESP32: ADD_CHAR_EVT, status 0,  attr_handle 44, service_handle 40[0m
[0;32mI (1210) CONFIG_ESP32: ADD_DESCR_EVT, status 0, attr_handle 45, service_handle 40[0m
[0;32mI (1210) CONFIG_ESP32: ADD_DESCR_EVT, status 0, attr_handle 46, service_handle 40[0m
[0;32mI (7670) CONFIG_ESP32: You are in configuration mode. Press again to leave[0m
[0;32mI (7670) CONFIG_ESP32: Waiting for wi-fi credentials...[0m
[0;32mI (9450) CONFIG_ESP32: ESP_GATTS_CONNECT_EVT, conn_id 0, remote 7a:4b:78:58:07:6c:[0m
[0;32mI (9510) CONFIG_ESP32: packet length updated: rx = 251, tx = 251, status = 0[0m
[0;32mI (9570) CONFIG_ESP32: ESP_GATTS_MTU_EVT, MTU 500[0m
[0;32mI (9960) CONFIG_ESP32: update connection params status = 0, min_int = 16, max_int = 32,conn_int = 24,latency = 0, timeout = 400[0m
[0;32mI (27480) CONFIG_ESP32: GATT_WRITE_EVT, conn_id 0, trans_id 3, handle 42[0m
[0;32mI (27480) CONFIG_ESP32: GATT_WRITE_EVT, value len 8, value : 8b0fc920[0m
[0;32mI (27480) CONFIG_ESP32: SSID written successfully: 8b0fc920[0m
[0;32mI (41940) CONFIG_ESP32: GATT_WRITE_EVT, conn_id 0, trans_id 4, handle 44[0m
[0;32mI (41940) CONFIG_ESP32: GATT_WRITE_EVT, value len 8, value : 8b0fc920[0m
[0;32mI (41940) CONFIG_ESP32: Password written successfully: 8b0fc920[0m
[0;32mI (41980) NVS: Wi-Fi credentials saved successfully.[0m
[0;32mI (41980) NVS: Leaving configuration mode.[0m
[0;32mI (49470) CONFIG_ESP32: You are in configuration mode. Press again to leave[0m
[0;32mI (49470) CONFIG_ESP32: Waiting for wi-fi credentials...[0m
[0;32mI (59700) CONFIG_ESP32: GATT_WRITE_EVT, conn_id 0, trans_id 5, handle 42[0m
[0;32mI (59700) CONFIG_ESP32: GATT_WRITE_EVT, value len 8, value : 8b0fc920[0m
[0;32mI (59710) CONFIG_ESP32: SSID written successfully: 8b0fc920[0m
[0;32mI (66390) CONFIG_ESP32: GATT_WRITE_EVT, conn_id 0, trans_id 6, handle 42[0m
[0;32mI (66390) CONFIG_ESP32: GATT_WRITE_EVT, value len 8, value : 8b0fc920[0m
[0;32mI (66400) CONFIG_ESP32: SSID written successfully: 8b0fc920[0m
[0;32mI (74670) CONFIG_ESP32: GATT_WRITE_EVT, conn_id 0, trans_id 7, handle 44[0m
[0;32mI (74670) CONFIG_ESP32: GATT_WRITE_EVT, value len 5, value : qwert[0m
[0;32mI (74680) CONFIG_ESP32: Password written successfully: qwertlt[0m
[0;32mI (74780) NVS: Wi-Fi credentials saved successfully.[0m
[0;32mI (74780) NVS: Leaving configuration mode.[0m
[0;32mI (92470) CONFIG_ESP32: You are in configuration mode. Press again to leave[0m
[0;32mI (92470) CONFIG_ESP32: Waiting for wi-fi credentials...[0m
[0;32mI (157030) CONFIG_ESP32: GATT_WRITE_EVT, conn_id 0, trans_id 8, handle 44[0m
[0;32mI (157030) CONFIG_ESP32: GATT_WRITE_EVT, value len 8, value : 8b0fc920[0m
[0;32mI (157030) CONFIG_ESP32: Password written successfully: 8b0fc920[0m
[0;32mI (167910) CONFIG_ESP32: GATT_WRITE_EVT, conn_id 0, trans_id 9, handle 42[0m
[0;32mI (167920) CONFIG_ESP32: GATT_WRITE_EVT, value len 16, value : MyNET_Fiber_5385[0m
[0;32mI (167920) CONFIG_ESP32: SSID written successfully: MyNET_Fiber_5385[0m
[0;32mI (167980) NVS: Wi-Fi credentials saved successfully.[0m
[0;32mI (167980) NVS: Leaving configuration mode.[0m
[0;32mI (177670) CONFIG_ESP32: GATT_READ_EVT, conn_id 0, trans_id 10, handle 45[0m
[0;32mI (180810) CONFIG_ESP32: GATT_READ_EVT, conn_id 0, trans_id 11, handle 45[0m
[0;32mI (181050) CONFIG_ESP32: GATT_READ_EVT, conn_id 0, trans_id 12, handle 45[0m
[0;32mI (181240) CONFIG_ESP32: GATT_READ_EVT, conn_id 0, trans_id 13, handle 45[0m
[0;32mI (181440) CONFIG_ESP32: GATT_READ_EVT, conn_id 0, trans_id 14, handle 45[0m
[0;32mI (181650) CONFIG_ESP32: GATT_READ_EVT, conn_id 0, trans_id 15, handle 45[0m
[0;32mI (181860) CONFIG_ESP32: GATT_READ_EVT, conn_id 0, trans_id 16, handle 45[0m
[0;32mI (182040) CONFIG_ESP32: GATT_READ_EVT, conn_id 0, trans_id 17, handle 45[0m
[0;32mI (182250) CONFIG_ESP32: GATT_READ_EVT, conn_id 0, trans_id 18, handle 45[0m
[0;32mI (182470) CONFIG_ESP32: GATT_READ_EVT, conn_id 0, trans_id 19, handle 45[0m
[0;32mI (182640) CONFIG_ESP32: GATT_READ_EVT, conn_id 0, trans_id 20, handle 45[0m
[0;32mI (182850) CONFIG_ESP32: GATT_READ_EVT, conn_id 0, trans_id 21, handle 45[0m
[0;32mI (183060) CONFIG_ESP32: GATT_READ_EVT, conn_id 0, trans_id 22, handle 45[0m
[0;32mI (183280) CONFIG_ESP32: GATT_READ_EVT, conn_id 0, trans_id 23, handle 45[0m
[0;32mI (183570) CONFIG_ESP32: GATT_READ_EVT, conn_id 0, trans_id 24, handle 45[0m
[0;32mI (183660) CONFIG_ESP32: GATT_READ_EVT, conn_id 0, trans_id 25, handle 45[0m
[0;32mI (183900) CONFIG_ESP32: GATT_READ_EVT, conn_id 0, trans_id 26, handle 45[0m
[0;32mI (184080) CONFIG_ESP32: GATT_READ_EVT, conn_id 0, trans_id 27, handle 45[0m
[0;32mI (184290) CONFIG_ESP32: GATT_READ_EVT, conn_id 0, trans_id 28, handle 45[0m
[0;32mI (184500) CONFIG_ESP32: GATT_READ_EVT, conn_id 0, trans_id 29, handle 45[0m
[0;32mI (184710) CONFIG_ESP32: GATT_READ_EVT, conn_id 0, trans_id 30, handle 45[0m
[0;32mI (184920) CONFIG_ESP32: GATT_READ_EVT, conn_id 0, trans_id 31, handle 45[0m
[0;32mI (185100) CONFIG_ESP32: GATT_READ_EVT, conn_id 0, trans_id 32, handle 45[0m
[0;32mI (185370) CONFIG_ESP32: GATT_READ_EVT, conn_id 0, trans_id 33, handle 45[0m
[0;32mI (185490) CONFIG_ESP32: GATT_READ_EVT, conn_id 0, trans_id 34, handle 45[0m
[0;32mI (185670) CONFIG_ESP32: GATT_READ_EVT, conn_id 0, trans_id 35, handle 45[0m
