ets Jul 29 2019 12:21:46

rst:0x1 (POWERON_RESET),boot:0x13 (SPI_FAST_FLASH_BOOT)
configsip: 0, SPIWP:0xee
clk_drv:0x00,q_drv:0x00,d_drv:0x00,cs0_drv:0x00,hd_drv:0x00,wp_drv:0x00
mode:DIO, clock div:2
load:0x3fff0030,len:7176
load:0x40078000,len:15564
ho 0 tail 12 room 4
load:0x40080400,len:4
load:0x40080404,len:3904
entry 0x40080640
[0;32mI (31) boot: ESP-IDF v5.3.1 2nd stage bootloader[0m
[0;32mI (31) boot: compile time Nov 24 2024 12:17:27[0m
[0;32mI (31) boot: Multicore bootloader[0m
[0;32mI (35) boot: chip revision: v3.1[0m
[0;32mI (39) boot.esp32: SPI Speed      : 40MHz[0m
[0;32mI (44) boot.esp32: SPI Mode       : DIO[0m
[0;32mI (48) boot.esp32: SPI Flash Size : 2MB[0m
[0;32mI (53) boot: Enabling RNG early entropy source...[0m
[0;32mI (58) boot: Partition Table:[0m
[0;32mI (62) boot: ## Label            Usage          Type ST Offset   Length[0m
[0;32mI (69) boot:  0 nvs              WiFi data        01 02 00009000 00006000[0m
[0;32mI (77) boot:  1 phy_init         RF data          01 01 0000f000 00001000[0m
[0;32mI (84) boot:  2 factory          factory app      00 00 00010000 00100000[0m
[0;32mI (92) boot: End of partition table[0m
[0;32mI (96) esp_image: segment 0: paddr=00010020 vaddr=3f400020 size=28b5ch (166748) map[0m
[0;32mI (161) esp_image: segment 1: paddr=00038b84 vaddr=3ffbdb60 size=04c44h ( 19524) load[0m
[0;32mI (169) esp_image: segment 2: paddr=0003d7d0 vaddr=40080000 size=02848h ( 10312) load[0m
[0;32mI (173) esp_image: segment 3: paddr=00040020 vaddr=400d0020 size=959c8h (612808) map[0m
[0;32mI (386) esp_image: segment 4: paddr=000d59f0 vaddr=40082848 size=15dd8h ( 89560) load[0m
[0;32mI (433) boot: Loaded app from partition at offset 0x10000[0m
[0;32mI (433) boot: Disabling RNG early entropy source...[0m
[0;32mI (445) cpu_start: Multicore app[0m
[0;32mI (454) cpu_start: Pro cpu start user code[0m
[0;32mI (454) cpu_start: cpu freq: 160000000 Hz[0m
[0;32mI (454) app_init: Application information:[0m
[0;32mI (457) app_init: Project name:     ble_server_test[0m
[0;32mI (462) app_init: App version:      29bfbc2-dirty[0m
[0;32mI (468) app_init: Compile time:     Nov 30 2024 15:40:29[0m
[0;32mI (474) app_init: ELF file SHA256:  1a0a75541...[0m
[0;32mI (479) app_init: ESP-IDF:          v5.3.1[0m
[0;32mI (484) efuse_init: Min chip rev:     v0.0[0m
[0;32mI (489) efuse_init: Max chip rev:     v3.99 [0m
[0;32mI (494) efuse_init: Chip rev:         v3.1[0m
[0;32mI (499) heap_init: Initializing. RAM available for dynamic allocation:[0m
[0;32mI (506) heap_init: At 3FFAFF10 len 000000F0 (0 KiB): DRAM[0m
[0;32mI (512) heap_init: At 3FFB6388 len 00001C78 (7 KiB): DRAM[0m
[0;32mI (518) heap_init: At 3FFB9A20 len 00004108 (16 KiB): DRAM[0m
[0;32mI (524) heap_init: At 3FFCA4E8 len 00015B18 (86 KiB): DRAM[0m
[0;32mI (530) heap_init: At 3FFE0440 len 00003AE0 (14 KiB): D/IRAM[0m
[0;32mI (536) heap_init: At 3FFE4350 len 0001BCB0 (111 KiB): D/IRAM[0m
[0;32mI (543) heap_init: At 40098620 len 000079E0 (30 KiB): IRAM[0m
[0;32mI (551) spi_flash: detected chip: generic[0m
[0;32mI (554) spi_flash: flash io: dio[0m
[0;33mW (558) spi_flash: Detected size(4096k) larger than the size in the binary image header(2048k). Using the size in the binary image header.[0m
[0;32mI (572) coexist: coex firmware version: 4482466[0m
[0;32mI (577) main_task: Started on CPU0[0m
[0;32mI (587) main_task: Calling app_main()[0m
[0;32mI (597) BTDM_INIT: BT controller compile version [b022216][0m
[0;32mI (597) BTDM_INIT: Bluetooth MAC: 78:ee:4c:00:06:5e[0m
[0;32mI (607) phy_init: phy_version 4830,54550f7,Jun 20 2024,14:22:08[0m
[0;32mI (1047) GATTS_DEMO: REGISTER_APP_EVT, status 0, app_id 0[0m
[0;32mI (1047) main_task: Returned from app_main()[0m
[0;32mI (1057) GATTS_DEMO: CREATE_SERVICE_EVT, status 0,  service_handle 40[0m
[0;32mI (1057) GATTS_DEMO: REGISTER_APP_EVT, status 0, app_id 1[0m
[0;32mI (1077) GATTS_DEMO: SERVICE_START_EVT, status 0, service_handle 40[0m
[0;32mI (1077) GATTS_DEMO: ADD_CHAR_EVT, status 0,  attr_handle 42, service_handle 40[0m
[0;32mI (1077) GATTS_DEMO: the gatts demo char length = 3[0m
[0;32mI (1087) GATTS_DEMO: prf_char[0] =11[0m
[0;32mI (1087) GATTS_DEMO: prf_char[1] =22[0m
[0;32mI (1097) GATTS_DEMO: prf_char[2] =33[0m
[0;32mI (1097) GATTS_DEMO: CREATE_SERVICE_EVT, status 0,  service_handle 44[0m
[0;32mI (1107) GATTS_DEMO: ADD_DESCR_EVT, status 0, attr_handle 43, service_handle 40[0m
[0;32mI (1117) GATTS_DEMO: SERVICE_START_EVT, status 0, service_handle 44[0m
[0;32mI (1117) GATTS_DEMO: ADD_CHAR_EVT, status 0,  attr_handle 46, service_handle 44[0m
[0;32mI (1127) GATTS_DEMO: ADD_DESCR_EVT, status 0, attr_handle 47, service_handle 44[0m
[0;32mI (17207) GATTS_DEMO: ESP_GATTS_CONNECT_EVT, conn_id 0, remote 73:2c:79:f6:84:0e:[0m
[0;32mI (17207) GATTS_DEMO: CONNECT_EVT, conn_id 0, remote 73:2c:79:f6:84:0e:[0m
[0;32mI (17237) GATTS_DEMO: packet length updated: rx = 251, tx = 251, status = 0[0m
[0;32mI (17327) GATTS_DEMO: ESP_GATTS_MTU_EVT, MTU 500[0m
[0;32mI (17327) GATTS_DEMO: ESP_GATTS_MTU_EVT, MTU 500[0m
[0;32mI (17657) GATTS_DEMO: update connection params status = 0, min_int = 16, max_int = 32,conn_int = 24,latency = 0, timeout = 400[0m
[0;32mI (21647) GATTS_DEMO: GATT_READ_EVT, conn_id 0, trans_id 3, handle 42[0m
[0;32mI (24077) GATTS_DEMO: GATT_READ_EVT, conn_id 0, trans_id 4, handle 42[0m
[0;32mI (33167) GATTS_DEMO: GATT_WRITE_EVT, conn_id 0, trans_id 5, handle 42[0m
[0;32mI (33167) GATTS_DEMO: GATT_WRITE_EVT, value len 1, value :[0m
[0;32mI (33177) GATTS_DEMO: 01 [0m
[0;32mI (37397) GATTS_DEMO: GATT_WRITE_EVT, conn_id 0, trans_id 6, handle 42[0m
[0;32mI (37397) GATTS_DEMO: GATT_WRITE_EVT, value len 1, value :[0m
[0;32mI (37407) GATTS_DEMO: 00 [0m
[0;32mI (43697) GATTS_DEMO: GATT_WRITE_EVT, conn_id 0, trans_id 7, handle 42[0m
[0;32mI (43697) GATTS_DEMO: GATT_WRITE_EVT, value len 1, value :[0m
[0;32mI (43707) GATTS_DEMO: 0f [0m
[0;32mI (47147) GATTS_DEMO: GATT_WRITE_EVT, conn_id 0, trans_id 8, handle 43[0m
[0;32mI (47147) GATTS_DEMO: GATT_WRITE_EVT, value len 2, value :[0m
[0;32mI (47157) GATTS_DEMO: 01 00 [0m
[0;32mI (47157) GATTS_DEMO: notify enable[0m
[0;32mI (47167) GATTS_DEMO: ESP_GATTS_CONF_EVT, status 0 attr_handle 42[0m
[0;32mI (84947) GATTS_DEMO: GATT_WRITE_EVT, conn_id 0, trans_id 9, handle 42[0m
[0;32mI (84947) GATTS_DEMO: GATT_WRITE_EVT, value len 1, value :[0m
[0;32mI (84957) GATTS_DEMO: 00 [0m
[0;32mI (91127) GATTS_DEMO: GATT_WRITE_EVT, conn_id 0, trans_id 10, handle 43[0m
[0;32mI (91127) GATTS_DEMO: GATT_WRITE_EVT, value len 2, value :[0m
[0;32mI (91137) GATTS_DEMO: 01 00 [0m
[0;32mI (91137) GATTS_DEMO: notify enable[0m
[0;32mI (91147) GATTS_DEMO: ESP_GATTS_CONF_EVT, status 0 attr_handle 42[0m
[0;32mI (100427) GATTS_DEMO: GATT_WRITE_EVT, conn_id 0, trans_id 11, handle 43[0m
[0;32mI (100437) GATTS_DEMO: GATT_WRITE_EVT, value len 2, value :[0m
[0;32mI (100437) GATTS_DEMO: 00 00 [0m
[0;32mI (100437) GATTS_DEMO: notify/indicate disable [0m
[0;32mI (109637) GATTS_DEMO: GATT_WRITE_EVT, conn_id 0, trans_id 12, handle 47[0m
[0;32mI (109647) GATTS_DEMO: GATT_WRITE_EVT, value len 2, value :[0m
[0;32mI (109647) GATTS_DEMO: 01 00 [0m
[0;32mI (109647) GATTS_DEMO: notify enable[0m
[0;32mI (109657) GATTS_DEMO: ESP_GATTS_CONF_EVT status 0 attr_handle 46[0m
[0;32mI (123827) GATTS_DEMO: GATT_READ_EVT, conn_id 0, trans_id 13, handle 42[0m
[0;32mI (125597) GATTS_DEMO: GATT_READ_EVT, conn_id 0, trans_id 14, handle 42[0m
[0;32mI (126287) GATTS_DEMO: GATT_READ_EVT, conn_id 0, trans_id 15, handle 42[0m
[0;32mI (126767) GATTS_DEMO: GATT_READ_EVT, conn_id 0, trans_id 16, handle 42[0m
[0;32mI (127247) GATTS_DEMO: GATT_READ_EVT, conn_id 0, trans_id 17, handle 42[0m
[0;32mI (127757) GATTS_DEMO: GATT_READ_EVT, conn_id 0, trans_id 18, handle 42[0m
[0;32mI (128417) GATTS_DEMO: GATT_READ_EVT, conn_id 0, trans_id 19, handle 42[0m
