ets Jul 29 2019 12:21:46

rst:0x1 (POWERON_RESET),boot:0x13 (SPI_FAST_FLASH_BOOT)
configsip: 0, SPIWP:0xee
clk_drv:0x00,q_drv:0x00,d_drv:0x00,cs0_drv:0x00,hd_drv:0x00,wp_drv:0x00
mode:DIO, clock div:2
load:0x3fff0030,len:7176
load:0x40078000,len:15564
ho 0 tail 12 room 4
load:0x40080400,len:4
load:0x40080404,len:3904
entry 0x40080640
[0;32mI (31) boot: ESP-IDF v5.3.1 2nd stage bootloader[0m
[0;32mI (31) boot: compile time Nov 24 2024 12:17:27[0m
[0;32mI (31) boot: Multicore bootloader[0m
[0;32mI (35) boot: chip revision: v3.1[0m
[0;32mI (39) boot.esp32: SPI Speed      : 40MHz[0m
[0;32mI (44) boot.esp32: SPI Mode       : DIO[0m
[0;32mI (48) boot.esp32: SPI Flash Size : 2MB[0m
[0;32mI (53) boot: Enabling RNG early entropy source...[0m
[0;32mI (58) boot: Partition Table:[0m
[0;32mI (62) boot: ## Label            Usage          Type ST Offset   Length[0m
[0;32mI (69) boot:  0 nvs              WiFi data        01 02 00009000 00006000[0m
[0;32mI (77) boot:  1 phy_init         RF data          01 01 0000f000 00001000[0m
[0;32mI (84) boot:  2 factory          factory app      00 00 00010000 00100000[0m
[0;32mI (92) boot: End of partition table[0m
[0;32mI (96) esp_image: segment 0: paddr=00010020 vaddr=3f400020 size=27d9ch (163228) map[0m
[0;32mI (160) esp_image: segment 1: paddr=00037dc4 vaddr=3ffbdb60 size=04b14h ( 19220) load[0m
[0;32mI (168) esp_image: segment 2: paddr=0003c8e0 vaddr=40080000 size=03738h ( 14136) load[0m
[0;32mI (173) esp_image: segment 3: paddr=00040020 vaddr=400d0020 size=93eb0h (605872) map[0m
[0;32mI (382) esp_image: segment 4: paddr=000d3ed8 vaddr=40083738 size=14ee8h ( 85736) load[0m
[0;32mI (428) boot: Loaded app from partition at offset 0x10000[0m
[0;32mI (428) boot: Disabling RNG early entropy source...[0m
[0;32mI (440) cpu_start: Multicore app[0m
[0;32mI (449) cpu_start: Pro cpu start user code[0m
[0;32mI (449) cpu_start: cpu freq: 160000000 Hz[0m
[0;32mI (449) app_init: Application information:[0m
[0;32mI (452) app_init: Project name:     ble_server_test[0m
[0;32mI (457) app_init: App version:      29bfbc2-dirty[0m
[0;32mI (463) app_init: Compile time:     Nov 30 2024 15:40:29[0m
[0;32mI (469) app_init: ELF file SHA256:  387e2e480...[0m
[0;32mI (474) app_init: ESP-IDF:          v5.3.1[0m
[0;32mI (479) efuse_init: Min chip rev:     v0.0[0m
[0;32mI (484) efuse_init: Max chip rev:     v3.99 [0m
[0;32mI (489) efuse_init: Chip rev:         v3.1[0m
[0;32mI (494) heap_init: Initializing. RAM available for dynamic allocation:[0m
[0;32mI (501) heap_init: At 3FFAFF10 len 000000F0 (0 KiB): DRAM[0m
[0;32mI (507) heap_init: At 3FFB6388 len 00001C78 (7 KiB): DRAM[0m
[0;32mI (513) heap_init: At 3FFB9A20 len 00004108 (16 KiB): DRAM[0m
[0;32mI (519) heap_init: At 3FFCA478 len 00015B88 (86 KiB): DRAM[0m
[0;32mI (525) heap_init: At 3FFE0440 len 00003AE0 (14 KiB): D/IRAM[0m
[0;32mI (531) heap_init: At 3FFE4350 len 0001BCB0 (111 KiB): D/IRAM[0m
[0;32mI (538) heap_init: At 40098620 len 000079E0 (30 KiB): IRAM[0m
[0;32mI (546) spi_flash: detected chip: generic[0m
[0;32mI (549) spi_flash: flash io: dio[0m
[0;33mW (553) spi_flash: Detected size(4096k) larger than the size in the binary image header(2048k). Using the size in the binary image header.[0m
[0;32mI (567) coexist: coex firmware version: 4482466[0m
[0;32mI (572) main_task: Started on CPU0[0m
[0;32mI (582) main_task: Calling app_main()[0m
[0;32mI (602) BTDM_INIT: BT controller compile version [b022216][0m
[0;32mI (612) BTDM_INIT: Bluetooth MAC: 78:ee:4c:00:06:5e[0m
[0;32mI (612) phy_init: phy_version 4830,54550f7,Jun 20 2024,14:22:08[0m
[0;32mI (1052) GATTS_DEMO: Unhandled event 0[0m
[0;31mE (1052) BT_APPL: Application not registered[0m
[0;31mE (1052) BT_BTC: btc_gatts_arg_deep_copy 8, invalid length[0m
[0;31mE (1052) BT_APPL: service not created
[0m
[0;31mE (1062) BT_APPL: Application not registered[0m
[0;31mE (1062) BT_BTC: btc_gatts_arg_deep_copy 8, invalid length[0m
[0;31mE (1072) BT_APPL: service not created
[0m
[0;32mI (1072) main_task: Returned from app_main()[0m
