ets Jul 29 2019 12:21:46

rst:0x1 (POWERON_RESET),boot:0x13 (SPI_FAST_FLASH_BOOT)
configsip: 0, SPIWP:0xee
clk_drv:0x00,q_drv:0x00,d_drv:0x00,cs0_drv:0x00,hd_drv:0x00,wp_drv:0x00
mode:DIO, clock div:2
load:0x3fff0030,len:7176
load:0x40078000,len:15564
ho 0 tail 12 room 4
load:0x40080400,len:4
load:0x40080404,len:3904
entry 0x40080640
[0;32mI (31) boot: ESP-IDF v5.3.1 2nd stage bootloader[0m
[0;32mI (31) boot: compile time Dec 13 2024 12:58:13[0m
[0;32mI (31) boot: Multicore bootloader[0m
[0;32mI (35) boot: chip revision: v3.1[0m
[0;32mI (39) boot.esp32: SPI Speed      : 40MHz[0m
[0;32mI (44) boot.esp32: SPI Mode       : DIO[0m
[0;32mI (48) boot.esp32: SPI Flash Size : 2MB[0m
[0;32mI (53) boot: Enabling RNG early entropy source...[0m
[0;32mI (58) boot: Partition Table:[0m
[0;32mI (62) boot: ## Label            Usage          Type ST Offset   Length[0m
[0;32mI (69) boot:  0 nvs              WiFi data        01 02 00009000 00006000[0m
[0;32mI (77) boot:  1 phy_init         RF data          01 01 0000f000 00001000[0m
[0;32mI (84) boot:  2 factory          factory app      00 00 00010000 00100000[0m
[0;32mI (92) boot: End of partition table[0m
[0;32mI (96) esp_image: segment 0: paddr=00010020 vaddr=3f400020 size=09b6ch ( 39788) map[0m
[0;32mI (118) esp_image: segment 1: paddr=00019b94 vaddr=3ff80000 size=00004h (     4) load[0m
[0;32mI (118) esp_image: segment 2: paddr=00019ba0 vaddr=3ffb0000 size=0231ch (  8988) load[0m
[0;32mI (127) esp_image: segment 3: paddr=0001bec4 vaddr=40080000 size=04154h ( 16724) load[0m
[0;32mI (139) esp_image: segment 4: paddr=00020020 vaddr=400d0020 size=14ffch ( 86012) map[0m
[0;32mI (170) esp_image: segment 5: paddr=00035024 vaddr=40084154 size=088d0h ( 35024) load[0m
[0;32mI (191) boot: Loaded app from partition at offset 0x10000[0m
[0;32mI (191) boot: Disabling RNG early entropy source...[0m
[0;32mI (203) cpu_start: Multicore app[0m
[0;32mI (211) cpu_start: Pro cpu start user code[0m
[0;32mI (211) cpu_start: cpu freq: 160000000 Hz[0m
[0;32mI (211) app_init: Application information:[0m
[0;32mI (214) app_init: Project name:     i2c[0m
[0;32mI (218) app_init: App version:      68bd834-dirty[0m
[0;32mI (224) app_init: Compile time:     Dec 16 2024 12:33:06[0m
[0;32mI (230) app_init: ELF file SHA256:  d2fba9c46...[0m
[0;32mI (235) app_init: ESP-IDF:          v5.3.1[0m
[0;32mI (240) efuse_init: Min chip rev:     v0.0[0m
[0;32mI (245) efuse_init: Max chip rev:     v3.99 [0m
[0;32mI (250) efuse_init: Chip rev:         v3.1[0m
[0;32mI (255) heap_init: Initializing. RAM available for dynamic allocation:[0m
[0;32mI (262) heap_init: At 3FFAE6E0 len 00001920 (6 KiB): DRAM[0m
[0;32mI (268) heap_init: At 3FFB2C08 len 0002D3F8 (180 KiB): DRAM[0m
[0;32mI (274) heap_init: At 3FFE0440 len 00003AE0 (14 KiB): D/IRAM[0m
[0;32mI (280) heap_init: At 3FFE4350 len 0001BCB0 (111 KiB): D/IRAM[0m
[0;32mI (287) heap_init: At 4008CA24 len 000135DC (77 KiB): IRAM[0m
[0;32mI (294) spi_flash: detected chip: generic[0m
[0;32mI (298) spi_flash: flash io: dio[0m
[0;33mW (301) spi_flash: Detected size(4096k) larger than the size in the binary image header(2048k). Using the size in the binary image header.[0m
[0;32mI (315) main_task: Started on CPU0[0m
[0;32mI (325) main_task: Calling app_main()[0m
[0;32mI (1325) SSD1306_t: AVG Reading: 1410.91, Decibel: 43.50dB[0m
[0;32mI (3325) SSD1306_t: AVG Reading: 1405.96, Decibel: 43.16dB[0m
[0;32mI (5325) SSD1306_t: AVG Reading: 1550.64, Decibel: 52.63dB[0m
[0;32mI (7325) SSD1306_t: AVG Reading: 1677.95, Decibel: 60.25dB[0m
[0;32mI (9325) SSD1306_t: AVG Reading: 1387.91, Decibel: 41.91dB[0m
[0;32mI (11325) SSD1306_t: AVG Reading: 2428.25, Decibel: 95.98dB[0m
[0;32mI (13325) SSD1306_t: AVG Reading: 2751.36, Decibel: 108.05dB[0m
[0;32mI (15325) SSD1306_t: AVG Reading: 2781.98, Decibel: 109.12dB[0m
[0;32mI (17325) SSD1306_t: AVG Reading: 1560.87, Decibel: 53.26dB[0m
[0;32mI (19325) SSD1306_t: AVG Reading: 1399.75, Decibel: 42.73dB[0m
[0;32mI (21325) SSD1306_t: AVG Reading: 1403.34, Decibel: 42.98dB[0m
[0;32mI (23325) SSD1306_t: AVG Reading: 1392.56, Decibel: 42.23dB[0m
[0;32mI (25325) SSD1306_t: AVG Reading: 1397.67, Decibel: 42.59dB[0m
[0;32mI (27325) SSD1306_t: AVG Reading: 1404.58, Decibel: 43.06dB[0m
[0;32mI (29325) SSD1306_t: AVG Reading: 1409.65, Decibel: 43.41dB[0m
[0;32mI (31325) SSD1306_t: AVG Reading: 1407.20, Decibel: 43.24dB[0m
[0;32mI (33325) SSD1306_t: AVG Reading: 1408.12, Decibel: 43.31dB[0m
[0;32mI (35325) SSD1306_t: AVG Reading: 1400.49, Decibel: 42.78dB[0m
[0;32mI (37325) SSD1306_t: AVG Reading: 1404.59, Decibel: 43.06dB[0m
[0;32mI (39325) SSD1306_t: AVG Reading: 1394.29, Decibel: 42.35dB[0m
[0;32mI (41325) SSD1306_t: AVG Reading: 1398.07, Decibel: 42.61dB[0m
[0;32mI (43325) SSD1306_t: AVG Reading: 1411.58, Decibel: 43.54dB[0m
[0;32mI (45325) SSD1306_t: AVG Reading: 1399.40, Decibel: 42.71dB[0m
[0;32mI (47325) SSD1306_t: AVG Reading: 1398.66, Decibel: 42.65dB[0m
[0;32mI (49325) SSD1306_t: AVG Reading: 1403.98, Decibel: 43.02dB[0m
[0;32mI (51325) SSD1306_t: AVG Reading: 1401.10, Decibel: 42.82dB[0m
[0;32mI (53325) SSD1306_t: AVG Reading: 1398.90, Decibel: 42.67dB[0m
[0;32mI (55325) SSD1306_t: AVG Reading: 1407.13, Decibel: 43.24dB[0m
[0;32mI (57325) SSD1306_t: AVG Reading: 1403.23, Decibel: 42.97dB[0m
