ets Jul 29 2019 12:21:46

rst:0x1 (POWERON_RESET),boot:0x13 (SPI_FAST_FLASH_BOOT)
configsip: 0, SPIWP:0xee
clk_drv:0x00,q_drv:0x00,d_drv:0x00,cs0_drv:0x00,hd_drv:0x00,wp_drv:0x00
mode:DIO, clock div:2
load:0x3fff0030,len:7176
load:0x40078000,len:15564
ho 0 tail 12 room 4
load:0x40080400,len:4
load:0x40080404,len:3904
entry 0x40080640
[0;32mI (31) boot: ESP-IDF v5.3.1 2nd stage bootloader[0m
[0;32mI (31) boot: compile time Oct 26 2024 14:46:20[0m
[0;32mI (31) boot: Multicore bootloader[0m
[0;32mI (35) boot: chip revision: v3.1[0m
[0;32mI (39) boot.esp32: SPI Speed      : 40MHz[0m
[0;32mI (44) boot.esp32: SPI Mode       : DIO[0m
[0;32mI (48) boot.esp32: SPI Flash Size : 2MB[0m
[0;32mI (53) boot: Enabling RNG early entropy source...[0m
[0;32mI (58) boot: Partition Table:[0m
[0;32mI (62) boot: ## Label            Usage          Type ST Offset   Length[0m
[0;32mI (69) boot:  0 nvs              WiFi data        01 02 00009000 00006000[0m
[0;32mI (77) boot:  1 phy_init         RF data          01 01 0000f000 00001000[0m
[0;32mI (84) boot:  2 factory          factory app      00 00 00010000 00100000[0m
[0;32mI (92) boot: End of partition table[0m
[0;32mI (96) esp_image: segment 0: paddr=00010020 vaddr=3f400020 size=251dch (152028) map[0m
[0;32mI (156) esp_image: segment 1: paddr=00035204 vaddr=3ffb0000 size=03fd8h ( 16344) load[0m
[0;32mI (163) esp_image: segment 2: paddr=000391e4 vaddr=40080000 size=06e34h ( 28212) load[0m
[0;32mI (174) esp_image: segment 3: paddr=00040020 vaddr=400d0020 size=a0fcch (659404) map[0m
[0;32mI (400) esp_image: segment 4: paddr=000e0ff4 vaddr=40086e34 size=106b4h ( 67252) load[0m
[0;32mI (438) boot: Loaded app from partition at offset 0x10000[0m
[0;32mI (439) boot: Disabling RNG early entropy source...[0m
[0;32mI (451) cpu_start: Multicore app[0m
[0;32mI (459) cpu_start: Pro cpu start user code[0m
[0;32mI (459) cpu_start: cpu freq: 160000000 Hz[0m
[0;32mI (459) app_init: Application information:[0m
[0;32mI (462) app_init: Project name:     wifi[0m
[0;32mI (466) app_init: App version:      a60de5b-dirty[0m
[0;32mI (472) app_init: Compile time:     Jan 16 2025 13:59:54[0m
[0;32mI (478) app_init: ELF file SHA256:  c8a3d280b...[0m
[0;32mI (483) app_init: ESP-IDF:          v5.3.1[0m
[0;32mI (488) efuse_init: Min chip rev:     v0.0[0m
[0;32mI (493) efuse_init: Max chip rev:     v3.99 [0m
[0;32mI (498) efuse_init: Chip rev:         v3.1[0m
[0;32mI (503) heap_init: Initializing. RAM available for dynamic allocation:[0m
[0;32mI (510) heap_init: At 3FFAE6E0 len 00001920 (6 KiB): DRAM[0m
[0;32mI (516) heap_init: At 3FFB8828 len 000277D8 (157 KiB): DRAM[0m
[0;32mI (522) heap_init: At 3FFE0440 len 00003AE0 (14 KiB): D/IRAM[0m
[0;32mI (528) heap_init: At 3FFE4350 len 0001BCB0 (111 KiB): D/IRAM[0m
[0;32mI (535) heap_init: At 400974E8 len 00008B18 (34 KiB): IRAM[0m
[0;32mI (543) spi_flash: detected chip: generic[0m
[0;32mI (546) spi_flash: flash io: dio[0m
[0;33mW (550) spi_flash: Detected size(4096k) larger than the size in the binary image header(2048k). Using the size in the binary image header.[0m
[0;32mI (564) main_task: Started on CPU0[0m
[0;32mI (574) main_task: Calling app_main()[0m
[0;32mI (604) wifi:wifi driver task: 3ffc1978, prio:23, stack:6656, core=0[0m
[0;32mI (614) wifi:wifi firmware version: ccaebfa[0m
[0;32mI (614) wifi:wifi certification version: v7.0[0m
[0;32mI (614) wifi:config NVS flash: enabled[0m
[0;32mI (614) wifi:config nano formating: disabled[0m
[0;32mI (614) wifi:Init data frame dynamic rx buffer num: 32[0m
[0;32mI (624) wifi:Init static rx mgmt buffer num: 5[0m
[0;32mI (624) wifi:Init management short buffer num: 32[0m
[0;32mI (634) wifi:Init dynamic tx buffer num: 32[0m
[0;32mI (634) wifi:Init static rx buffer size: 1600[0m
[0;32mI (644) wifi:Init static rx buffer num: 10[0m
[0;32mI (644) wifi:Init dynamic rx buffer num: 32[0m
[0;32mI (644) wifi_init: rx ba win: 6[0m
[0;32mI (654) wifi_init: accept mbox: 6[0m
[0;32mI (654) wifi_init: tcpip mbox: 32[0m
[0;32mI (654) wifi_init: udp mbox: 6[0m
[0;32mI (664) wifi_init: tcp mbox: 6[0m
[0;32mI (664) wifi_init: tcp tx win: 5760[0m
[0;32mI (674) wifi_init: tcp rx win: 5760[0m
[0;32mI (674) wifi_init: tcp mss: 1440[0m
[0;32mI (674) wifi_init: WiFi IRAM OP enabled[0m
[0;32mI (684) wifi_init: WiFi RX IRAM OP enabled[0m
[0;32mI (684) noise_detector: Current SSID: MyNET_Fiber_5385[0m
[0;32mI (694) noise_detector: Current password: 1234[0m
[0;32mI (704) phy_init: phy_version 4830,54550f7,Jun 20 2024,14:22:08[0m
witam[0;31mE (794) FreeRTOS: FreeRTOS Task "blink_led" should not return, Aborting now![0m

abort() was called at PC 0x4008a03c on core 1


Backtrace: 0x40081a4e:0x3ffbcef0 0x40089509:0x3ffbcf10 0x4009116d:0x3ffbcf30 0x4008a03c:0x3ffbcfa0




ELF file SHA256: c8a3d280b

Rebooting...
ets Jul 29 2019 12:21:46

rst:0xc (SW_CPU_RESET),boot:0x13 (SPI_FAST_FLASH_BOOT)
configsip: 0, SPIWP:0xee
clk_drv:0x00,q_drv:0x00,d_drv:0x00,cs0_drv:0x00,hd_drv:0x00,wp_drv:0x00
mode:DIO, clock div:2
load:0x3fff0030,len:7176
load:0x40078000,len:15564
ho 0 tail 12 room 4
load:0x40080400,len:4
load:0x40080404,len:3904
entry 0x40080640
[0;32mI (31) boot: ESP-IDF v5.3.1 2nd stage bootloader[0m
[0;32mI (31) boot: compile time Oct 26 2024 14:46:20[0m
[0;32mI (31) boot: Multicore bootloader[0m
[0;32mI (35) boot: chip revision: v3.1[0m
[0;32mI (39) boot.esp32: SPI Speed      : 40MHz[0m
[0;32mI (44) boot.esp32: SPI Mode       : DIO[0m
[0;32mI (48) boot.esp32: SPI Flash Size : 2MB[0m
[0;32mI (53) boot: Enabling RNG early entropy source...[0m
[0;32mI (58) boot: Partition Table:[0m
[0;32mI (62) boot: ## Label            Usage          Type ST Offset   Length[0m
[0;32mI (69) boot:  0 nvs              WiFi data        01 02 00009000 00006000[0m
[0;32mI (77) boot:  1 phy_init         RF data          01 01 0000f000 00001000[0m
[0;32mI (84) boot:  2 factory          factory app      00 00 00010000 00100000[0m
[0;32mI (92) boot: End of partition table[0m
[0;32mI (96) esp_image: segment 0: paddr=00010020 vaddr=3f400020 size=251dch (152028) map[0m
[0;32mI (156) esp_image: segment 1: paddr=00035204 vaddr=3ffb0000 size=03fd8h ( 16344) load[0m
[0;32mI (163) esp_image: segment 2: paddr=000391e4 vaddr=40080000 size=06e34h ( 28212) load[0m
[0;32mI (174) esp_image: segment 3: paddr=00040020 vaddr=400d0020 size=a0fcch (659404) map[0m
[0;32mI (400) esp_image: segment 4: paddr=000e0ff4 vaddr=40086e34 size=106b4h ( 67252) load[0m
[0;32mI (438) boot: Loaded app from partition at offset 0x10000[0m
[0;32mI (438) boot: Disabling RNG early entropy source...[0m
[0;32mI (450) cpu_start: Multicore app[0m
[0;32mI (459) cpu_start: Pro cpu start user code[0m
[0;32mI (459) cpu_start: cpu freq: 160000000 Hz[0m
[0;32mI (459) app_init: Application information:[0m
[0;32mI (462) app_init: Project name:     wifi[0m
[0;32mI (466) app_init: App version:      a60de5b-dirty[0m
[0;32mI (472) app_init: Compile time:     Jan 16 2025 13:59:54[0m
[0;32mI (478) app_init: ELF file SHA256:  c8a3d280b...[0m
[0;32mI (483) app_init: ESP-IDF:          v5.3.1[0m
[0;32mI (488) efuse_init: Min chip rev:     v0.0[0m
[0;32mI (492) efuse_init: Max chip rev:     v3.99 [0m
[0;32mI (497) efuse_init: Chip rev:         v3.1[0m
[0;32mI (503) heap_init: Initializing. RAM available for dynamic allocation:[0m
[0;32mI (510) heap_init: At 3FFAE6E0 len 00001920 (6 KiB): DRAM[0m
[0;32mI (516) heap_init: At 3FFB8828 len 000277D8 (157 KiB): DRAM[0m
[0;32mI (522) heap_init: At 3FFE0440 len 00003AE0 (14 KiB): D/IRAM[0m
[0;32mI (528) heap_init: At 3FFE4350 len 0001BCB0 (111 KiB): D/IRAM[0m
[0;32mI (535) heap_init: At 400974E8 len 00008B18 (34 KiB): IRAM[0m
[0;32mI (542) spi_flash: detected chip: generic[0m
[0;32mI (545) spi_flash: flash io: dio[0m
[0;33mW (549) spi_flash: Detected size(4096k) larger than the size in the binary image header(2048k). Using the size in the binary image header.[0m
[0;32mI (563) main_task: Started on CPU0[0m
[0;32mI (573) main_task: Calling app_main()[0m
[0;32mI (603) wifi:wifi driver task: 3ffc1978, prio:23, stack:6656, core=0[0m
[0;32mI (613) wifi:wifi firmware version: ccaebfa[0m
[0;32mI (613) wifi:wifi certification version: v7.0[0m
[0;32mI (613) wifi:config NVS flash: enabled[0m
[0;32mI (613) wifi:config nano formating: disabled[0m
[0;32mI (613) wifi:Init data frame dynamic rx buffer num: 32[0m
[0;32mI (623) wifi:Init static rx mgmt buffer num: 5[0m
[0;32mI (623) wifi:Init management short buffer num: 32[0m
[0;32mI (633) wifi:Init dynamic tx buffer num: 32[0m
[0;32mI (633) wifi:Init static rx buffer size: 1600[0m
[0;32mI (643) wifi:Init static rx buffer num: 10[0m
[0;32mI (643) wifi:Init dynamic rx buffer num: 32[0m
[0;32mI (643) wifi_init: rx ba win: 6[0m
[0;32mI (653) wifi_init: accept mbox: 6[0m
[0;32mI (653) wifi_init: tcpip mbox: 32[0m
[0;32mI (653) wifi_init: udp mbox: 6[0m
[0;32mI (663) wifi_init: tcp mbox: 6[0m
[0;32mI (663) wifi_init: tcp tx win: 5760[0m
[0;32mI (673) wifi_init: tcp rx win: 5760[0m
[0;32mI (673) wifi_init: tcp mss: 1440[0m
[0;32mI (673) wifi_init: WiFi IRAM OP enabled[0m
[0;32mI (683) wifi_init: WiFi RX IRAM OP enabled[0m
[0;32mI (683) noise_detector: Current SSID: MyNET_Fiber_5385[0m
[0;32mI (693) noise_detector: Current password: 1234[0m
[0;32mI (703) phy_init: phy_version 4830,54550f7,Jun 20 2024,14:22:08[0m
witam[0;31mE (793) FreeRTOS: FreeRTOS Task "blink_led" should not return, Aborting now![0m

abort() was called at PC 0x4008a03c on core 1


Backtrace: 0x40081a4e:0x3ffbcef0 0x40089509:0x3ffbcf10 0x4009116d:0x3ffbcf30 0x4008a03c:0x3ffbcfa0




ELF file SHA256: c8a3d280b

Rebooting...
ets Jul 29 2019 12:21:46

rst:0xc (SW_CPU_RESET),boot:0x13 (SPI_FAST_FLASH_BOOT)
configsip: 0, SPIWP:0xee
clk_drv:0x00,q_drv:0x00,d_drv:0x00,cs0_drv:0x00,hd_drv:0x00,wp_drv:0x00
mode:DIO, clock div:2
load:0x3fff0030,len:7176
load:0x40078000,len:15564
ho 0 tail 12 room 4
load:0x40080400,len:4
load:0x40080404,len:3904
entry 0x40080640
[0;32mI (31) boot: ESP-IDF v5.3.1 2nd stage bootloader[0m
[0;32mI (31) boot: compile time Oct 26 2024 14:46:20[0m
[0;32mI (31) boot: Multicore bootloader[0m
[0;32mI (35) boot: chip revision: v3.1[0m
[0;32mI (39) boot.esp32: SPI Speed      : 40MHz[0m
[0;32mI (44) boot.esp32: SPI Mode       : DIO[0m
[0;32mI (48) boot.esp32: SPI Flash Size : 2MB[0m
[0;32mI (53) boot: Enabling RNG early entropy source...[0m
[0;32mI (58) boot: Partition Table:[0m
[0;32mI (62) boot: ## Label            Usage          Type ST Offset   Length[0m
[0;32mI (69) boot:  0 nvs              WiFi data        01 02 00009000 00006000[0m
[0;32mI (77) boot:  1 phy_init         RF data          01 01 0000f000 00001000[0m
[0;32mI (84) boot:  2 factory          factory app      00 00 00010000 00100000[0m
[0;32mI (92) boot: End of partition table[0m
[0;32mI (96) esp_image: segment 0: paddr=00010020 vaddr=3f400020 size=251dch (152028) map[0m
[0;32mI (156) esp_image: segment 1: paddr=00035204 vaddr=3ffb0000 size=03fd8h ( 16344) load[0m
[0;32mI (163) esp_image: segment 2: paddr=000391e4 vaddr=40080000 size=06e34h ( 28212) load[0m
[0;32mI (174) esp_image: segment 3: paddr=00040020 vaddr=400d0020 size=a0fcch (659404) map[0m
[0;32mI (400) esp_image: segment 4: paddr=000e0ff4 vaddr=40086e34 size=106b4h ( 67252) load[0m
[0;32mI (438) boot: Loaded app from partition at offset 0x10000[0m
[0;32mI (438) boot: Disabling RNG early entropy source...[0m
[0;32mI (450) cpu_start: Multicore app[0m
[0;32mI (459) cpu_start: Pro cpu start user code[0m
[0;32mI (459) cpu_start: cpu freq: 160000000 Hz[0m
[0;32mI (459) app_init: Application information:[0m
[0;32mI (462) app_init: Project name:     wifi[0m
[0;32mI (466) app_init: App version:      a60de5b-dirty[0m
[0;32mI (472) app_init: Compile time:     Jan 16 2025 13:59:54[0m
[0;32mI (478) app_init: ELF file SHA256:  c8a3d280b...[0m
[0;32mI (483) app_init: ESP-IDF:          v5.3.1[0m
[0;32mI (488) efuse_init: Min chip rev:     v0.0[0m
[0;32mI (493) efuse_init: Max chip rev:     v3.99 [0m
[0;32mI (497) efuse_init: Chip rev:         v3.1[0m
[0;32mI (503) heap_init: Initializing. RAM available for dynamic allocation:[0m
[0;32mI (510) heap_init: At 3FFAE6E0 len 00001920 (6 KiB): DRAM[0m
[0;32mI (516) heap_init: At 3FFB8828 len 000277D8 (157 KiB): DRAM[0m
[0;32mI (522) heap_init: At 3FFE0440 len 00003AE0 (14 KiB): D/IRAM[0m
[0;32mI (528) heap_init: At 3FFE4350 len 0001BCB0 (111 KiB): D/IRAM[0m
[0;32mI (535) heap_init: At 400974E8 len 00008B18 (34 KiB): IRAM[0m
[0;32mI (542) spi_flash: detected chip: generic[0m
[0;32mI (545) spi_flash: flash io: dio[0m
[0;33mW (549) spi_flash: Detected size(4096k) larger than the size in the binary image header(2048k). Using the size in the binary image header.[0m
[0;32mI (563) main_task: Started on CPU0[0m
[0;32mI (573) main_task: Calling app_main()[0m
[0;32mI (603) wifi:wifi driver task: 3ffc1978, prio:23, stack:6656, core=0[0m
[0;32mI (613) wifi:wifi firmware version: ccaebfa[0m
[0;32mI (613) wifi:wifi certification version: v7.0[0m
[0;32mI (613) wifi:config NVS flash: enabled[0m
[0;32mI (613) wifi:config nano formating: disabled[0m
[0;32mI (613) wifi:Init data frame dynamic rx buffer num: 32[0m
[0;32mI (623) wifi:Init static rx mgmt buffer num: 5[0m
[0;32mI (623) wifi:Init management short buffer num: 32[0m
[0;32mI (633) wifi:Init dynamic tx buffer num: 32[0m
[0;32mI (633) wifi:Init static rx buffer size: 1600[0m
[0;32mI (643) wifi:Init static rx buffer num: 10[0m
[0;32mI (643) wifi:Init dynamic rx buffer num: 32[0m
[0;32mI (643) wifi_init: rx ba win: 6[0m
[0;32mI (653) wifi_init: accept mbox: 6[0m
[0;32mI (653) wifi_init: tcpip mbox: 32[0m
[0;32mI (653) wifi_init: udp mbox: 6[0m
[0;32mI (663) wifi_init: tcp mbox: 6[0m
[0;32mI (663) wifi_init: tcp tx win: 5760[0m
[0;32mI (673) wifi_init: tcp rx win: 5760[0m
[0;32mI (673) wifi_init: tcp mss: 1440[0m
[0;32mI (673) wifi_init: WiFi IRAM OP enabled[0m
[0;32mI (683) wifi_init: WiFi RX IRAM OP enabled[0m
[0;32mI (683) noise_detector: Current SSID: MyNET_Fiber_5385[0m
[0;32mI (693) noise_detector: Current password: 1234[0m
[0;32mI (703) phy_init: phy_version 4830,54550f7,Jun 20 2024,14:22:08[0m
witam[0;31mE (793) FreeRTOS: FreeRTOS Task "blink_led" should not return, Aborting now![0m

abort() was called at PC 0x4008a03c on core 1


Backtrace: 0x40081a4e:0x3ffbcef0 0x40089509:0x3ffbcf10 0x4009116d:0x3ffbcf30 0x4008a03c:0x3ffbcfa0




ELF file SHA256: c8a3d280b

Rebooting...
ets Jul 29 2019 12:21:46

rst:0xc (SW_CPU_RESET),boot:0x13 (SPI_FAST_FLASH_BOOT)
configsip: 0, SPIWP:0xee
clk_drv:0x00,q_drv:0x00,d_drv:0x00,cs0_drv:0x00,hd_drv:0x00,wp_drv:0x00
mode:DIO, clock div:2
load:0x3fff0030,len:7176
load:0x40078000,len:15564
ho 0 tail 12 room 4
load:0x40080400,len:4
load:0x40080404,len:3904
entry 0x40080640
[0;32mI (31) boot: ESP-IDF v5.3.1 2nd stage bootloader[0m
[0;32mI (31) boot: compile time Oct 26 2024 14:46:20[0m
[0;32mI (31) boot: Multicore bootloader[0m
[0;32mI (35) boot: chip revision: v3.1[0m
[0;32mI (39) boot.esp32: SPI Speed      : 40MHz[0m
[0;32mI (44) boot.esp32: SPI Mode       : DIO[0m
[0;32mI (48) boot.esp32: SPI Flash Size : 2MB[0m
[0;32mI (53) boot: Enabling RNG early entropy source...[0m
[0;32mI (58) boot: Partition Table:[0m
[0;32mI (62) boot: ## Label            Usage          Type ST Offset   Length[0m
[0;32mI (69) boot:  0 nvs              WiFi data        01 02 00009000 00006000[0m
[0;32mI (77) boot:  1 phy_init         RF data          01 01 0000f000 00001000[0m
[0;32mI (84) boot:  2 factory          factory app      00 00 00010000 00100000[0m
[0;32mI (92) boot: End of partition table[0m
[0;32mI (96) esp_image: segment 0: paddr=00010020 vaddr=3f400020 size=251dch (152028) map[0m
[0;32mI (156) esp_image: segment 1: paddr=00035204 vaddr=3ffb0000 size=03fd8h ( 16344) load[0m
[0;32mI (163) esp_image: segment 2: paddr=000391e4 vaddr=40080000 size=06e34h ( 28212) load[0m
[0;32mI (174) esp_image: segment 3: paddr=00040020 vaddr=400d0020 size=a0fcch (659404) map[0m
[0;32mI (400) esp_image: segment 4: paddr=000e0ff4 vaddr=40086e34 size=106b4h ( 67252) load[0m
[0;32mI (438) boot: Loaded app from partition at offset 0x10000[0m
[0;32mI (438) boot: Disabling RNG early entropy source...[0m
[0;32mI (450) cpu_start: Multicore app[0m
[0;32mI (459) cpu_start: Pro cpu start user code[0m
[0;32mI (459) cpu_start: cpu freq: 160000000 Hz[0m
[0;32mI (459) app_init: Application information:[0m
[0;32mI (462) app_init: Project name:     wifi[0m
[0;32mI (466) app_init: App version:      a60de5b-dirty[0m
[0;32mI (472) app_init: Compile time:     Jan 16 2025 13:59:54[0m
[0;32mI (478) app_init: ELF file SHA256:  c8a3d280b...[0m
[0;32mI (483) app_init: ESP-IDF:          v5.3.1[0m
[0;32mI (488) efuse_init: Min chip rev:     v0.0[0m
[0;32mI (492) efuse_init: Max chip rev:     v3.99 [0m
[0;32mI (497) efuse_init: Chip rev:         v3.1[0m
[0;32mI (503) heap_init: Initializing. RAM available for dynamic allocation:[0m
[0;32mI (510) heap_init: At 3FFAE6E0 len 00001920 (6 KiB): DRAM[0m
[0;32mI (516) heap_init: At 3FFB8828 len 000277D8 (157 KiB): DRAM[0m
[0;32mI (522) heap_init: At 3FFE0440 len 00003AE0 (14 KiB): D/IRAM[0m
[0;32mI (528) heap_init: At 3FFE4350 len 0001BCB0 (111 KiB): D/IRAM[0m
[0;32mI (535) heap_init: At 400974E8 len 00008B18 (34 KiB): IRAM[0m
[0;32mI (542) spi_flash: detected chip: generic[0m
[0;32mI (545) spi_flash: flash io: dio[0m
[0;33mW (549) spi_flash: Detected size(4096k) larger than the size in the binary image header(2048k). Using the size in the binary image header.[0m
[0;32mI (563) main_task: Started on CPU0[0m
[0;32mI (573) main_task: Calling app_main()[0m
[0;32mI (603) wifi:wifi driver task: 3ffc1978, prio:23, stack:6656, core=0[0m
[0;32mI (613) wifi:wifi firmware version: ccaebfa[0m
[0;32mI (613) wifi:wifi certification version: v7.0[0m
[0;32mI (613) wifi:config NVS flash: enabled[0m
[0;32mI (613) wifi:config nano formating: disabled[0m
[0;32mI (613) wifi:Init data frame dynamic rx buffer num: 32[0m
[0;32mI (623) wifi:Init static rx mgmt buffer num: 5[0m
[0;32mI (623) wifi:Init management short buffer num: 32[0m
[0;32mI (633) wifi:Init dynamic tx buffer num: 32[0m
[0;32mI (633) wifi:Init static rx buffer size: 1600[0m
[0;32mI (643) wifi:Init static rx buffer num: 10[0m
[0;32mI (643) wifi:Init dynamic rx buffer num: 32[0m
[0;32mI (643) wifi_init: rx ba win: 6[0m
[0;32mI (653) wifi_init: accept mbox: 6[0m
[0;32mI (653) wifi_init: tcpip mbox: 32[0m
[0;32mI (653) wifi_init: udp mbox: 6[0m
[0;32mI (663) wifi_init: tcp mbox: 6[0m
[0;32mI (663) wifi_init: tcp tx win: 5760[0m
[0;32mI (673) wifi_init: tcp rx win: 5760[0m
[0;32mI (673) wifi_init: tcp mss: 1440[0m
[0;32mI (673) wifi_init: WiFi IRAM OP enabled[0m
[0;32mI (683) wifi_init: WiFi RX IRAM OP enabled[0m
[0;32mI (683) noise_detector: Current SSID: MyNET_Fiber_5385[0m
[0;32mI (693) noise_detector: Current password: 1234[0m
[0;32mI (703) phy_init: phy_version 4830,54550f7,Jun 20 2024,14:22:08[0m
witam[0;31mE (793) FreeRTOS: FreeRTOS Task "blink_led" should not return, Aborting now![0m

abort() was called at PC 0x4008a03c on core 1


Backtrace: 0x40081a4e:0x3ffbcef0 0x40089509:0x3ffbcf10 0x4009116d:0x3ffbcf30 0x4008a03c:0x3ffbcfa0




ELF file SHA256: c8a3d280b

Rebooting...
ets Jul 29 2019 12:21:46

rst:0xc (SW_CPU_RESET),boot:0x13 (SPI_FAST_FLASH_BOOT)
configsip: 0, SPIWP:0xee
clk_drv:0x00,q_drv:0x00,d_drv:0x00,cs0_drv:0x00,hd_drv:0x00,wp_drv:0x00
mode:DIO, clock div:2
load:0x3fff0030,len:7176
load:0x40078000,len:15564
ho 0 tail 12 room 4
load:0x40080400,len:4
load:0x40080404,len:3904
entry 0x40080640
[0;32mI (31) boot: ESP-IDF v5.3.1 2nd stage bootloader[0m
[0;32mI (31) boot: compile time Oct 26 2024 14:46:20[0m
[0;32mI (31) boot: Multicore bootloader[0m
[0;32mI (35) boot: chip revision: v3.1[0m
[0;32mI (39) boot.esp32: SPI Speed      : 40MHz[0m
[0;32mI (44) boot.esp32: SPI Mode       : DIO[0m
[0;32mI (48) boot.esp32: SPI Flash Size : 2MB[0m
[0;32mI (53) boot: Enabling RNG early entropy source...[0m
[0;32mI (58) boot: Partition Table:[0m
[0;32mI (62) boot: ## Label            Usage          Type ST Offset   Length[0m
[0;32mI (69) boot:  0 nvs              WiFi data        01 02 00009000 00006000[0m
[0;32mI (77) boot:  1 phy_init         RF data          01 01 0000f000 00001000[0m
[0;32mI (84) boot:  2 factory          factory app      00 00 00010000 00100000[0m
[0;32mI (92) boot: End of partition table[0m
[0;32mI (96) esp_image: segment 0: paddr=00010020 vaddr=3f400020 size=251dch (152028) map[0m
[0;32mI (156) esp_image: segment 1: paddr=00035204 vaddr=3ffb0000 size=03fd8h ( 16344) load[0m
[0;32mI (163) esp_image: segment 2: paddr=000391e4 vaddr=40080000 size=06e34h ( 28212) load[0m
[0;32mI (174) esp_image: segment 3: paddr=00040020 vaddr=400d0020 size=a0fcch (659404) map[0m
[0;32mI (400) esp_image: segment 4: paddr=000e0ff4 vaddr=40086e34 size=106b4h ( 67252) load[0m
[0;32mI (438) boot: Loaded app from partition at offset 0x10000[0m
[0;32mI (438) boot: Disabling RNG early entropy source...[0m
[0;32mI (450) cpu_start: Multicore app[0m
[0;32mI (459) cpu_start: Pro cpu start user code[0m
[0;32mI (459) cpu_start: cpu freq: 160000000 Hz[0m
[0;32mI (459) app_init: Application information:[0m
[0;32mI (462) app_init: Project name:     wifi[0m
[0;32mI (466) app_init: App version:      a60de5b-dirty[0m
[0;32mI (472) app_init: Compile time:     Jan 16 2025 13:59:54[0m
[0;32mI (478) app_init: ELF file SHA256:  c8a3d280b...[0m
[0;32mI (483) app_init: ESP-IDF:          v5.3.1[0m
[0;32mI (488) efuse_init: Min chip rev:     v0.0[0m
[0;32mI (492) efuse_init: Max chip rev:     v3.99 [0m
[0;32mI (497) efuse_init: Chip rev:         v3.1[0m
[0;32mI (503) heap_init: Initializing. RAM available for dynamic allocation:[0m
[0;32mI (510) heap_init: At 3FFAE6E0 len 00001920 (6 KiB): DRAM[0m
[0;32mI (516) heap_init: At 3FFB8828 len 000277D8 (157 KiB): DRAM[0m
[0;32mI (522) heap_init: At 3FFE0440 len 00003AE0 (14 KiB): D/IRAM[0m
[0;32mI (528) heap_init: At 3FFE4350 len 0001BCB0 (111 KiB): D/IRAM[0m
[0;32mI (535) heap_init: At 400974E8 len 00008B18 (34 KiB): IRAM[0m
[0;32mI (542) spi_flash: detected chip: generic[0m
[0;32mI (545) spi_flash: flash io: dio[0m
[0;33mW (549) spi_flash: Detected size(4096k) larger than the size in the binary image header(2048k). Using the size in the binary image header.[0m
[0;32mI (563) main_task: Started on CPU0[0m
[0;32mI (573) main_task: Calling app_main()[0m
[0;32mI (603) wifi:wifi driver task: 3ffc1978, prio:23, stack:6656, core=0[0m
[0;32mI (613) wifi:wifi firmware version: ccaebfa[0m
[0;32mI (613) wifi:wifi certification version: v7.0[0m
[0;32mI (613) wifi:config NVS flash: enabled[0m
[0;32mI (613) wifi:config nano formating: disabled[0m
[0;32mI (613) wifi:Init data frame dynamic rx buffer num: 32[0m
[0;32mI (623) wifi:Init static rx mgmt buffer num: 5[0m
[0;32mI (623) wifi:Init management short buffer num: 32[0m
[0;32mI (633) wifi:Init dynamic tx buffer num: 32[0m
[0;32mI (633) wifi:Init static rx buffer size: 1600[0m
[0;32mI (643) wifi:Init static rx buffer num: 10[0m
[0;32mI (643) wifi:Init dynamic rx buffer num: 32[0m
[0;32mI (643) wifi_init: rx ba win: 6[0m
[0;32mI (653) wifi_init: accept mbox: 6[0m
[0;32mI (653) wifi_init: tcpip mbox: 32[0m
[0;32mI (653) wifi_init: udp mbox: 6[0m
[0;32mI (663) wifi_init: tcp mbox: 6[0m
[0;32mI (663) wifi_init: tcp tx win: 5760[0m
[0;32mI (673) wifi_init: tcp rx win: 5760[0m
[0;32mI (673) wifi_init: tcp mss: 1440[0m
[0;32mI (673) wifi_init: WiFi IRAM OP enabled[0m
[0;32mI (683) wifi_init: WiFi RX IRAM OP enabled[0m
[0;32mI (683) noise_detector: Current SSID: MyNET_Fiber_5385[0m
[0;32mI (693) noise_detector: Current password: 1234[0m
[0;32mI (703) phy_init: phy_version 4830,54550f7,Jun 20 2024,14:22:08[0m
witam[0;31mE (793) FreeRTOS: FreeRTOS Task "blink_led" should not return, Aborting now![0m

abort() was called at PC 0x4008a03c on core 1


Backtrace: 0x40081a4e:0x3ffbcef0 0x40089509:0x3ffbcf10 0x4009116d:0x3ffbcf30 0x4008a03c:0x3ffbcfa0




ELF file SHA256: c8a3d280b

Rebooting...
ets Jul 29 2019 12:21:46

rst:0xc (SW_CPU_RESET),boot:0x13 (SPI_FAST_FLASH_BOOT)
configsip: 0, SPIWP:0xee
clk_drv:0x00,q_drv:0x00,d_drv:0x00,cs0_drv:0x00,hd_drv:0x00,wp_drv:0x00
mode:DIO, clock div:2
load:0x3fff0030,len:7176
load:0x40078000,len:15564
ho 0 tail 12 room 4
load:0x40080400,len:4
load:0x40080404,len:3904
entry 0x40080640
[0;32mI (31) boot: ESP-IDF v5.3.1 2nd stage bootloader[0m
[0;32mI (31) boot: compile time Oct 26 2024 14:46:20[0m
[0;32mI (31) boot: Multicore bootloader[0m
[0;32mI (35) boot: chip revision: v3.1[0m
[0;32mI (39) boot.esp32: SPI Speed      : 40MHz[0m
[0;32mI (44) boot.esp32: SPI Mode       : DIO[0m
[0;32mI (48) boot.esp32: SPI Flash Size : 2MB[0m
[0;32mI (53) boot: Enabling RNG early entropy source...[0m
[0;32mI (58) boot: Partition Table:[0m
[0;32mI (62) boot: ## Label            Usage          Type ST Offset   Length[0m
[0;32mI (69) boot:  0 nvs              WiFi data        01 02 00009000 00006000[0m
[0;32mI (77) boot:  1 phy_init         RF data          01 01 0000f000 00001000[0m
[0;32mI (84) boot:  2 factory          factory app      00 00 00010000 00100000[0m
[0;32mI (92) boot: End of partition table[0m
[0;32mI (96) esp_image: segment 0: paddr=00010020 vaddr=3f400020 size=251dch (152028) map[0m
[0;32mI (156) esp_image: segment 1: paddr=00035204 vaddr=3ffb0000 size=03fd8h ( 16344) load[0m
[0;32mI (163) esp_image: segment 2: paddr=000391e4 vaddr=40080000 size=06e34h ( 28212) load[0m
[0;32mI (174) esp_image: segment 3: paddr=00040020 vaddr=400d0020 size=a0fcch (659404) map[0m
[0;32mI (400) esp_image: segment 4: paddr=000e0ff4 vaddr=40086e34 size=106b4h ( 67252) load[0m
[0;32mI (438) boot: Loaded app from partition at offset 0x10000[0m
[0;32mI (438) boot: Disabling RNG early entropy source...[0m
[0;32mI (450) cpu_start: Multicore app[0m
[0;32mI (459) cpu_start: Pro cpu start user code[0m
[0;32mI (459) cpu_start: cpu freq: 160000000 Hz[0m
[0;32mI (459) app_init: Application information:[0m
[0;32mI (462) app_init: Project name:     wifi[0m
[0;32mI (466) app_init: App version:      a60de5b-dirty[0m
[0;32mI (472) app_init: Compile time:     Jan 16 2025 13:59:54[0m
[0;32mI (478) app_init: ELF file SHA256:  c8a3d280b...[0m
[0;32mI (483) app_init: ESP-IDF:          v5.3.1[0m
[0;32mI (488) efuse_init: Min chip rev:     v0.0[0m
[0;32mI (492) efuse_init: Max chip rev:     v3.99 [0m
[0;32mI (497) efuse_init: Chip rev:         v3.1[0m
[0;32mI (503) heap_init: Initializing. RAM available for dynamic allocation:[0m
[0;32mI (510) heap_init: At 3FFAE6E0 len 00001920 (6 KiB): DRAM[0m
[0;32mI (516) heap_init: At 3FFB8828 len 000277D8 (157 KiB): DRAM[0m
[0;32mI (522) heap_init: At 3FFE0440 len 00003AE0 (14 KiB): D/IRAM[0m
[0;32mI (528) heap_init: At 3FFE4350 len 0001BCB0 (111 KiB): D/IRAM[0m
[0;32mI (535) heap_init: At 400974E8 len 00008B18 (34 KiB): IRAM[0m
[0;32mI (542) spi_flash: detected chip: generic[0m
[0;32mI (545) spi_flash: flash io: dio[0m
[0;33mW (549) spi_flash: Detected size(4096k) larger than the size in the binary image header(2048k). Using the size in the binary image header.[0m
[0;32mI (563) main_task: Started on CPU0[0m
[0;32mI (573) main_task: Calling app_main()[0m
[0;32mI (603) wifi:wifi driver task: 3ffc1978, prio:23, stack:6656, core=0[0m
[0;32mI (613) wifi:wifi firmware version: ccaebfa[0m
[0;32mI (613) wifi:wifi certification version: v7.0[0m
[0;32mI (613) wifi:config NVS flash: enabled[0m
[0;32mI (613) wifi:config nano formating: disabled[0m
[0;32mI (613) wifi:Init data frame dynamic rx buffer num: 32[0m
[0;32mI (623) wifi:Init static rx mgmt buffer num: 5[0m
[0;32mI (623) wifi:Init management short buffer num: 32[0m
[0;32mI (633) wifi:Init dynamic tx buffer num: 32[0m
[0;32mI (633) wifi:Init static rx buffer size: 1600[0m
[0;32mI (643) wifi:Init static rx buffer num: 10[0m
[0;32mI (643) wifi:Init dynamic rx buffer num: 32[0m
[0;32mI (643) wifi_init: rx ba win: 6[0m
[0;32mI (653) wifi_init: accept mbox: 6[0m
[0;32mI (653) wifi_init: tcpip mbox: 32[0m
[0;32mI (653) wifi_init: udp mbox: 6[0m
[0;32mI (663) wifi_init: tcp mbox: 6[0m
[0;32mI (663) wifi_init: tcp tx win: 5760[0m
[0;32mI (673) wifi_init: tcp rx win: 5760[0m
[0;32mI (673) wifi_init: tcp mss: 1440[0m
[0;32mI (673) wifi_init: WiFi IRAM OP enabled[0m
[0;32mI (683) wifi_init: WiFi RX IRAM OP enabled[0m
[0;32mI (683) noise_detector: Current SSID: MyNET_Fiber_5385[0m
[0;32mI (693) noise_detector: Current password: 1234[0m
[0;32mI (703) phy_init: phy_version 4830,54550f7,Jun 20 2024,14:22:08[0m
witam[0;31mE (793) FreeRTOS: FreeRTOS Task "blink_led" should not return, Aborting now![0m

abort() was called at PC 0x4008a03c on core 1


Backtrace: 0x40081a4e:0x3ffbcef0 0x40089509:0x3ffbcf10 0x4009116d:0x3ffbcf30 0x4008a03c:0x3ffbcfa0




ELF file SHA256: c8a3d280b

Rebooting...
ets Jul 29 2019 12:21:46

rst:0xc (SW_CPU_RESET),boot:0x13 (SPI_FAST_FLASH_BOOT)
configsip: 0, SPIWP:0xee
clk_drv:0x00,q_drv:0x00,d_drv:0x00,cs0_drv:0x00,hd_drv:0x00,wp_drv:0x00
mode:DIO, clock div:2
load:0x3fff0030,len:7176
load:0x40078000,len:15564
ho 0 tail 12 room 4
load:0x40080400,len:4
load:0x40080404,len:3904
entry 0x40080640
[0;32mI (31) boot: ESP-IDF v5.3.1 2nd stage bootloader[0m
[0;32mI (31) boot: compile time Oct 26 2024 14:46:20[0m
[0;32mI (31) boot: Multicore bootloader[0m
[0;32mI (35) boot: chip revision: v3.1[0m
[0;32mI (39) boot.esp32: SPI Speed      : 40MHz[0m
[0;32mI (44) boot.esp32: SPI Mode       : DIO[0m
[0;32mI (48) boot.esp32: SPI Flash Size : 2MB[0m
[0;32mI (53) boot: Enabling RNG early entropy source...[0m
[0;32mI (58) boot: Partition Table:[0m
[0;32mI (62) boot: ## Label            Usage          Type ST Offset   Length[0m
[0;32mI (69) boot:  0 nvs              WiFi data        01 02 00009000 00006000[0m
[0;32mI (77) boot:  1 phy_init         RF data          01 01 0000f000 00001000[0m
[0;32mI (84) boot:  2 factory          factory app      00 00 00010000 00100000[0m
[0;32mI (92) boot: End of partition table[0m
[0;32mI (96) esp_image: segment 0: paddr=00010020 vaddr=3f400020 size=251dch (152028) map[0m
[0;32mI (156) esp_image: segment 1: paddr=00035204 vaddr=3ffb0000 size=03fd8h ( 16344) load[0m
[0;32mI (163) esp_image: segment 2: paddr=000391e4 vaddr=40080000 size=06e34h ( 28212) load[0m
[0;32mI (174) esp_image: segment 3: paddr=00040020 vaddr=400d0020 size=a0fcch (659404) map[0m
[0;32mI (400) esp_image: segment 4: paddr=000e0ff4 vaddr=40086e34 size=106b4h ( 67252) load[0m
[0;32mI (438) boot: Loaded app from partition at offset 0x10000[0m
[0;32mI (438) boot: Disabling RNG early entropy source...[0m
[0;32mI (450) cpu_start: Multicore app[0m
[0;32mI (459) cpu_start: Pro cpu start user code[0m
[0;32mI (459) cpu_start: cpu freq: 160000000 Hz[0m
[0;32mI (459) app_init: Application information:[0m
[0;32mI (462) app_init: Project name:     wifi[0m
[0;32mI (466) app_init: App version:      a60de5b-dirty[0m
[0;32mI (472) app_init: Compile time:     Jan 16 2025 13:59:54[0m
[0;32mI (478) app_init: ELF file SHA256:  c8a3d280b...[0m
[0;32mI (483) app_init: ESP-IDF:          v5.3.1[0m
[0;32mI (488) efuse_init: Min chip rev:     v0.0[0m
[0;32mI (493) efuse_init: Max chip rev:     v3.99 [0m
[0;32mI (497) efuse_init: Chip rev:         v3.1[0m
[0;32mI (503) heap_init: Initializing. RAM available for dynamic allocation:[0m
[0;32mI (510) heap_init: At 3FFAE6E0 len 00001920 (6 KiB): DRAM[0m
[0;32mI (516) heap_init: At 3FFB8828 len 000277D8 (157 KiB): DRAM[0m
[0;32mI (522) heap_init: At 3FFE0440 len 00003AE0 (14 KiB): D/IRAM[0m
[0;32mI (528) heap_init: At 3FFE4350 len 0001BCB0 (111 KiB): D/IRAM[0m
[0;32mI (535) heap_init: At 400974E8 len 00008B18 (34 KiB): IRAM[0m
[0;32mI (542) spi_flash: detected chip: generic[0m
[0;32mI (545) spi_flash: flash io: dio[0m
[0;33mW (549) spi_flash: Detected size(4096k) larger than the size in the binary image header(2048k). Using the size in the binary image header.[0m
[0;32mI (563) main_task: Started on CPU0[0m
[0;32mI (573) main_task: Calling app_main()[0m
[0;32mI (603) wifi:wifi driver task: 3ffc1978, prio:23, stack:6656, core=0[0m
[0;32mI (613) wifi:wifi firmware version: ccaebfa[0m
[0;32mI (613) wifi:wifi certification version: v7.0[0m
[0;32mI (613) wifi:config NVS flash: enabled[0m
[0;32mI (613) wifi:config nano formating: disabled[0m
[0;32mI (613) wifi:Init data frame dynamic rx buffer num: 32[0m
[0;32mI (623) wifi:Init static rx mgmt buffer num: 5[0m
[0;32mI (623) wifi:Init management short buffer num: 32[0m
[0;32mI (633) wifi:Init dynamic tx buffer num: 32[0m
[0;32mI (633) wifi:Init static rx buffer size: 1600[0m
[0;32mI (643) wifi:Init static rx buffer num: 10[0m
[0;32mI (643) wifi:Init dynamic rx buffer num: 32[0m
[0;32mI (643) wifi_init: rx ba win: 6[0m
[0;32mI (653) wifi_init: accept mbox: 6[0m
[0;32mI (653) wifi_init: tcpip mbox: 32[0m
[0;32mI (653) wifi_init: udp mbox: 6[0m
[0;32mI (663) wifi_init: tcp mbox: 6[0m
[0;32mI (663) wifi_init: tcp tx win: 5760[0m
[0;32mI (673) wifi_init: tcp rx win: 5760[0m
[0;32mI (673) wifi_init: tcp mss: 1440[0m
[0;32mI (673) wifi_init: WiFi IRAM OP enabled[0m
[0;32mI (683) wifi_init: WiFi RX IRAM OP enabled[0m
[0;32mI (683) noise_detector: Current SSID: MyNET_Fiber_5385[0m
[0;32mI (693) noise_detector: Current password: 1234[0m
[0;32mI (703) phy_init: phy_version 4830,54550f7,Jun 20 2024,14:22:08[0m
witam[0;31mE (793) FreeRTOS: FreeRTOS Task "blink_led" should not return, Aborting now![0m

abort() was called at PC 0x4008a03c on core 1


Backtrace: 0x40081a4e:0x3ffbcef0 0x40089509:0x3ffbcf10 0x4009116d:0x3ffbcf30 0x4008a03c:0x3ffbcfa0




ELF file SHA256: c8a3d280b

Rebooting...
ets Jul 29 2019 12:21:46

rst:0xc (SW_CPU_RESET),boot:0x13 (SPI_FAST_FLASH_BOOT)
configsip: 0, SPIWP:0xee
clk_drv:0x00,q_drv:0x00,d_drv:0x00,cs0_drv:0x00,hd_drv:0x00,wp_drv:0x00
mode:DIO, clock div:2
load:0x3fff0030,len:7176
load:0x40078000,len:15564
ho 0 tail 12 room 4
load:0x40080400,len:4
load:0x40080404,len:3904
entry 0x40080640
[0;32mI (31) boot: ESP-IDF v5.3.1 2nd stage bootloader[0m
[0;32mI (31) boot: compile time Oct 26 2024 14:46:20[0m
[0;32mI (31) boot: Multicore bootloader[0m
[0;32mI (35) boot: chip revision: v3.1[0m
[0;32mI (39) boot.esp32: SPI Speed      : 40MHz[0m
[0;32mI (44) boot.esp32: SPI Mode       : DIO[0m
[0;32mI (48) boot.esp32: SPI Flash Size : 2MB[0m
[0;32mI (53) boot: Enabling RNG early entropy source...[0m
[0;32mI (58) boot: Partition Table:[0m
[0;32mI (62) boot: ## Label            Usage          Type ST Offset   Length[0m
[0;32mI (69) boot:  0 nvs              WiFi data        01 02 00009000 00006000[0m
[0;32mI (77) boot:  1 phy_init         RF data          01 01 0000f000 00001000[0m
[0;32mI (84) boot:  2 factory          factory app      00 00 00010000 00100000[0m
[0;32mI (92) boot: End of partition table[0m
[0;32mI (96) esp_image: segment 0: paddr=00010020 vaddr=3f400020 size=251dch (152028) map[0m
[0;32mI (156) esp_image: segment 1: paddr=00035204 vaddr=3ffb0000 size=03fd8h ( 16344) load[0m
[0;32mI (163) esp_image: segment 2: paddr=000391e4 vaddr=40080000 size=06e34h ( 28212) load[0m
[0;32mI (174) esp_image: segment 3: paddr=00040020 vaddr=400d0020 size=a0fcch (659404) map[0m
[0;32mI (400) esp_image: segment 4: paddr=000e0ff4 vaddr=40086e34 size=106b4h ( 67252) load[0m
[0;32mI (438) boot: Loaded app from partition at offset 0x10000[0m
[0;32mI (438) boot: Disabling RNG early entropy source...[0m
[0;32mI (450) cpu_start: Multicore app[0m
[0;32mI (459) cpu_start: Pro cpu start user code[0m
[0;32mI (459) cpu_start: cpu freq: 160000000 Hz[0m
[0;32mI (459) app_init: Application information:[0m
[0;32mI (462) app_init: Project name:     wifi[0m
[0;32mI (466) app_init: App version:      a60de5b-dirty[0m
[0;32mI (472) app_init: Compile time:     Jan 16 2025 13:59:54[0m
[0;32mI (478) app_init: ELF file SHA256:  c8a3d280b...[0m
[0;32mI (483) app_init: ESP-IDF:          v5.3.1[0m
[0;32mI (488) efuse_init: Min chip rev:     v0.0[0m
[0;32mI (493) efuse_init: Max chip rev:     v3.99 [0m
[0;32mI (497) efuse_init: Chip rev:         v3.1[0m
[0;32mI (503) heap_init: Initializing. RAM available for dynamic allocation:[0m
[0;32mI (510) heap_init: At 3FFAE6E0 len 00001920 (6 KiB): DRAM[0m
[0;32mI (516) heap_init: At 3FFB8828 len 000277D8 (157 KiB): DRAM[0m
[0;32mI (522) heap_init: At 3FFE0440 len 00003AE0 (14 KiB): D/IRAM[0m
[0;32mI (528) heap_init: At 3FFE4350 len 0001BCB0 (111 KiB): D/IRAM[0m
[0;32mI (535) heap_init: At 400974E8 len 00008B18 (34 KiB): IRAM[0m
[0;32mI (542) spi_flash: detected chip: generic[0m
[0;32mI (545) spi_flash: flash io: dio[0m
[0;33mW (549) spi_flash: Detected size(4096k) larger than the size in the binary image header(2048k). Using the size in the binary image header.[0m
[0;32mI (563) main_task: Started on CPU0[0m
[0;32mI (573) main_task: Calling app_main()[0m
[0;32mI (603) wifi:wifi driver task: 3ffc1978, prio:23, stack:6656, core=0[0m
[0;32mI (613) wifi:wifi firmware version: ccaebfa[0m
[0;32mI (613) wifi:wifi certification version: v7.0[0m
[0;32mI (613) wifi:config NVS flash: enabled[0m
[0;32mI (613) wifi:config nano formating: disabled[0m
[0;32mI (613) wifi:Init data frame dynamic rx buffer num: 32[0m
[0;32mI (623) wifi:Init static rx mgmt buffer num: 5[0m
[0;32mI (623) wifi:Init management short buffer num: 32[0m
[0;32mI (633) wifi:Init dynamic tx buffer num: 32[0m
[0;32mI (633) wifi:Init static rx buffer size: 1600[0m
[0;32mI (643) wifi:Init static rx buffer num: 10[0m
[0;32mI (643) wifi:Init dynamic rx buffer num: 32[0m
[0;32mI (643) wifi_init: rx ba win: 6[0m
[0;32mI (653) wifi_init: accept mbox: 6[0m
[0;32mI (653) wifi_init: tcpip mbox: 32[0m
[0;32mI (653) wifi_init: udp mbox: 6[0m
[0;32mI (663) wifi_init: tcp mbox: 6[0m
[0;32mI (663) wifi_init: tcp tx win: 5760[0m
[0;32mI (673) wifi_init: tcp rx win: 5760[0m
[0;32mI (673) wifi_init: tcp mss: 1440[0m
[0;32mI (673) wifi_init: WiFi IRAM OP enabled[0m
[0;32mI (683) wifi_init: WiFi RX IRAM OP enabled[0m
[0;32mI (683) noise_detector: Current SSID: MyNET_Fiber_5385[0m
[0;32mI (693) noise_detector: Current password: 1234[0m
[0;32mI (703) phy_init: phy_version 4830,54550f7,Jun 20 2024,14:22:08[0m
witam[0;31mE (793) FreeRTOS: FreeRTOS Task "blink_led" should not return, Aborting now![0m

abort() was called at PC 0x4008a03c on core 1


Backtrace: 0x40081a4e:0x3ffbcef0 0x40089509:0x3ffbcf10 0x4009116d:0x3ffbcf30 0x4008a03c:0x3ffbcfa0




ELF file SHA256: c8a3d280b

Rebooting...
ets Jul 29 2019 12:21:46

rst:0xc (SW_CPU_RESET),boot:0x13 (SPI_FAST_FLASH_BOOT)
configsip: 0, SPIWP:0xee
clk_drv:0x00,q_drv:0x00,d_drv:0x00,cs0_drv:0x00,hd_drv:0x00,wp_drv:0x00
mode:DIO, clock div:2
load:0x3fff0030,len:7176
load:0x40078000,len:15564
ho 0 tail 12 room 4
load:0x40080400,len:4
load:0x40080404,len:3904
entry 0x40080640
[0;32mI (31) boot: ESP-IDF v5.3.1 2nd stage bootloader[0m
[0;32mI (31) boot: compile time Oct 26 2024 14:46:20[0m
[0;32mI (31) boot: Multicore bootloader[0m
[0;32mI (35) boot: chip revision: v3.1[0m
[0;32mI (39) boot.esp32: SPI Speed      : 40MHz[0m
[0;32mI (44) boot.esp32: SPI Mode       : DIO[0m
[0;32mI (48) boot.esp32: SPI Flash Size : 2MB[0m
[0;32mI (53) boot: Enabling RNG early entropy source...[0m
[0;32mI (58) boot: Partition Table:[0m
[0;32mI (62) boot: ## Label            Usage          Type ST Offset   Length[0m
[0;32mI (69) boot:  0 nvs              WiFi data        01 02 00009000 00006000[0m
[0;32mI (77) boot:  1 phy_init         RF data          01 01 0000f000 00001000[0m
[0;32mI (84) boot:  2 factory          factory app      00 00 00010000 00100000[0m
[0;32mI (92) boot: End of partition table[0m
[0;32mI (96) esp_image: segment 0: paddr=00010020 vaddr=3f400020 size=251dch (152028) map[0m
[0;32mI (156) esp_image: segment 1: paddr=00035204 vaddr=3ffb0000 size=03fd8h ( 16344) load[0m
[0;32mI (163) esp_image: segment 2: paddr=000391e4 vaddr=40080000 size=06e34h ( 28212) load[0m
[0;32mI (174) esp_image: segment 3: paddr=00040020 vaddr=400d0020 size=a0fcch (659404) map[0m
[0;32mI (400) esp_image: segment 4: paddr=000e0ff4 vaddr=40086e34 size=106b4h ( 67252) load[0m
[0;32mI (438) boot: Loaded app from partition at offset 0x10000[0m
[0;32mI (438) boot: Disabling RNG early entropy source...[0m
[0;32mI (450) cpu_start: Multicore app[0m
[0;32mI (459) cpu_start: Pro cpu start user code[0m
[0;32mI (459) cpu_start: cpu freq: 160000000 Hz[0m
[0;32mI (459) app_init: Application information:[0m
[0;32mI (462) app_init: Project name:     wifi[0m
[0;32mI (466) app_init: App version:      a60de5b-dirty[0m
[0;32mI (472) app_init: Compile time:     Jan 16 2025 13:59:54[0m
[0;32mI (478) app_init: ELF file SHA256:  c8a3d280b...[0m
[0;32mI (483) app_init: ESP-IDF:          v5.3.1[0m
[0;32mI (488) efuse_init: Min chip rev:     v0.0[0m
[0;32mI (492) efuse_init: Max chip rev:     v3.99 [0m
[0;32mI (497) efuse_init: Chip rev:         v3.1[0m
[0;32mI (503) heap_init: Initializing. RAM available for dynamic allocation:[0m
[0;32mI (510) heap_init: At 3FFAE6E0 len 00001920 (6 KiB): DRAM[0m
[0;32mI (516) heap_init: At 3FFB8828 len 000277D8 (157 KiB): DRAM[0m
[0;32mI (522) heap_init: At 3FFE0440 len 00003AE0 (14 KiB): D/IRAM[0m
[0;32mI (528) heap_init: At 3FFE4350 len 0001BCB0 (111 KiB): D/IRAM[0m
[0;32mI (535) heap_init: At 400974E8 len 00008B18 (34 KiB): IRAM[0m
[0;32mI (542) spi_flash: detected chip: generic[0m
[0;32mI (545) spi_flash: flash io: dio[0m
[0;33mW (549) spi_flash: Detected size(4096k) larger than the size in the binary image header(2048k). Using the size in the binary image header.[0m
[0;32mI (563) main_task: Started on CPU0[0m
[0;32mI (573) main_task: Calling app_main()[0m
[0;32mI (603) wifi:wifi driver task: 3ffc1978, prio:23, stack:6656, core=0[0m
[0;32mI (613) wifi:wifi firmware version: ccaebfa[0m
[0;32mI (613) wifi:wifi certification version: v7.0[0m
[0;32mI (613) wifi:config NVS flash: enabled[0m
[0;32mI (613) wifi:config nano formating: disabled[0m
[0;32mI (613) wifi:Init data frame dynamic rx buffer num: 32[0m
[0;32mI (623) wifi:Init static rx mgmt buffer num: 5[0m
[0;32mI (623) wifi:Init management short buffer num: 32[0m
[0;32mI (633) wifi:Init dynamic tx buffer num: 32[0m
[0;32mI (633) wifi:Init static rx buffer size: 1600[0m
[0;32mI (643) wifi:Init static rx buffer num: 10[0m
[0;32mI (643) wifi:Init dynamic rx buffer num: 32[0m
[0;32mI (643) wifi_init: rx ba win: 6[0m
[0;32mI (653) wifi_init: accept mbox: 6[0m
[0;32mI (653) wifi_init: tcpip mbox: 32[0m
[0;32mI (653) wifi_init: udp mbox: 6[0m
[0;32mI (663) wifi_init: tcp mbox: 6[0m
[0;32mI (663) wifi_init: tcp tx win: 5760[0m
[0;32mI (673) wifi_init: tcp rx win: 5760[0m
[0;32mI (673) wifi_init: tcp mss: 1440[0m
[0;32mI (673) wifi_init: WiFi IRAM OP enabled[0m
[0;32mI (683) wifi_init: WiFi RX IRAM OP enabled[0m
[0;32mI (683) noise_detector: Current SSID: MyNET_Fiber_5385[0m
[0;32mI (693) noise_detector: Current password: 1234[0m
[0;32mI (703) phy_init: phy_version 4830,54550f7,Jun 20 2024,14:22:08[0m
witam[0;31mE (793) FreeRTOS: FreeRTOS Task "blink_led" should not return, Aborting now![0m

abort() was called at PC 0x4008a03c on core 1


Backtrace: 0x40081a4e:0x3ffbcef0 0x40089509:0x3ffbcf10 0x4009116d:0x3ffbcf30 0x4008a03c:0x3ffbcfa0




ELF file SHA256: c8a3d280b

Rebooting...
ets Jul 29 2019 12:21:46

rst:0xc (SW_CPU_RESET),boot:0x13 (SPI_FAST_FLASH_BOOT)
configsip: 0, SPIWP:0xee
clk_drv:0x00,q_drv:0x00,d_drv:0x00,cs0_drv:0x00,hd_drv:0x00,wp_drv:0x00
mode:DIO, clock div:2
load:0x3fff0030,len:7176
load:0x40078000,len:15564
ho 0 tail 12 room 4
load:0x40080400,len:4
load:0x40080404,len:3904
entry 0x40080640
[0;32mI (31) boot: ESP-IDF v5.3.1 2nd stage bootloader[0m
[0;32mI (31) boot: compile time Oct 26 2024 14:46:20[0m
[0;32mI (31) boot: Multicore bootloader[0m
[0;32mI (35) boot: chip revision: v3.1[0m
[0;32mI (39) boot.esp32: SPI Speed      : 40MHz[0m
[0;32mI (44) boot.esp32: SPI Mode       : DIO[0m
[0;32mI (48) boot.esp32: SPI Flash Size : 2MB[0m
[0;32mI (53) boot: Enabling RNG early entropy source...[0m
[0;32mI (58) boot: Partition Table:[0m
[0;32mI (62) boot: ## Label            Usage          Type ST Offset   Length[0m
[0;32mI (69) boot:  0 nvs              WiFi data        01 02 00009000 00006000[0m
[0;32mI (77) boot:  1 phy_init         RF data          01 01 0000f000 00001000[0m
[0;32mI (84) boot:  2 factory          factory app      00 00 00010000 00100000[0m
[0;32mI (92) boot: End of partition table[0m
[0;32mI (96) esp_image: segment 0: paddr=00010020 vaddr=3f400020 size=251dch (152028) map[0m
[0;32mI (156) esp_image: segment 1: paddr=00035204 vaddr=3ffb0000 size=03fd8h ( 16344) load[0m
[0;32mI (163) esp_image: segment 2: paddr=000391e4 vaddr=40080000 size=06e34h ( 28212) load[0m
[0;32mI (174) esp_image: segment 3: paddr=00040020 vaddr=400d0020 size=a0fcch (659404) map[0m
[0;32mI (400) esp_image: segment 4: paddr=000e0ff4 vaddr=40086e34 size=106b4h ( 67252) load[0m
[0;32mI (438) boot: Loaded app from partition at offset 0x10000[0m
[0;32mI (438) boot: Disabling RNG early entropy source...[0m
[0;32mI (450) cpu_start: Multicore app[0m
[0;32mI (459) cpu_start: Pro cpu start user code[0m
[0;32mI (459) cpu_start: cpu freq: 160000000 Hz[0m
[0;32mI (459) app_init: Application information:[0m
[0;32mI (462) app_init: Project name:     wifi[0m
[0;32mI (466) app_init: App version:      a60de5b-dirty[0m
[0;32mI (472) app_init: Compile time:     Jan 16 2025 13:59:54[0m
[0;32mI (478) app_init: ELF file SHA256:  c8a3d280b...[0m
[0;32mI (483) app_init: ESP-IDF:          v5.3.1[0m
[0;32mI (488) efuse_init: Min chip rev:     v0.0[0m
[0;32mI (493) efuse_init: Max chip rev:     v3.99 [0m
[0;32mI (497) efuse_init: Chip rev:         v3.1[0m
[0;32mI (503) heap_init: Initializing. RAM available for dynamic allocation:[0m
[0;32mI (510) heap_init: At 3FFAE6E0 len 00001920 (6 KiB): DRAM[0m
[0;32mI (516) heap_init: At 3FFB8828 len 000277D8 (157 KiB): DRAM[0m
[0;32mI (522) heap_init: At 3FFE0440 len 00003AE0 (14 KiB): D/IRAM[0m
[0;32mI (528) heap_init: At 3FFE4350 len 0001BCB0 (111 KiB): D/IRAM[0m
[0;32mI (535) heap_init: At 400974E8 len 00008B18 (34 KiB): IRAM[0m
[0;32mI (542) spi_flash: detected chip: generic[0m
[0;32mI (545) spi_flash: flash io: dio[0m
[0;33mW (549) spi_flash: Detected size(4096k) larger than the size in the binary image header(2048k). Using the size in the binary image header.[0m
[0;32mI (563) main_task: Started on CPU0[0m
[0;32mI (573) main_task: Calling app_main()[0m
[0;32mI (603) wifi:wifi driver task: 3ffc1978, prio:23, stack:6656, core=0[0m
[0;32mI (613) wifi:wifi firmware version: ccaebfa[0m
[0;32mI (613) wifi:wifi certification version: v7.0[0m
[0;32mI (613) wifi:config NVS flash: enabled[0m
[0;32mI (613) wifi:config nano formating: disabled[0m
[0;32mI (613) wifi:Init data frame dynamic rx buffer num: 32[0m
[0;32mI (623) wifi:Init static rx mgmt buffer num: 5[0m
[0;32mI (623) wifi:Init management short buffer num: 32[0m
[0;32mI (633) wifi:Init dynamic tx buffer num: 32[0m
[0;32mI (633) wifi:Init static rx buffer size: 1600[0m
[0;32mI (643) wifi:Init static rx buffer num: 10[0m
[0;32mI (643) wifi:Init dynamic rx buffer num: 32[0m
[0;32mI (643) wifi_init: rx ba win: 6[0m
[0;32mI (653) wifi_init: accept mbox: 6[0m
[0;32mI (653) wifi_init: tcpip mbox: 32[0m
[0;32mI (653) wifi_init: udp mbox: 6[0m
[0;32mI (663) wifi_init: tcp mbox: 6[0m
[0;32mI (663) wifi_init: tcp tx win: 5760[0m
[0;32mI (673) wifi_init: tcp rx win: 5760[0m
[0;32mI (673) wifi_init: tcp mss: 1440[0m
[0;32mI (673) wifi_init: WiFi IRAM OP enabled[0m
[0;32mI (683) wifi_init: WiFi RX IRAM OP enabled[0m
[0;32mI (683) noise_detector: Current SSID: MyNET_Fiber_5385[0m
[0;32mI (693) noise_detector: Current password: 1234[0m
[0;32mI (703) phy_init: phy_version 4830,54550f7,Jun 20 2024,14:22:08[0m
witam[0;31mE (793) FreeRTOS: FreeRTOS Task "blink_led" should not return, Aborting now![0m

abort() was called at PC 0x4008a03c on core 1


Backtrace: 0x40081a4e:0x3ffbcef0 0x40089509:0x3ffbcf10 0x4009116d:0x3ffbcf30 0x4008a03c:0x3ffbcfa0




ELF file SHA256: c8a3d280b

Rebooting...
ets Jul 29 2019 12:21:46

rst:0xc (SW_CPU_RESET),boot:0x13 (SPI_FAST_FLASH_BOOT)
configsip: 0, SPIWP:0xee
clk_drv:0x00,q_drv:0x00,d_drv:0x00,cs0_drv:0x00,hd_drv:0x00,wp_drv:0x00
mode:DIO, clock div:2
load:0x3fff0030,len:7176
load:0x40078000,len:15564
ho 0 tail 12 room 4
load:0x40080400,len:4
load:0x40080404,len:3904
entry 0x40080640
[0;32mI (31) boot: ESP-IDF v5.3.1 2nd stage bootloader[0m
[0;32mI (31) boot: compile time Oct 26 2024 14:46:20[0m
[0;32mI (31) boot: Multicore bootloader[0m
[0;32mI (35) boot: chip revision: v3.1[0m
[0;32mI (39) boot.esp32: SPI Speed      : 40MHz[0m
[0;32mI (44) boot.esp32: SPI Mode       : DIO[0m
[0;32mI (48) boot.esp32: SPI Flash Size : 2MB[0m
[0;32mI (53) boot: Enabling RNG early entropy source...[0m
[0;32mI (58) boot: Partition Table:[0m
[0;32mI (62) boot: ## Label            Usage          Type ST Offset   Length[0m
[0;32mI (69) boot:  0 nvs              WiFi data        01 02 00009000 00006000[0m
[0;32mI (77) boot:  1 phy_init         RF data          01 01 0000f000 00001000[0m
[0;32mI (84) boot:  2 factory          factory app      00 00 00010000 00100000[0m
[0;32mI (92) boot: End of partition table[0m
[0;32mI (96) esp_image: segment 0: paddr=00010020 vaddr=3f400020 size=251dch (152028) map[0m
[0;32mI (156) esp_image: segment 1: paddr=00035204 vaddr=3ffb0000 size=03fd8h ( 16344) load[0m
[0;32mI (163) esp_image: segment 2: paddr=000391e4 vaddr=40080000 size=06e34h ( 28212) load[0m
[0;32mI (174) esp_image: segment 3: paddr=00040020 vaddr=400d0020 size=a0fcch (659404) map[0m
[0;32mI (400) esp_image: segment 4: paddr=000e0ff4 vaddr=40086e34 size=106b4h ( 67252) load[0m
[0;32mI (438) boot: Loaded app from partition at offset 0x10000[0m
[0;32mI (438) boot: Disabling RNG early entropy source...[0m
[0;32mI (450) cpu_start: Multicore app[0m
[0;32mI (459) cpu_start: Pro cpu start user code[0m
[0;32mI (459) cpu_start: cpu freq: 160000000 Hz[0m
[0;32mI (459) app_init: Application information:[0m
[0;32mI (462) app_init: Project name:     wifi[0m
[0;32mI (466) app_init: App version:      a60de5b-dirty[0m
[0;32mI (472) app_init: Compile time:     Jan 16 2025 13:59:54[0m
[0;32mI (478) app_init: ELF file SHA256:  c8a3d280b...[0m
[0;32mI (483) app_init: ESP-IDF:          v5.3.1[0m
[0;32mI (488) efuse_init: Min chip rev:     v0.0[0m
[0;32mI (492) efuse_init: Max chip rev:     v3.99 [0m
[0;32mI (497) efuse_init: Chip rev:         v3.1[0m
[0;32mI (503) heap_init: Initializing. RAM available for dynamic allocation:[0m
[0;32mI (510) heap_init: At 3FFAE6E0 len 00001920 (6 KiB): DRAM[0m
[0;32mI (516) heap_init: At 3FFB8828 len 000277D8 (157 KiB): DRAM[0m
[0;32mI (522) heap_init: At 3FFE0440 len 00003AE0 (14 KiB): D/IRAM[0m
[0;32mI (528) heap_init: At 3FFE4350 len 0001BCB0 (111 KiB): D/IRAM[0m
[0;32mI (535) heap_init: At 400974E8 len 00008B18 (34 KiB): IRAM[0m
[0;32mI (542) spi_flash: detected chip: generic[0m
[0;32mI (545) spi_flash: flash io: dio[0m
[0;33mW (549) spi_flash: Detected size(4096k) larger than the size in the binary image header(2048k). Using the size in the binary image header.[0m
[0;32mI (563) main_task: Started on CPU0[0m
[0;32mI (573) main_task: Calling app_main()[0m
[0;32mI (603) wifi:wifi driver task: 3ffc1978, prio:23, stack:6656, core=0[0m
[0;32mI (613) wifi:wifi firmware version: ccaebfa[0m
[0;32mI (613) wifi:wifi certification version: v7.0[0m
[0;32mI (613) wifi:config NVS flash: enabled[0m
[0;32mI (613) wifi:config nano formating: disabled[0m
[0;32mI (613) wifi:Init data frame dynamic rx buffer num: 32[0m
[0;32mI (623) wifi:Init static rx mgmt buffer num: 5[0m
[0;32mI (623) wifi:Init management short buffer num: 32[0m
[0;32mI (633) wifi:Init dynamic tx buffer num: 32[0m
[0;32mI (633) wifi:Init static rx buffer size: 1600[0m
[0;32mI (643) wifi:Init static rx buffer num: 10[0m
[0;32mI (643) wifi:Init dynamic rx buffer num: 32[0m
[0;32mI (643) wifi_init: rx ba win: 6[0m
[0;32mI (653) wifi_init: accept mbox: 6[0m
[0;32mI (653) wifi_init: tcpip mbox: 32[0m
[0;32mI (653) wifi_init: udp mbox: 6[0m
[0;32mI (663) wifi_init: tcp mbox: 6[0m
[0;32mI (663) wifi_init: tcp tx win: 5760[0m
[0;32mI (673) wifi_init: tcp rx win: 5760[0m
[0;32mI (673) wifi_init: tcp mss: 1440[0m
[0;32mI (673) wifi_init: WiFi IRAM OP enabled[0m
[0;32mI (683) wifi_init: WiFi RX IRAM OP enabled[0m
[0;32mI (683) noise_detector: Current SSID: MyNET_Fiber_5385[0m
[0;32mI (693) noise_detector: Current password: 1234[0m
[0;32mI (703) phy_init: phy_version 4830,54550f7,Jun 20 2024,14:22:08[0m
witam[0;31mE (793) FreeRTOS: FreeRTOS Task "blink_led" should not return, Aborting now![0m

abort() was called at PC 0x4008a03c on core 1


Backtrace: 0x40081a4e:0x3ffbcef0 0x40089509:0x3ffbcf10 0x4009116d:0x3ffbcf30 0x4008a03c:0x3ffbcfa0




ELF file SHA256: c8a3d280b

Rebooting...
ets Jul 29 2019 12:21:46

rst:0xc (SW_CPU_RESET),boot:0x13 (SPI_FAST_FLASH_BOOT)
configsip: 0, SPIWP:0xee
clk_drv:0x00,q_drv:0x00,d_drv:0x00,cs0_drv:0x00,hd_drv:0x00,wp_drv:0x00
mode:DIO, clock div:2
load:0x3fff0030,len:7176
load:0x40078000,len:15564
ho 0 tail 12 room 4
load:0x40080400,len:4
load:0x40080404,len:3904
entry 0x40080640
[0;32mI (31) boot: ESP-IDF v5.3.1 2nd stage bootloader[0m
[0;32mI (31) boot: compile time Oct 26 2024 14:46:20[0m
[0;32mI (31) boot: Multicore bootloader[0m
[0;32mI (35) boot: chip revision: v3.1[0m
[0;32mI (39) boot.esp32: SPI Speed      : 40MHz[0m
[0;32mI (44) boot.esp32: SPI Mode       : DIO[0m
[0;32mI (48) boot.esp32: SPI Flash Size : 2MB[0m
[0;32mI (53) boot: Enabling RNG early entropy source...[0m
[0;32mI (58) boot: Partition Table:[0m
[0;32mI (62) boot: ## Label            Usage          Type ST Offset   Length[0m
[0;32mI (69) boot:  0 nvs              WiFi data        01 02 00009000 00006000[0m
[0;32mI (77) boot:  1 phy_init         RF data          01 01 0000f000 00001000[0m
[0;32mI (84) boot:  2 factory          factory app      00 00 00010000 00100000[0m
[0;32mI (92) boot: End of partition table[0m
[0;32mI (96) esp_image: segment 0: paddr=00010020 vaddr=3f400020 size=251dch (152028) map[0m
[0;32mI (156) esp_image: segment 1: paddr=00035204 vaddr=3ffb0000 size=03fd8h ( 16344) load[0m
[0;32mI (163) esp_image: segment 2: paddr=000391e4 vaddr=40080000 size=06e34h ( 28212) load[0m
[0;32mI (174) esp_image: segment 3: paddr=00040020 vaddr=400d0020 size=a0fcch (659404) map[0m
[0;32mI (400) esp_image: segment 4: paddr=000e0ff4 vaddr=40086e34 size=106b4h ( 67252) load[0m
[0;32mI (438) boot: Loaded app from partition at offset 0x10000[0m
[0;32mI (438) boot: Disabling RNG early entropy source...[0m
[0;32mI (450) cpu_start: Multicore app[0m
[0;32mI (459) cpu_start: Pro cpu start user code[0m
[0;32mI (459) cpu_start: cpu freq: 160000000 Hz[0m
[0;32mI (459) app_init: Application information:[0m
[0;32mI (462) app_init: Project name:     wifi[0m
[0;32mI (466) app_init: App version:      a60de5b-dirty[0m
[0;32mI (472) app_init: Compile time:     Jan 16 2025 13:59:54[0m
[0;32mI (478) app_init: ELF file SHA256:  c8a3d280b...[0m
[0;32mI (483) app_init: ESP-IDF:          v5.3.1[0m
[0;32mI (488) efuse_init: Min chip rev:     v0.0[0m
[0;32mI (492) efuse_init: Max chip rev:     v3.99 [0m
[0;32mI (497) efuse_init: Chip rev:         v3.1[0m
[0;32mI (503) heap_init: Initializing. RAM available for dynamic allocation:[0m
[0;32mI (510) heap_init: At 3FFAE6E0 len 00001920 (6 KiB): DRAM[0m
[0;32mI (516) heap_init: At 3FFB8828 len 000277D8 (157 KiB): DRAM[0m
[0;32mI (522) heap_init: At 3FFE0440 len 00003AE0 (14 KiB): D/IRAM[0m
[0;32mI (528) heap_init: At 3FFE4350 len 0001BCB0 (111 KiB): D/IRAM[0m
[0;32mI (535) heap_init: At 400974E8 len 00008B18 (34 KiB): IRAM[0m
[0;32mI (542) spi_flash: detected chip: generic[0m
[0;32mI (545) spi_flash: flash io: dio[0m
[0;33mW (549) spi_flash: Detected size(4096k) larger than the size in the binary image header(2048k). Using the size in the binary image header.[0m
[0;32mI (563) main_task: Started on CPU0[0m
[0;32mI (573) main_task: Calling app_main()[0m
[0;32mI (603) wifi:wifi driver task: 3ffc1978, prio:23, stack:6656, core=0[0m
[0;32mI (613) wifi:wifi firmware version: ccaebfa[0m
[0;32mI (613) wifi:wifi certification version: v7.0[0m
[0;32mI (613) wifi:config NVS flash: enabled[0m
[0;32mI (613) wifi:config nano formating: disabled[0m
[0;32mI (613) wifi:Init data frame dynamic rx buffer num: 32[0m
[0;32mI (623) wifi:Init static rx mgmt buffer num: 5[0m
[0;32mI (623) wifi:Init management short buffer num: 32[0m
[0;32mI (633) wifi:Init dynamic tx buffer num: 32[0m
[0;32mI (633) wifi:Init static rx buffer size: 1600[0m
[0;32mI (643) wifi:Init static rx buffer num: 10[0m
[0;32mI (643) wifi:Init dynamic rx buffer num: 32[0m
[0;32mI (643) wifi_init: rx ba win: 6[0m
[0;32mI (653) wifi_init: accept mbox: 6[0m
[0;32mI (653) wifi_init: tcpip mbox: 32[0m
[0;32mI (653) wifi_init: udp mbox: 6[0m
[0;32mI (663) wifi_init: tcp mbox: 6[0m
[0;32mI (663) wifi_init: tcp tx win: 5760[0m
[0;32mI (673) wifi_init: tcp rx win: 5760[0m
[0;32mI (673) wifi_init: tcp mss: 1440[0m
[0;32mI (673) wifi_init: WiFi IRAM OP enabled[0m
[0;32mI (683) wifi_init: WiFi RX IRAM OP enabled[0m
[0;32mI (683) noise_detector: Current SSID: MyNET_Fiber_5385[0m
[0;32mI (693) noise_detector: Current password: 1234[0m
[0;32mI (703) phy_init: phy_version 4830,54550f7,Jun 20 2024,14:22:08[0m
witam[0;31mE (793) FreeRTOS: FreeRTOS Task "blink_led" should not return, Aborting now![0m

abort() was called at PC 0x4008a03c on core 1


Backtrace: 0x40081a4e:0x3ffbcef0 0x40089509:0x3ffbcf10 0x4009116d:0x3ffbcf30 0x4008a03c:0x3ffbcfa0




ELF file SHA256: c8a3d280b

Rebooting...
ets Jul 29 2019 12:21:46

rst:0xc (SW_CPU_RESET),boot:0x13 (SPI_FAST_FLASH_BOOT)
configsip: 0, SPIWP:0xee
clk_drv:0x00,q_drv:0x00,d_drv:0x00,cs0_drv:0x00,hd_drv:0x00,wp_drv:0x00
mode:DIO, clock div:2
load:0x3fff0030,len:7176
load:0x40078000,len:15564
ho 0 tail 12 room 4
load:0x40080400,len:4
load:0x40080404,len:3904
entry 0x40080640
[0;32mI (31) boot: ESP-IDF v5.3.1 2nd stage bootloader[0m
[0;32mI (31) boot: compile time Oct 26 2024 14:46:20[0m
[0;32mI (31) boot: Multicore bootloader[0m
[0;32mI (35) boot: chip revision: v3.1[0m
[0;32mI (39) boot.esp32: SPI Speed      : 40MHz[0m
[0;32mI (44) boot.esp32: SPI Mode       : DIO[0m
[0;32mI (48) boot.esp32: SPI Flash Size : 2MB[0m
[0;32mI (53) boot: Enabling RNG early entropy source...[0m
[0;32mI (58) boot: Partition Table:[0m
[0;32mI (62) boot: ## Label            Usage          Type ST Offset   Length[0m
[0;32mI (69) boot:  0 nvs              WiFi data        01 02 00009000 00006000[0m
[0;32mI (77) boot:  1 phy_init         RF data          01 01 0000f000 00001000[0m
[0;32mI (84) boot:  2 factory          factory app      00 00 00010000 00100000[0m
[0;32mI (92) boot: End of partition table[0m
[0;32mI (96) esp_image: segment 0: paddr=00010020 vaddr=3f400020 size=251dch (152028) map[0m
[0;32mI (156) esp_image: segment 1: paddr=00035204 vaddr=3ffb0000 size=03fd8h ( 16344) load[0m
[0;32mI (163) esp_image: segment 2: paddr=000391e4 vaddr=40080000 size=06e34h ( 28212) load[0m
[0;32mI (174) esp_image: segment 3: paddr=00040020 vaddr=400d0020 size=a0fcch (659404) map[0m
[0;32mI (400) esp_image: segment 4: paddr=000e0ff4 vaddr=40086e34 size=106b4h ( 67252) load[0m
[0;32mI (438) boot: Loaded app from partition at offset 0x10000[0m
[0;32mI (438) boot: Disabling RNG early entropy source...[0m
[0;32mI (450) cpu_start: Multicore app[0m
[0;32mI (459) cpu_start: Pro cpu start user code[0m
[0;32mI (459) cpu_start: cpu freq: 160000000 Hz[0m
[0;32mI (459) app_init: Application information:[0m
[0;32mI (462) app_init: Project name:     wifi[0m
[0;32mI (466) app_init: App version:      a60de5b-dirty[0m
[0;32mI (472) app_init: Compile time:     Jan 16 2025 13:59:54[0m
[0;32mI (478) app_init: ELF file SHA256:  c8a3d280b...[0m
[0;32mI (483) app_init: ESP-IDF:          v5.3.1[0m
[0;32mI (488) efuse_init: Min chip rev:     v0.0[0m
[0;32mI (492) efuse_init: Max chip rev:     v3.99 [0m
[0;32mI (497) efuse_init: Chip rev:         v3.1[0m
[0;32mI (503) heap_init: Initializing. RAM available for dynamic allocation:[0m
[0;32mI (510) heap_init: At 3FFAE6E0 len 00001920 (6 KiB): DRAM[0m
[0;32mI (516) heap_init: At 3FFB8828 len 000277D8 (157 KiB): DRAM[0m
[0;32mI (522) heap_init: At 3FFE0440 len 00003AE0 (14 KiB): D/IRAM[0m
[0;32mI (528) heap_init: At 3FFE4350 len 0001BCB0 (111 KiB): D/IRAM[0m
[0;32mI (535) heap_init: At 400974E8 len 00008B18 (34 KiB): IRAM[0m
[0;32mI (542) spi_flash: detected chip: generic[0m
[0;32mI (545) spi_flash: flash io: dio[0m
[0;33mW (549) spi_flash: Detected size(4096k) larger than the size in the binary image header(2048k). Using the size in the binary image header.[0m
[0;32mI (563) main_task: Started on CPU0[0m
[0;32mI (573) main_task: Calling app_main()[0m
[0;32mI (603) wifi:wifi driver task: 3ffc1978, prio:23, stack:6656, core=0[0m
[0;32mI (613) wifi:wifi firmware version: ccaebfa[0m
[0;32mI (613) wifi:wifi certification version: v7.0[0m
[0;32mI (613) wifi:config NVS flash: enabled[0m
[0;32mI (613) wifi:config nano formating: disabled[0m
[0;32mI (613) wifi:Init data frame dynamic rx buffer num: 32[0m
[0;32mI (623) wifi:Init static rx mgmt buffer num: 5[0m
[0;32mI (623) wifi:Init management short buffer num: 32[0m
[0;32mI (633) wifi:Init dynamic tx buffer num: 32[0m
[0;32mI (633) wifi:Init static rx buffer size: 1600[0m
[0;32mI (643) wifi:Init static rx buffer num: 10[0m
[0;32mI (643) wifi:Init dynamic rx buffer num: 32[0m
[0;32mI (643) wifi_init: rx ba win: 6[0m
[0;32mI (653) wifi_init: accept mbox: 6[0m
[0;32mI (653) wifi_init: tcpip mbox: 32[0m
[0;32mI (653) wifi_init: udp mbox: 6[0m
[0;32mI (663) wifi_init: tcp mbox: 6[0m
[0;32mI (663) wifi_init: tcp tx win: 5760[0m
[0;32mI (673) wifi_init: tcp rx win: 5760[0m
[0;32mI (673) wifi_init: tcp mss: 1440[0m
[0;32mI (673) wifi_init: WiFi IRAM OP enabled[0m
[0;32mI (683) wifi_init: WiFi RX IRAM OP enabled[0m
[0;32mI (683) noise_detector: Current SSID: MyNET_Fiber_5385[0m
[0;32mI (693) noise_detector: Current password: 1234[0m
[0;32mI (703) phy_init: phy_version 4830,54550f7,Jun 20 2024,14:22:08[0m
witam[0;31mE (793) FreeRTOS: FreeRTOS Task "blink_led" should not return, Aborting now![0m

abort() was called at PC 0x4008a03c on core 1


Backtrace: 0x40081a4e:0x3ffbcef0 0x40089509:0x3ffbcf10 0x4009116d:0x3ffbcf30 0x4008a03c:0x3ffbcfa0




ELF file SHA256: c8a3d280b

Rebooting...
ets Jul 29 2019 12:21:46

rst:0xc (SW_CPU_RESET),boot:0x13 (SPI_FAST_FLASH_BOOT)
configsip: 0, SPIWP:0xee
clk_drv:0x00,q_drv:0x00,d_drv:0x00,cs0_drv:0x00,hd_drv:0x00,wp_drv:0x00
mode:DIO, clock div:2
load:0x3fff0030,len:7176
load:0x40078000,len:15564
ho 0 tail 12 room 4
load:0x40080400,len:4
load:0x40080404,len:3904
entry 0x40080640
[0;32mI (31) boot: ESP-IDF v5.3.1 2nd stage bootloader[0m
[0;32mI (31) boot: compile time Oct 26 2024 14:46:20[0m
[0;32mI (31) boot: Multicore bootloader[0m
[0;32mI (35) boot: chip revision: v3.1[0m
[0;32mI (39) boot.esp32: SPI Speed      : 40MHz[0m
[0;32mI (44) boot.esp32: SPI Mode       : DIO[0m
[0;32mI (48) boot.esp32: SPI Flash Size : 2MB[0m
[0;32mI (53) boot: Enabling RNG early entropy source...[0m
[0;32mI (58) boot: Partition Table:[0m
[0;32mI (62) boot: ## Label            Usage          Type ST Offset   Length[0m
[0;32mI (69) boot:  0 nvs              WiFi data        01 02 00009000 00006000[0m
[0;32mI (77) boot:  1 phy_init         RF data          01 01 0000f000 00001000[0m
[0;32mI (84) boot:  2 factory          factory app      00 00 00010000 00100000[0m
[0;32mI (92) boot: End of partition table[0m
[0;32mI (96) esp_image: segment 0: paddr=00010020 vaddr=3f400020 size=251dch (152028) map[0m
[0;32mI (156) esp_image: segment 1: paddr=00035204 vaddr=3ffb0000 size=03fd8h ( 16344) load[0m
[0;32mI (163) esp_image: segment 2: paddr=000391e4 vaddr=40080000 size=06e34h ( 28212) load[0m
[0;32mI (174) esp_image: segment 3: paddr=00040020 vaddr=400d0020 size=a0fcch (659404) map[0m
[0;32mI (400) esp_image: segment 4: paddr=000e0ff4 vaddr=40086e34 size=106b4h ( 67252) load[0m
[0;32mI (438) boot: Loaded app from partition at offset 0x10000[0m
[0;32mI (438) boot: Disabling RNG early entropy source...[0m
[0;32mI (450) cpu_start: Multicore app[0m
[0;32mI (459) cpu_start: Pro cpu start user code[0m
[0;32mI (459) cpu_start: cpu freq: 160000000 Hz[0m
[0;32mI (459) app_init: Application information:[0m
[0;32mI (462) app_init: Project name:     wifi[0m
[0;32mI (466) app_init: App version:      a60de5b-dirty[0m
[0;32mI (472) app_init: Compile time:     Jan 16 2025 13:59:54[0m
[0;32mI (478) app_init: ELF file SHA256:  c8a3d280b...[0m
[0;32mI (483) app_init: ESP-IDF:          v5.3.1[0m
[0;32mI (488) efuse_init: Min chip rev:     v0.0[0m
[0;32mI (493) efuse_init: Max chip rev:     v3.99 [0m
[0;32mI (497) efuse_init: Chip rev:         v3.1[0m
[0;32mI (503) heap_init: Initializing. RAM available for dynamic allocation:[0m
[0;32mI (510) heap_init: At 3FFAE6E0 len 00001920 (6 KiB): DRAM[0m
[0;32mI (516) heap_init: At 3FFB8828 len 000277D8 (157 KiB): DRAM[0m
[0;32mI (522) heap_init: At 3FFE0440 len 00003AE0 (14 KiB): D/IRAM[0m
[0;32mI (528) heap_init: At 3FFE4350 len 0001BCB0 (111 KiB): D/IRAM[0m
[0;32mI (535) heap_init: At 400974E8 len 00008B18 (34 KiB): IRAM[0m
[0;32mI (542) spi_flash: detected chip: generic[0m
[0;32mI (545) spi_flash: flash io: dio[0m
[0;33mW (549) spi_flash: Detected size(4096k) larger than the size in the binary image header(2048k). Using the size in the binary image header.[0m
[0;32mI (563) main_task: Started on CPU0[0m
[0;32mI (573) main_task: Calling app_main()[0m
[0;32mI (603) wifi:wifi driver task: 3ffc1978, prio:23, stack:6656, core=0[0m
[0;32mI (613) wifi:wifi firmware version: ccaebfa[0m
[0;32mI (613) wifi:wifi certification version: v7.0[0m
[0;32mI (613) wifi:config NVS flash: enabled[0m
[0;32mI (613) wifi:config nano formating: disabled[0m
[0;32mI (613) wifi:Init data frame dynamic rx buffer num: 32[0m
[0;32mI (623) wifi:Init static rx mgmt buffer num: 5[0m
[0;32mI (623) wifi:Init management short buffer num: 32[0m
[0;32mI (633) wifi:Init dynamic tx buffer num: 32[0m
[0;32mI (633) wifi:Init static rx buffer size: 1600[0m
[0;32mI (643) wifi:Init static rx buffer num: 10[0m
[0;32mI (643) wifi:Init dynamic rx buffer num: 32[0m
[0;32mI (643) wifi_init: rx ba win: 6[0m
[0;32mI (653) wifi_init: accept mbox: 6[0m
[0;32mI (653) wifi_init: tcpip mbox: 32[0m
[0;32mI (653) wifi_init: udp mbox: 6[0m
[0;32mI (663) wifi_init: tcp mbox: 6[0m
[0;32mI (663) wifi_init: tcp tx win: 5760[0m
[0;32mI (673) wifi_init: tcp rx win: 5760[0m
[0;32mI (673) wifi_init: tcp mss: 1440[0m
[0;32mI (673) wifi_init: WiFi IRAM OP enabled[0m
[0;32mI (683) wifi_init: WiFi RX IRAM OP enabled[0m
[0;32mI (683) noise_detector: Current SSID: MyNET_Fiber_5385[0m
[0;32mI (693) noise_detector: Current password: 1234[0m
[0;32mI (703) phy_init: phy_version 4830,54550f7,Jun 20 2024,14:22:08[0m
witam[0;31mE (793) FreeRTOS: FreeRTOS Task "blink_led" should not return, Aborting now![0m

abort() was called at PC 0x4008a03c on core 1


Backtrace: 0x40081a4e:0x3ffbcef0 0x40089509:0x3ffbcf10 0x4009116d:0x3ffbcf30 0x4008a03c:0x3ffbcfa0




ELF file SHA256: c8a3d280b

Rebooting...
ets Jul 29 2019 12:21:46

rst:0xc (SW_CPU_RESET),boot:0x13 (SPI_FAST_FLASH_BOOT)
configsip: 0, SPIWP:0xee
clk_drv:0x00,q_drv:0x00,d_drv:0x00,cs0_drv:0x00,hd_drv:0x00,wp_drv:0x00
mode:DIO, clock div:2
load:0x3fff0030,len:7176
load:0x40078000,len:15564
ho 0 tail 12 room 4
load:0x40080400,len:4
load:0x40080404,len:3904
entry 0x40080640
[0;32mI (31) boot: ESP-IDF v5.3.1 2nd stage bootloader[0m
[0;32mI (31) boot: compile time Oct 26 2024 14:46:20[0m
[0;32mI (31) boot: Multicore bootloader[0m
[0;32mI (35) boot: chip revision: v3.1[0m
[0;32mI (39) boot.esp32: SPI Speed      : 40MHz[0m
[0;32mI (44) boot.esp32: SPI Mode       : DIO[0m
[0;32mI (48) boot.esp32: SPI Flash Size : 2MB[0m
[0;32mI (53) boot: Enabling RNG early entropy source...[0m
[0;32mI (58) boot: Partition Table:[0m
[0;32mI (62) boot: ## Label            Usage          Type ST Offset   Length[0m
[0;32mI (69) boot:  0 nvs              WiFi data        01 02 00009000 00006000[0m
[0;32mI (77) boot:  1 phy_init         RF data          01 01 0000f000 00001000[0m
[0;32mI (84) boot:  2 factory          factory app      00 00 00010000 00100000[0m
[0;32mI (92) boot: End of partition table[0m
[0;32mI (96) esp_image: segment 0: paddr=00010020 vaddr=3f400020 size=251dch (152028) map[0m
[0;32mI (156) esp_image: segment 1: paddr=00035204 vaddr=3ffb0000 size=03fd8h ( 16344) load[0m
[0;32mI (163) esp_image: segment 2: paddr=000391e4 vaddr=40080000 size=06e34h ( 28212) load[0m
[0;32mI (174) esp_image: segment 3: paddr=00040020 vaddr=400d0020 size=a0fcch (659404) map[0m
[0;32mI (400) esp_image: segment 4: paddr=000e0ff4 vaddr=40086e34 size=106b4h ( 67252) load[0m
[0;32mI (438) boot: Loaded app from partition at offset 0x10000[0m
[0;32mI (438) boot: Disabling RNG early entropy source...[0m
[0;32mI (450) cpu_start: Multicore app[0m
[0;32mI (459) cpu_start: Pro cpu start user code[0m
[0;32mI (459) cpu_start: cpu freq: 160000000 Hz[0m
[0;32mI (459) app_init: Application information:[0m
[0;32mI (462) app_init: Project name:     wifi[0m
[0;32mI (466) app_init: App version:      a60de5b-dirty[0m
[0;32mI (472) app_init: Compile time:     Jan 16 2025 13:59:54[0m
[0;32mI (478) app_init: ELF file SHA256:  c8a3d280b...[0m
[0;32mI (483) app_init: ESP-IDF:          v5.3.1[0m
[0;32mI (488) efuse_init: Min chip rev:     v0.0[0m
[0;32mI (492) efuse_init: Max chip rev:     v3.99 [0m
[0;32mI (497) efuse_init: Chip rev:         v3.1[0m
[0;32mI (503) heap_init: Initializing. RAM available for dynamic allocation:[0m
[0;32mI (510) heap_init: At 3FFAE6E0 len 00001920 (6 KiB): DRAM[0m
[0;32mI (516) heap_init: At 3FFB8828 len 000277D8 (157 KiB): DRAM[0m
[0;32mI (522) heap_init: At 3FFE0440 len 00003AE0 (14 KiB): D/IRAM[0m
[0;32mI (528) heap_init: At 3FFE4350 len 0001BCB0 (111 KiB): D/IRAM[0m
[0;32mI (535) heap_init: At 400974E8 len 00008B18 (34 KiB): IRAM[0m
[0;32mI (542) spi_flash: detected chip: generic[0m
[0;32mI (545) spi_flash: flash io: dio[0m
[0;33mW (549) spi_flash: Detected size(4096k) larger than the size in the binary image header(2048k). Using the size in the binary image header.[0m
[0;32mI (563) main_task: Started on CPU0[0m
[0;32mI (573) main_task: Calling app_main()[0m
[0;32mI (603) wifi:wifi driver task: 3ffc1978, prio:23, stack:6656, core=0[0m
[0;32mI (613) wifi:wifi firmware version: ccaebfa[0m
[0;32mI (613) wifi:wifi certification version: v7.0[0m
[0;32mI (613) wifi:config NVS flash: enabled[0m
[0;32mI (613) wifi:config nano formating: disabled[0m
[0;32mI (613) wifi:Init data frame dynamic rx buffer num: 32[0m
[0;32mI (623) wifi:Init static rx mgmt buffer num: 5[0m
[0;32mI (623) wifi:Init management short buffer num: 32[0m
[0;32mI (633) wifi:Init dynamic tx buffer num: 32[0m
[0;32mI (633) wifi:Init static rx buffer size: 1600[0m
[0;32mI (643) wifi:Init static rx buffer num: 10[0m
[0;32mI (643) wifi:Init dynamic rx buffer num: 32[0m
[0;32mI (643) wifi_init: rx ba win: 6[0m
[0;32mI (653) wifi_init: accept mbox: 6[0m
[0;32mI (653) wifi_init: tcpip mbox: 32[0m
[0;32mI (653) wifi_init: udp mbox: 6[0m
[0;32mI (663) wifi_init: tcp mbox: 6[0m
[0;32mI (663) wifi_init: tcp tx win: 5760[0m
[0;32mI (673) wifi_init: tcp rx win: 5760[0m
[0;32mI (673) wifi_init: tcp mss: 1440[0m
[0;32mI (673) wifi_init: WiFi IRAM OP enabled[0m
[0;32mI (683) wifi_init: WiFi RX IRAM OP enabled[0m
[0;32mI (683) noise_detector: Current SSID: MyNET_Fiber_5385[0m
[0;32mI (693) noise_detector: Current password: 1234[0m
[0;32mI (703) phy_init: phy_version 4830,54550f7,Jun 20 2024,14:22:08[0m
witam[0;31mE (793) FreeRTOS: FreeRTOS Task "blink_led" should not return, Aborting now![0m

abort() was called at PC 0x4008a03c on core 1


Backtrace: 0x40081a4e:0x3ffbcef0 0x40089509:0x3ffbcf10 0x4009116d:0x3ffbcf30 0x4008a03c:0x3ffbcfa0




ELF file SHA256: c8a3d280b

Rebooting...
ets Jul 29 2019 12:21:46

rst:0xc (SW_CPU_RESET),boot:0x13 (SPI_FAST_FLASH_BOOT)
configsip: 0, SPIWP:0xee
clk_drv:0x00,q_drv:0x00,d_drv:0x00,cs0_drv:0x00,hd_drv:0x00,wp_drv:0x00
mode:DIO, clock div:2
load:0x3fff0030,len:7176
load:0x40078000,len:15564
ho 0 tail 12 room 4
load:0x40080400,len:4
load:0x40080404,len:3904
entry 0x40080640
[0;32mI (31) boot: ESP-IDF v5.3.1 2nd stage bootloader[0m
[0;32mI (31) boot: compile time Oct 26 2024 14:46:20[0m
[0;32mI (31) boot: Multicore bootloader[0m
[0;32mI (35) boot: chip revision: v3.1[0m
[0;32mI (39) boot.esp32: SPI Speed      : 40MHz[0m
[0;32mI (44) boot.esp32: SPI Mode       : DIO[0m
[0;32mI (48) boot.esp32: SPI Flash Size : 2MB[0m
[0;32mI (53) boot: Enabling RNG early entropy source...[0m
[0;32mI (58) boot: Partition Table:[0m
[0;32mI (62) boot: ## Label            Usage          Type ST Offset   Length[0m
[0;32mI (69) boot:  0 nvs              WiFi data        01 02 00009000 00006000[0m
[0;32mI (77) boot:  1 phy_init         RF data          01 01 0000f000 00001000[0m
[0;32mI (84) boot:  2 factory          factory app      00 00 00010000 00100000[0m
[0;32mI (92) boot: End of partition table[0m
[0;32mI (96) esp_image: segment 0: paddr=00010020 vaddr=3f400020 size=251dch (152028) map[0m
[0;32mI (156) esp_image: segment 1: paddr=00035204 vaddr=3ffb0000 size=03fd8h ( 16344) load[0m
[0;32mI (163) esp_image: segment 2: paddr=000391e4 vaddr=40080000 size=06e34h ( 28212) load[0m
[0;32mI (174) esp_image: segment 3: paddr=00040020 vaddr=400d0020 size=a0fcch (659404) map[0m
[0;32mI (400) esp_image: segment 4: paddr=000e0ff4 vaddr=40086e34 size=106b4h ( 67252) load[0m
[0;32mI (438) boot: Loaded app from partition at offset 0x10000[0m
[0;32mI (438) boot: Disabling RNG early entropy source...[0m
[0;32mI (450) cpu_start: Multicore app[0m
[0;32mI (459) cpu_start: Pro cpu start user code[0m
[0;32mI (459) cpu_start: cpu freq: 160000000 Hz[0m
[0;32mI (459) app_init: Application information:[0m
[0;32mI (462) app_init: Project name:     wifi[0m
[0;32mI (466) app_init: App version:      a60de5b-dirty[0m
[0;32mI (472) app_init: Compile time:     Jan 16 2025 13:59:54[0m
[0;32mI (478) app_init: ELF file SHA256:  c8a3d280b...[0m
[0;32mI (483) app_init: ESP-IDF:          v5.3.1[0m
[0;32mI (488) efuse_init: Min chip rev:     v0.0[0m
[0;32mI (493) efuse_init: Max chip rev:     v3.99 [0m
[0;32mI (497) efuse_init: Chip rev:         v3.1[0m
[0;32mI (503) heap_init: Initializing. RAM available for dynamic allocation:[0m
[0;32mI (510) heap_init: At 3FFAE6E0 len 00001920 (6 KiB): DRAM[0m
[0;32mI (516) heap_init: At 3FFB8828 len 000277D8 (157 KiB): DRAM[0m
[0;32mI (522) heap_init: At 3FFE0440 len 00003AE0 (14 KiB): D/IRAM[0m
[0;32mI (528) heap_init: At 3FFE4350 len 0001BCB0 (111 KiB): D/IRAM[0m
[0;32mI (535) heap_init: At 400974E8 len 00008B18 (34 KiB): IRAM[0m
[0;32mI (542) spi_flash: detected chip: generic[0m
[0;32mI (545) spi_flash: flash io: dio[0m
[0;33mW (549) spi_flash: Detected size(4096k) larger than the size in the binary image header(2048k). Using the size in the binary image header.[0m
[0;32mI (563) main_task: Started on CPU0[0m
[0;32mI (573) main_task: Calling app_main()[0m
[0;32mI (603) wifi:wifi driver task: 3ffc1978, prio:23, stack:6656, core=0[0m
[0;32mI (613) wifi:wifi firmware version: ccaebfa[0m
[0;32mI (613) wifi:wifi certification version: v7.0[0m
[0;32mI (613) wifi:config NVS flash: enabled[0m
[0;32mI (613) wifi:config nano formating: disabled[0m
[0;32mI (613) wifi:Init data frame dynamic rx buffer num: 32[0m
[0;32mI (623) wifi:Init static rx mgmt buffer num: 5[0m
[0;32mI (623) wifi:Init management short buffer num: 32[0m
[0;32mI (633) wifi:Init dynamic tx buffer num: 32[0m
[0;32mI (633) wifi:Init static rx buffer size: 1600[0m
[0;32mI (643) wifi:Init static rx buffer num: 10[0m
[0;32mI (643) wifi:Init dynamic rx buffer num: 32[0m
[0;32mI (643) wifi_init: rx ba win: 6[0m
[0;32mI (653) wifi_init: accept mbox: 6[0m
[0;32mI (653) wifi_init: tcpip mbox: 32[0m
[0;32mI (653) wifi_init: udp mbox: 6[0m
[0;32mI (663) wifi_init: tcp mbox: 6[0m
[0;32mI (663) wifi_init: tcp tx win: 5760[0m
[0;32mI (673) wifi_init: tcp rx win: 5760[0m
[0;32mI (673) wifi_init: tcp mss: 1440[0m
[0;32mI (673) wifi_init: WiFi IRAM OP enabled[0m
[0;32mI (683) wifi_init: WiFi RX IRAM OP enabled[0m
[0;32mI (683) noise_detector: Current SSID: MyNET_Fiber_5385[0m
[0;32mI (693) noise_detector: Current password: 1234[0m
[0;32mI (703) phy_init: phy_version 4830,54550f7,Jun 20 2024,14:22:08[0m
witam[0;31mE (793) FreeRTOS: FreeRTOS Task "blink_led" should not return, Aborting now![0m

abort() was called at PC 0x4008a03c on core 1


Backtrace: 0x40081a4e:0x3ffbcef0 0x40089509:0x3ffbcf10 0x4009116d:0x3ffbcf30 0x4008a03c:0x3ffbcfa0




ELF file SHA256: c8a3d280b

Rebooting...
ets Jul 29 2019 12:21:46

rst:0xc (SW_CPU_RESET),boot:0x13 (SPI_FAST_FLASH_BOOT)
configsip: 0, SPIWP:0xee
