ets Jul 29 2019 12:21:46

rst:0x1 (POWERON_RESET),boot:0x13 (SPI_FAST_FLASH_BOOT)
configsip: 0, SPIWP:0xee
clk_drv:0x00,q_drv:0x00,d_drv:0x00,cs0_drv:0x00,hd_drv:0x00,wp_drv:0x00
mode:DIO, clock div:2
load:0x3fff0030,len:7176
load:0x40078000,len:15564
ho 0 tail 12 room 4
load:0x40080400,len:4
load:0x40080404,len:3904
entry 0x40080640
[0;32mI (31) boot: ESP-IDF v5.3.1 2nd stage bootloader[0m
[0;32mI (31) boot: compile time Oct 26 2024 14:46:20[0m
[0;32mI (31) boot: Multicore bootloader[0m
[0;32mI (35) boot: chip revision: v3.1[0m
[0;32mI (39) boot.esp32: SPI Speed      : 40MHz[0m
[0;32mI (44) boot.esp32: SPI Mode       : DIO[0m
[0;32mI (48) boot.esp32: SPI Flash Size : 2MB[0m
[0;32mI (53) boot: Enabling RNG early entropy source...[0m
[0;32mI (58) boot: Partition Table:[0m
[0;32mI (62) boot: ## Label            Usage          Type ST Offset   Length[0m
[0;32mI (69) boot:  0 nvs              WiFi data        01 02 00009000 00006000[0m
[0;32mI (77) boot:  1 phy_init         RF data          01 01 0000f000 00001000[0m
[0;32mI (84) boot:  2 factory          factory app      00 00 00010000 00100000[0m
[0;32mI (92) boot: End of partition table[0m
[0;32mI (96) esp_image: segment 0: paddr=00010020 vaddr=3f400020 size=26bach (158636) map[0m
[0;32mI (159) esp_image: segment 1: paddr=00036bd4 vaddr=3ffb0000 size=03fd8h ( 16344) load[0m
[0;32mI (165) esp_image: segment 2: paddr=0003abb4 vaddr=40080000 size=05464h ( 21604) load[0m
[0;32mI (174) esp_image: segment 3: paddr=00040020 vaddr=400d0020 size=a6808h (681992) map[0m
[0;32mI (408) esp_image: segment 4: paddr=000e6830 vaddr=40085464 size=12084h ( 73860) load[0m
[0;32mI (448) boot: Loaded app from partition at offset 0x10000[0m
[0;32mI (449) boot: Disabling RNG early entropy source...[0m
[0;32mI (461) cpu_start: Multicore app[0m
[0;32mI (469) cpu_start: Pro cpu start user code[0m
[0;32mI (469) cpu_start: cpu freq: 160000000 Hz[0m
[0;32mI (469) app_init: Application information:[0m
[0;32mI (472) app_init: Project name:     wifi[0m
[0;32mI (477) app_init: App version:      87454ee-dirty[0m
[0;32mI (482) app_init: Compile time:     Dec 15 2024 13:44:40[0m
[0;32mI (488) app_init: ELF file SHA256:  582b568c4...[0m
[0;32mI (493) app_init: ESP-IDF:          v5.3.1[0m
[0;32mI (498) efuse_init: Min chip rev:     v0.0[0m
[0;32mI (503) efuse_init: Max chip rev:     v3.99 [0m
[0;32mI (508) efuse_init: Chip rev:         v3.1[0m
[0;32mI (513) heap_init: Initializing. RAM available for dynamic allocation:[0m
[0;32mI (520) heap_init: At 3FFAE6E0 len 00001920 (6 KiB): DRAM[0m
[0;32mI (526) heap_init: At 3FFB8818 len 000277E8 (157 KiB): DRAM[0m
[0;32mI (532) heap_init: At 3FFE0440 len 00003AE0 (14 KiB): D/IRAM[0m
[0;32mI (538) heap_init: At 3FFE4350 len 0001BCB0 (111 KiB): D/IRAM[0m
[0;32mI (545) heap_init: At 400974E8 len 00008B18 (34 KiB): IRAM[0m
[0;32mI (553) spi_flash: detected chip: generic[0m
[0;32mI (556) spi_flash: flash io: dio[0m
[0;33mW (560) spi_flash: Detected size(4096k) larger than the size in the binary image header(2048k). Using the size in the binary image header.[0m
[0;32mI (574) main_task: Started on CPU0[0m
[0;32mI (584) main_task: Calling app_main()[0m
[0;32mI (614) wifi:wifi driver task: 3ffc06e4, prio:23, stack:6656, core=0[0m
[0;32mI (614) wifi:wifi firmware version: ccaebfa[0m
[0;32mI (614) wifi:wifi certification version: v7.0[0m
[0;32mI (614) wifi:config NVS flash: enabled[0m
[0;32mI (614) wifi:config nano formating: disabled[0m
[0;32mI (624) wifi:Init data frame dynamic rx buffer num: 32[0m
[0;32mI (624) wifi:Init static rx mgmt buffer num: 5[0m
[0;32mI (634) wifi:Init management short buffer num: 32[0m
[0;32mI (634) wifi:Init dynamic tx buffer num: 32[0m
[0;32mI (634) wifi:Init static rx buffer size: 1600[0m
[0;32mI (644) wifi:Init static rx buffer num: 10[0m
[0;32mI (644) wifi:Init dynamic rx buffer num: 32[0m
[0;32mI (654) wifi_init: rx ba win: 6[0m
[0;32mI (654) wifi_init: accept mbox: 6[0m
[0;32mI (654) wifi_init: tcpip mbox: 32[0m
[0;32mI (664) wifi_init: udp mbox: 6[0m
[0;32mI (664) wifi_init: tcp mbox: 6[0m
[0;32mI (664) wifi_init: tcp tx win: 5760[0m
[0;32mI (674) wifi_init: tcp rx win: 5760[0m
[0;32mI (674) wifi_init: tcp mss: 1440[0m
[0;32mI (684) wifi_init: WiFi IRAM OP enabled[0m
[0;32mI (684) wifi_init: WiFi RX IRAM OP enabled[0m
[0;32mI (694) noise_detector: Current SSID: MyNET_Fiber_5385[0m
[0;32mI (694) noise_detector: Current password: 8b0fc920[0m
[0;33mW (714) wifi:Password length matches WPA2 standards, authmode threshold changes from OPEN to WPA2[0m
[0;32mI (744) phy_init: phy_version 4830,54550f7,Jun 20 2024,14:22:08[0m
[0;32mI (834) wifi:mode : sta (78:ee:4c:00:06:5c)[0m
[0;32mI (834) wifi:enable tsf[0m
[0;32mI (834) main_task: Returned from app_main()[0m
[0;32mI (1244) wifi:new:<2,0>, old:<1,0>, ap:<255,255>, sta:<2,0>, prof:1, snd_ch_cfg:0x0[0m
[0;32mI (1244) wifi:state: init -> auth (0xb0)[0m
[0;32mI (1254) wifi:state: auth -> assoc (0x0)[0m
[0;32mI (1264) wifi:state: assoc -> run (0x10)[0m
[0;32mI (1304) wifi:connected with MyNET_Fiber_5385, aid = 76, channel 2, BW20, bssid = 8c:68:3a:3e:60:10[0m
[0;32mI (1314) wifi:security: WPA2-PSK, phy: bgn, rssi: -62[0m
[0;32mI (1334) wifi:pm start, type: 1[0m

[0;32mI (1334) wifi:dp: 1, bi: 102400, li: 3, scale listen interval from 307200 us to 307200 us[0m
[0;32mI (1354) wifi:AP's beacon interval = 102400 us, DTIM period = 1[0m
[0;32mI (4334) esp_netif_handlers: sta ip: 192.168.18.146, mask: 255.255.255.0, gw: 192.168.18.1[0m
[0;32mI (4334) noise_detector: 1[0m
[0;32mI (4334) noise_detector: Connected to WiFi![0m
[0;32mI (4534) noise_detector: HTTP_EVENT_ON_CONNECTED[0m
[0;32mI (4534) noise_detector: HTTP_EVENT_HEADER_SENT[0m
[0;32mI (4674) wifi:<ba-add>idx:0 (ifx:0, 8c:68:3a:3e:60:10), tid:0, ssn:5, winSize:64[0m
[0;32mI (4674) noise_detector: HTTP_EVENT_ON_HEADER, Key=Date, Value=Sun, 15 Dec 2024 12:48:19 GMT[0m
[0;32mI (4684) noise_detector: HTTP_EVENT_ON_HEADER, Key=Content-Type, Value=text/html; charset=utf-8[0m
[0;32mI (4694) noise_detector: HTTP_EVENT_ON_HEADER, Key=Content-Length, Value=9593[0m
[0;32mI (4694) noise_detector: HTTP_EVENT_ON_HEADER, Key=Connection, Value=keep-alive[0m
[0;32mI (4704) noise_detector: HTTP_EVENT_ON_HEADER, Key=Server, Value=gunicorn/19.9.0[0m
[0;32mI (4714) noise_detector: HTTP_EVENT_ON_HEADER, Key=Access-Control-Allow-Origin, Value=*[0m
[0;32mI (4724) noise_detector: HTTP_EVENT_ON_HEADER, Key=Access-Control-Allow-Credentials, Value=true[0m
[0;32mI (4734) noise_detector: HTTP_EVENT_ON_DATA, len=273[0m
[0;32mI (4744) noise_detector: HTTP_EVENT_ON_DATA, len=512[0m
[0;32mI (4744) noise_detector: HTTP_EVENT_ON_DATA, len=512[0m
[0;32mI (4754) noise_detector: HTTP_EVENT_ON_DATA, len=512[0m
[0;32mI (4754) noise_detector: HTTP_EVENT_ON_DATA, len=512[0m
[0;32mI (4764) noise_detector: HTTP_EVENT_ON_DATA, len=512[0m
[0;32mI (4764) noise_detector: HTTP_EVENT_ON_DATA, len=512[0m
[0;32mI (4774) noise_detector: HTTP_EVENT_ON_DATA, len=512[0m
[0;32mI (4784) noise_detector: HTTP_EVENT_ON_DATA, len=512[0m
[0;32mI (4784) noise_detector: HTTP_EVENT_ON_DATA, len=512[0m
[0;32mI (4794) noise_detector: HTTP_EVENT_ON_DATA, len=512[0m
[0;32mI (4794) noise_detector: HTTP_EVENT_ON_DATA, len=128[0m
[0;32mI (4944) noise_detector: HTTP_EVENT_ON_DATA, len=512[0m
[0;32mI (4944) noise_detector: HTTP_EVENT_ON_DATA, len=512[0m
[0;32mI (4944) noise_detector: HTTP_EVENT_ON_DATA, len=512[0m
[0;32mI (4954) noise_detector: HTTP_EVENT_ON_DATA, len=512[0m
[0;32mI (4954) noise_detector: HTTP_EVENT_ON_DATA, len=512[0m
[0;32mI (4964) noise_detector: HTTP_EVENT_ON_DATA, len=512[0m
[0;32mI (4974) noise_detector: HTTP_EVENT_ON_DATA, len=512[0m
[0;32mI (4974) noise_detector: HTTP_EVENT_ON_DATA, len=488[0m
[0;32mI (4974) noise_detector: HTTP_EVENT_ON_FINISH[0m
[0;32mI (4984) noise_detector: HTTP GET Status = 200, content_length = 9593[0m
[0;32mI (4994) noise_detector: Other event id:7[0m
[0;32mI (5554) noise_detector: MQTT_EVENT_CONNECTED[0m
