ets Jul 29 2019 12:21:46

rst:0x1 (POWERON_RESET),boot:0x13 (SPI_FAST_FLASH_BOOT)
configsip: 0, SPIWP:0xee
clk_drv:0x00,q_drv:0x00,d_drv:0x00,cs0_drv:0x00,hd_drv:0x00,wp_drv:0x00
mode:DIO, clock div:2
load:0x3fff0030,len:7176
load:0x40078000,len:15564
ho 0 tail 12 room 4
load:0x40080400,len:4
load:0x40080404,len:3904
entry 0x40080640
[0;32mI (31) boot: ESP-IDF v5.3.1 2nd stage bootloader[0m
[0;32mI (31) boot: compile time Oct 26 2024 14:46:20[0m
[0;32mI (31) boot: Multicore bootloader[0m
[0;32mI (35) boot: chip revision: v3.1[0m
[0;32mI (39) boot.esp32: SPI Speed      : 40MHz[0m
[0;32mI (44) boot.esp32: SPI Mode       : DIO[0m
[0;32mI (48) boot.esp32: SPI Flash Size : 2MB[0m
[0;32mI (53) boot: Enabling RNG early entropy source...[0m
[0;32mI (58) boot: Partition Table:[0m
[0;32mI (62) boot: ## Label            Usage          Type ST Offset   Length[0m
[0;32mI (69) boot:  0 nvs              WiFi data        01 02 00009000 00006000[0m
[0;32mI (77) boot:  1 phy_init         RF data          01 01 0000f000 00001000[0m
[0;32mI (84) boot:  2 factory          factory app      00 00 00010000 00100000[0m
[0;32mI (92) boot: End of partition table[0m
[0;32mI (96) esp_image: segment 0: paddr=00010020 vaddr=3f400020 size=24594h (148884) map[0m
[0;32mI (155) esp_image: segment 1: paddr=000345bc vaddr=3ffb0000 size=03f38h ( 16184) load[0m
[0;32mI (162) esp_image: segment 2: paddr=000384fc vaddr=40080000 size=07b1ch ( 31516) load[0m
[0;32mI (174) esp_image: segment 3: paddr=00040020 vaddr=400d0020 size=9d7bch (645052) map[0m
[0;32mI (395) esp_image: segment 4: paddr=000dd7e4 vaddr=40087b1c size=0f860h ( 63584) load[0m
[0;32mI (432) boot: Loaded app from partition at offset 0x10000[0m
[0;32mI (432) boot: Disabling RNG early entropy source...[0m
[0;32mI (444) cpu_start: Multicore app[0m
[0;32mI (453) cpu_start: Pro cpu start user code[0m
[0;32mI (453) cpu_start: cpu freq: 160000000 Hz[0m
[0;32mI (453) app_init: Application information:[0m
[0;32mI (456) app_init: Project name:     wifi[0m
[0;32mI (460) app_init: App version:      1[0m
[0;32mI (465) app_init: Compile time:     Oct 26 2024 14:54:38[0m
[0;32mI (471) app_init: ELF file SHA256:  7a5950cf1...[0m
[0;32mI (476) app_init: ESP-IDF:          v5.3.1[0m
[0;32mI (481) efuse_init: Min chip rev:     v0.0[0m
[0;32mI (485) efuse_init: Max chip rev:     v3.99 [0m
[0;32mI (490) efuse_init: Chip rev:         v3.1[0m
[0;32mI (495) heap_init: Initializing. RAM available for dynamic allocation:[0m
[0;32mI (503) heap_init: At 3FFAE6E0 len 00001920 (6 KiB): DRAM[0m
[0;32mI (508) heap_init: At 3FFB8748 len 000278B8 (158 KiB): DRAM[0m
[0;32mI (515) heap_init: At 3FFE0440 len 00003AE0 (14 KiB): D/IRAM[0m
[0;32mI (521) heap_init: At 3FFE4350 len 0001BCB0 (111 KiB): D/IRAM[0m
[0;32mI (528) heap_init: At 4009737C len 00008C84 (35 KiB): IRAM[0m
[0;32mI (535) spi_flash: detected chip: generic[0m
[0;32mI (538) spi_flash: flash io: dio[0m
[0;33mW (542) spi_flash: Detected size(4096k) larger than the size in the binary image header(2048k). Using the size in the binary image header.[0m
[0;32mI (556) main_task: Started on CPU0[0m
[0;32mI (566) main_task: Calling app_main()[0m
[0;32mI (596) wifi:wifi driver task: 3ffc0678, prio:23, stack:6656, core=0[0m
[0;32mI (606) wifi:wifi firmware version: ccaebfa[0m
[0;32mI (606) wifi:wifi certification version: v7.0[0m
[0;32mI (606) wifi:config NVS flash: enabled[0m
[0;32mI (606) wifi:config nano formating: disabled[0m
[0;32mI (606) wifi:Init data frame dynamic rx buffer num: 32[0m
[0;32mI (616) wifi:Init static rx mgmt buffer num: 5[0m
[0;32mI (616) wifi:Init management short buffer num: 32[0m
[0;32mI (626) wifi:Init dynamic tx buffer num: 32[0m
[0;32mI (626) wifi:Init static rx buffer size: 1600[0m
[0;32mI (636) wifi:Init static rx buffer num: 10[0m
[0;32mI (636) wifi:Init dynamic rx buffer num: 32[0m
[0;32mI (636) wifi_init: rx ba win: 6[0m
[0;32mI (646) wifi_init: accept mbox: 6[0m
[0;32mI (646) wifi_init: tcpip mbox: 32[0m
[0;32mI (646) wifi_init: udp mbox: 6[0m
[0;32mI (656) wifi_init: tcp mbox: 6[0m
[0;32mI (656) wifi_init: tcp tx win: 5760[0m
[0;32mI (666) wifi_init: tcp rx win: 5760[0m
[0;32mI (666) wifi_init: tcp mss: 1440[0m
[0;32mI (666) wifi_init: WiFi IRAM OP enabled[0m
[0;32mI (676) wifi_init: WiFi RX IRAM OP enabled[0m
[0;33mW (676) wifi:Password length matches WPA2 standards, authmode threshold changes from OPEN to WPA2[0m
[0;32mI (686) phy_init: phy_version 4830,54550f7,Jun 20 2024,14:22:08[0m
[0;32mI (776) wifi:mode : sta (78:ee:4c:00:06:5c)[0m
[0;32mI (776) wifi:enable tsf[0m
[0;32mI (796) wifi:new:<2,0>, old:<1,0>, ap:<255,255>, sta:<2,0>, prof:1, snd_ch_cfg:0x0[0m
[0;32mI (796) wifi:state: init -> auth (0xb0)[0m
[0;32mI (806) wifi:state: auth -> assoc (0x0)[0m
[0;32mI (806) wifi:state: assoc -> init (0x4a0)[0m
[0;32mI (816) wifi:new:<2,0>, old:<2,0>, ap:<255,255>, sta:<2,0>, prof:1, snd_ch_cfg:0x0[0m
[0;32mI (1316) wifi_simple: Retrying connection to the WiFi...[0m
[0;32mI (3236) wifi:new:<2,0>, old:<2,0>, ap:<255,255>, sta:<2,0>, prof:1, snd_ch_cfg:0x0[0m
[0;32mI (3236) wifi:state: init -> auth (0xb0)[0m
[0;32mI (3246) wifi:state: auth -> assoc (0x0)[0m
[0;32mI (3246) wifi:state: assoc -> run (0x10)[0m
[0;32mI (3276) wifi:connected with MyNET_Fiber_5385, aid = 60, channel 2, BW20, bssid = 8c:68:3a:3e:60:10[0m
[0;32mI (3276) wifi:security: WPA2-PSK, phy: bgn, rssi: -71[0m
[0;32mI (3286) wifi:pm start, type: 1[0m

[0;32mI (3286) wifi:dp: 1, bi: 102400, li: 3, scale listen interval from 307200 us to 307200 us[0m
[0;32mI (3296) wifi:AP's beacon interval = 102400 us, DTIM period = 1[0m
[0;32mI (3726) wifi_simple: Retrying connection to the WiFi...[0m
[0;31mE (5586) task_wdt: Task watchdog got triggered. The following tasks/users did not reset the watchdog in time:[0m
[0;31mE (5586) task_wdt:  - IDLE0 (CPU 0)[0m
[0;31mE (5586) task_wdt: Tasks currently running:[0m
[0;31mE (5586) task_wdt: CPU 0: main[0m
[0;31mE (5586) task_wdt: CPU 1: IDLE1[0m
[0;31mE (5586) task_wdt: Print CPU 0 (current core) backtrace[0m


Backtrace: 0x400D903B:0x3FFB1F00 0x400D9428:0x3FFB1F20 0x40083319:0x3FFB1F50 0x400D7A46:0x3FFBAA20 0x4016B7D7:0x3FFBAA40 0x40089FEE:0x3FFBAA70

[0;32mI (6726) esp_netif_handlers: sta ip: 192.168.18.146, mask: 255.255.255.0, gw: 192.168.18.1[0m
[0;32mI (6726) wifi_simple: Connected to WiFi![0m
[0;32mI (6976) wifi_simple: HTTP_EVENT_ON_CONNECTED[0m
[0;32mI (6986) wifi_simple: HTTP_EVENT_HEADER_SENT[0m
[0;32mI (7186) wifi:<ba-add>idx:0 (ifx:0, 8c:68:3a:3e:60:10), tid:0, ssn:4, winSize:64[0m
[0;32mI (7196) wifi_simple: HTTP_EVENT_ON_HEADER, Key=Server, Value=awselb/2.0[0m
[0;32mI (7196) wifi_simple: HTTP_EVENT_ON_HEADER, Key=Date, Value=Sun, 27 Oct 2024 10:16:36 GMT[0m
[0;32mI (7196) wifi_simple: HTTP_EVENT_ON_HEADER, Key=Content-Type, Value=text/html[0m
[0;32mI (7206) wifi_simple: HTTP_EVENT_ON_HEADER, Key=Content-Length, Value=122[0m
[0;32mI (7216) wifi_simple: HTTP_EVENT_ON_HEADER, Key=Connection, Value=close[0m
[0;32mI (7226) wifi_simple: HTTP_EVENT_ON_DATA, len=122[0m
<html>
<head><title>400 Bad Request</title></head>
<body>
<center><h1>400 Bad Request</h1></center>
</body>
</html>
[0;32mI (7236) wifi_simple: HTTP_EVENT_ON_FINISH[0m
[0;32mI (7246) wifi_simple: HTTP_EVENT_DISCONNECTED[0m
[0;32mI (7256) wifi_simple: HTTP GET Status = 400, content_length = 122[0m
[0;32mI (7256) main_task: Returned from app_main()[0m
