ets Jul 29 2019 12:21:46

rst:0x1 (POWERON_RESET),boot:0x13 (SPI_FAST_FLASH_BOOT)
configsip: 0, SPIWP:0xee
clk_drv:0x00,q_drv:0x00,d_drv:0x00,cs0_drv:0x00,hd_drv:0x00,wp_drv:0x00
mode:DIO, clock div:2
load:0x3fff0030,len:7176
load:0x40078000,len:15564
ho 0 tail 12 room 4
load:0x40080400,len:4
load:0x40080404,len:3904
entry 0x40080640
[0;32mI (31) boot: ESP-IDF v5.3.1 2nd stage bootloader[0m
[0;32mI (31) boot: compile time Oct 26 2024 14:46:20[0m
[0;32mI (31) boot: Multicore bootloader[0m
[0;32mI (35) boot: chip revision: v3.1[0m
[0;32mI (39) boot.esp32: SPI Speed      : 40MHz[0m
[0;32mI (44) boot.esp32: SPI Mode       : DIO[0m
[0;32mI (48) boot.esp32: SPI Flash Size : 2MB[0m
[0;32mI (53) boot: Enabling RNG early entropy source...[0m
[0;32mI (58) boot: Partition Table:[0m
[0;32mI (62) boot: ## Label            Usage          Type ST Offset   Length[0m
[0;32mI (69) boot:  0 nvs              WiFi data        01 02 00009000 00006000[0m
[0;32mI (77) boot:  1 phy_init         RF data          01 01 0000f000 00001000[0m
[0;32mI (84) boot:  2 factory          factory app      00 00 00010000 00100000[0m
[0;32mI (92) boot: End of partition table[0m
[0;32mI (96) esp_image: segment 0: paddr=00010020 vaddr=3f400020 size=1f4cch (128204) map[0m
[0;32mI (148) esp_image: segment 1: paddr=0002f4f4 vaddr=3ffb0000 size=00b24h (  2852) load[0m
[0;32mI (150) esp_image: segment 2: paddr=00030020 vaddr=400d0020 size=8353ch (537916) map[0m
[0;32mI (338) esp_image: segment 3: paddr=000b3564 vaddr=3ffb0b24 size=033f4h ( 13300) load[0m
[0;32mI (343) esp_image: segment 4: paddr=000b6960 vaddr=40080000 size=1737ch ( 95100) load[0m
[0;32mI (393) boot: Loaded app from partition at offset 0x10000[0m
[0;32mI (393) boot: Disabling RNG early entropy source...[0m
[0;32mI (405) cpu_start: Multicore app[0m
[0;32mI (413) cpu_start: Pro cpu start user code[0m
[0;32mI (413) cpu_start: cpu freq: 160000000 Hz[0m
[0;32mI (414) app_init: Application information:[0m
[0;32mI (416) app_init: Project name:     wifi[0m
[0;32mI (421) app_init: App version:      1[0m
[0;32mI (425) app_init: Compile time:     Oct 26 2024 14:54:38[0m
[0;32mI (431) app_init: ELF file SHA256:  b9e28d674...[0m
[0;32mI (437) app_init: ESP-IDF:          v5.3.1[0m
[0;32mI (441) efuse_init: Min chip rev:     v0.0[0m
[0;32mI (446) efuse_init: Max chip rev:     v3.99 [0m
[0;32mI (451) efuse_init: Chip rev:         v3.1[0m
[0;32mI (456) heap_init: Initializing. RAM available for dynamic allocation:[0m
[0;32mI (463) heap_init: At 3FFAE6E0 len 00001920 (6 KiB): DRAM[0m
[0;32mI (469) heap_init: At 3FFB8140 len 00027EC0 (159 KiB): DRAM[0m
[0;32mI (475) heap_init: At 3FFE0440 len 00003AE0 (14 KiB): D/IRAM[0m
[0;32mI (482) heap_init: At 3FFE4350 len 0001BCB0 (111 KiB): D/IRAM[0m
[0;32mI (488) heap_init: At 4009737C len 00008C84 (35 KiB): IRAM[0m
[0;32mI (496) spi_flash: detected chip: generic[0m
[0;32mI (499) spi_flash: flash io: dio[0m
[0;33mW (503) spi_flash: Detected size(4096k) larger than the size in the binary image header(2048k). Using the size in the binary image header.[0m
[0;32mI (517) main_task: Started on CPU0[0m
[0;32mI (527) main_task: Calling app_main()[0m
[0;32mI (557) wifi:wifi driver task: 3ffbff68, prio:23, stack:6656, core=0[0m
[0;32mI (557) wifi:wifi firmware version: ccaebfa[0m
[0;32mI (557) wifi:wifi certification version: v7.0[0m
[0;32mI (557) wifi:config NVS flash: enabled[0m
[0;32mI (557) wifi:config nano formating: disabled[0m
[0;32mI (567) wifi:Init data frame dynamic rx buffer num: 32[0m
[0;32mI (567) wifi:Init static rx mgmt buffer num: 5[0m
[0;32mI (577) wifi:Init management short buffer num: 32[0m
[0;32mI (577) wifi:Init dynamic tx buffer num: 32[0m
[0;32mI (587) wifi:Init static rx buffer size: 1600[0m
[0;32mI (587) wifi:Init static rx buffer num: 10[0m
[0;32mI (587) wifi:Init dynamic rx buffer num: 32[0m
[0;32mI (597) wifi_init: rx ba win: 6[0m
[0;32mI (597) wifi_init: accept mbox: 6[0m
[0;32mI (607) wifi_init: tcpip mbox: 32[0m
[0;32mI (607) wifi_init: udp mbox: 6[0m
[0;32mI (607) wifi_init: tcp mbox: 6[0m
[0;32mI (617) wifi_init: tcp tx win: 5760[0m
[0;32mI (617) wifi_init: tcp rx win: 5760[0m
[0;32mI (627) wifi_init: tcp mss: 1440[0m
[0;32mI (627) wifi_init: WiFi IRAM OP enabled[0m
[0;32mI (627) wifi_init: WiFi RX IRAM OP enabled[0m
[0;32mI (897) phy_init: phy_version 4830,54550f7,Jun 20 2024,14:22:08[0m
[0;33mW (897) phy_init: failed to load RF calibration data (0x1102), falling back to full calibration[0m
[0;33mW (977) phy_init: saving new calibration data because of checksum failure, mode(2)[0m
[0;32mI (997) wifi:mode : softAP (78:ee:4c:00:06:5d)[0m
[0;32mI (997) wifi:Total power save buffer number: 16[0m
[0;32mI (997) wifi:Init max length of beacon: 752/752[0m
[0;32mI (997) wifi:Init max length of beacon: 752/752[0m
[0;32mI (1007) noise_detector: ESP32 configured in Access Point mode with SSID: noise_detector[0m
[0;32mI (1007) esp_netif_lwip: DHCP server started on interface WIFI_AP_DEF with IP: 192.168.4.1[0m
[0;32mI (1017) main_task: Returned from app_main()[0m
