ï¿½ï¿½ï¿½xxxï¿½xï¿½ï¿½xxxï¿½ï¿½ets Jul 29 2019 12:21:46

rst:0x1 (POWERON_RESET),boot:0x13 (SPI_FAST_FLASH_BOOT)
configsip: 0, SPIWP:0xee
clk_drv:0x00,q_drv:0x00,d_drv:0x00,cs0_drv:0x00,hd_drv:0x00,wp_drv:0x00
mode:DIO, clock div:2
load:0x3fff0030,len:7176
load:0x40078000,len:15564
ho 0 tail 12 room 4
load:0x40080400,len:4
load:0x40080404,len:3904
entry 0x40080640
[0;32mI (31) boot: ESP-IDF v5.3.1 2nd stage bootloader[0m
[0;32mI (31) boot: compile time Oct 26 2024 14:46:20[0m
[0;32mI (31) boot: Multicore bootloader[0m
[0;32mI (35) boot: chip revision: v3.1[0m
[0;32mI (39) boot.esp32: SPI Speed      : 40MHz[0m
[0;32mI (44) boot.esp32: SPI Mode       : DIO[0m
[0;32mI (48) boot.esp32: SPI Flash Size : 2MB[0m
[0;32mI (53) boot: Enabling RNG early entropy source...[0m
[0;32mI (58) boot: Partition Table:[0m
[0;32mI (62) boot: ## Label            Usage          Type ST Offset   Length[0m
[0;32mI (69) boot:  0 nvs              WiFi data        01 02 00009000 00006000[0m
[0;32mI (77) boot:  1 phy_init         RF data          01 01 0000f000 00001000[0m
[0;32mI (84) boot:  2 factory          factory app      00 00 00010000 00100000[0m
[0;32mI (92) boot: End of partition table[0m
[0;32mI (96) esp_image: segment 0: paddr=00010020 vaddr=3f400020 size=1f194h (127380) map[0m
[0;32mI (148) esp_image: segment 1: paddr=0002f1bc vaddr=3ffb0000 size=00e5ch (  3676) load[0m
[0;32mI (150) esp_image: segment 2: paddr=00030020 vaddr=400d0020 size=83124h (536868) map[0m
[0;32mI (338) esp_image: segment 3: paddr=000b314c vaddr=3ffb0e5c size=03074h ( 12404) load[0m
[0;32mI (343) esp_image: segment 4: paddr=000b61c8 vaddr=40080000 size=1737ch ( 95100) load[0m
[0;32mI (392) boot: Loaded app from partition at offset 0x10000[0m
[0;32mI (392) boot: Disabling RNG early entropy source...[0m
[0;32mI (404) cpu_start: Multicore app[0m
[0;32mI (413) cpu_start: Pro cpu start user code[0m
[0;32mI (413) cpu_start: cpu freq: 160000000 Hz[0m
[0;32mI (413) app_init: Application information:[0m
[0;32mI (416) app_init: Project name:     wifi[0m
[0;32mI (420) app_init: App version:      1[0m
[0;32mI (425) app_init: Compile time:     Oct 26 2024 14:54:38[0m
[0;32mI (431) app_init: ELF file SHA256:  2f9fd1ef4...[0m
[0;32mI (436) app_init: ESP-IDF:          v5.3.1[0m
[0;32mI (441) efuse_init: Min chip rev:     v0.0[0m
[0;32mI (446) efuse_init: Max chip rev:     v3.99 [0m
[0;32mI (450) efuse_init: Chip rev:         v3.1[0m
[0;32mI (456) heap_init: Initializing. RAM available for dynamic allocation:[0m
[0;32mI (463) heap_init: At 3FFAE6E0 len 00001920 (6 KiB): DRAM[0m
[0;32mI (469) heap_init: At 3FFB8100 len 00027F00 (159 KiB): DRAM[0m
[0;32mI (475) heap_init: At 3FFE0440 len 00003AE0 (14 KiB): D/IRAM[0m
[0;32mI (481) heap_init: At 3FFE4350 len 0001BCB0 (111 KiB): D/IRAM[0m
[0;32mI (488) heap_init: At 4009737C len 00008C84 (35 KiB): IRAM[0m
[0;32mI (495) spi_flash: detected chip: generic[0m
[0;32mI (498) spi_flash: flash io: dio[0m
[0;33mW (502) spi_flash: Detected size(4096k) larger than the size in the binary image header(2048k). Using the size in the binary image header.[0m
[0;32mI (516) main_task: Started on CPU0[0m
[0;32mI (526) main_task: Calling app_main()[0m
[0;32mI (556) wifi:wifi driver task: 3ffc0030, prio:23, stack:6656, core=0[0m
[0;32mI (566) wifi:wifi firmware version: ccaebfa[0m
[0;32mI (566) wifi:wifi certification version: v7.0[0m
[0;32mI (566) wifi:config NVS flash: enabled[0m
[0;32mI (566) wifi:config nano formating: disabled[0m
[0;32mI (566) wifi:Init data frame dynamic rx buffer num: 32[0m
[0;32mI (576) wifi:Init static rx mgmt buffer num: 5[0m
[0;32mI (576) wifi:Init management short buffer num: 32[0m
[0;32mI (586) wifi:Init dynamic tx buffer num: 32[0m
[0;32mI (586) wifi:Init static rx buffer size: 1600[0m
[0;32mI (596) wifi:Init static rx buffer num: 10[0m
[0;32mI (596) wifi:Init dynamic rx buffer num: 32[0m
[0;32mI (596) wifi_init: rx ba win: 6[0m
[0;32mI (606) wifi_init: accept mbox: 6[0m
[0;32mI (606) wifi_init: tcpip mbox: 32[0m
[0;32mI (606) wifi_init: udp mbox: 6[0m
[0;32mI (616) wifi_init: tcp mbox: 6[0m
[0;32mI (616) wifi_init: tcp tx win: 5760[0m
[0;32mI (626) wifi_init: tcp rx win: 5760[0m
[0;32mI (626) wifi_init: tcp mss: 1440[0m
[0;32mI (626) wifi_init: WiFi IRAM OP enabled[0m
[0;32mI (636) wifi_init: WiFi RX IRAM OP enabled[0m
[0;33mW (636) wifi:Password length matches WPA2 standards, authmode threshold changes from OPEN to WPA2[0m
[0;32mI (646) phy_init: phy_version 4830,54550f7,Jun 20 2024,14:22:08[0m
[0;32mI (736) wifi:mode : sta (78:ee:4c:00:06:5c)[0m
[0;32mI (736) wifi:enable tsf[0m
[0;32mI (746) main_task: Returned from app_main()[0m
[0;32mI (756) wifi:new:<2,0>, old:<1,0>, ap:<255,255>, sta:<2,0>, prof:1, snd_ch_cfg:0x0[0m
[0;32mI (756) wifi:state: init -> auth (0xb0)[0m
[0;32mI (766) wifi:state: auth -> assoc (0x0)[0m
[0;32mI (776) wifi:state: assoc -> run (0x10)[0m
[0;32mI (796) wifi:connected with MyNET_Fiber_5385, aid = 29, channel 2, BW20, bssid = 8c:68:3a:3e:60:10[0m
[0;32mI (796) wifi:security: WPA2-PSK, phy: bgn, rssi: -62[0m
[0;32mI (806) wifi:pm start, type: 1[0m

[0;32mI (806) wifi:dp: 1, bi: 102400, li: 3, scale listen interval from 307200 us to 307200 us[0m
[0;32mI (816) wifi:AP's beacon interval = 102400 us, DTIM period = 1[0m
[0;32mI (3816) esp_netif_handlers: sta ip: 192.168.18.146, mask: 255.255.255.0, gw: 192.168.18.1[0m
[0;32mI (3816) wifi_simple: Connected to WiFi![0m
[0;32mI (9216) wifi:<ba-add>idx:0 (ifx:0, 8c:68:3a:3e:60:10), tid:0, ssn:5, winSize:64[0m
