ets Jul 29 2019 12:21:46

rst:0x1 (POWERON_RESET),boot:0x13 (SPI_FAST_FLASH_BOOT)
configsip: 0, SPIWP:0xee
clk_drv:0x00,q_drv:0x00,d_drv:0x00,cs0_drv:0x00,hd_drv:0x00,wp_drv:0x00
mode:DIO, clock div:2
load:0x3fff0030,len:7176
load:0x40078000,len:15564
ho 0 tail 12 room 4
load:0x40080400,len:4
load:0x40080404,len:3904
entry 0x40080640
[0;32mI (31) boot: ESP-IDF v5.3.1 2nd stage bootloader[0m
[0;32mI (31) boot: compile time Nov 22 2024 14:15:44[0m
[0;32mI (31) boot: Multicore bootloader[0m
[0;32mI (35) boot: chip revision: v3.1[0m
[0;32mI (39) boot.esp32: SPI Speed      : 40MHz[0m
[0;32mI (44) boot.esp32: SPI Mode       : DIO[0m
[0;32mI (48) boot.esp32: SPI Flash Size : 2MB[0m
[0;32mI (53) boot: Enabling RNG early entropy source...[0m
[0;32mI (58) boot: Partition Table:[0m
[0;32mI (62) boot: ## Label            Usage          Type ST Offset   Length[0m
[0;32mI (69) boot:  0 nvs              WiFi data        01 02 00009000 00006000[0m
[0;32mI (77) boot:  1 phy_init         RF data          01 01 0000f000 00001000[0m
[0;32mI (84) boot:  2 factory          factory app      00 00 00010000 00100000[0m
[0;32mI (92) boot: End of partition table[0m
[0;32mI (96) esp_image: segment 0: paddr=00010020 vaddr=3f400020 size=28bdch (166876) map[0m
[0;32mI (161) esp_image: segment 1: paddr=00038c04 vaddr=3ffbdb60 size=04b54h ( 19284) load[0m
[0;32mI (169) esp_image: segment 2: paddr=0003d760 vaddr=40080000 size=028b8h ( 10424) load[0m
[0;32mI (173) esp_image: segment 3: paddr=00040020 vaddr=400d0020 size=960e0h (614624) map[0m
[0;32mI (386) esp_image: segment 4: paddr=000d6108 vaddr=400828b8 size=15d68h ( 89448) load[0m
[0;32mI (434) boot: Loaded app from partition at offset 0x10000[0m
[0;32mI (434) boot: Disabling RNG early entropy source...[0m
[0;32mI (446) cpu_start: Multicore app[0m
[0;32mI (454) cpu_start: Pro cpu start user code[0m
[0;32mI (455) cpu_start: cpu freq: 160000000 Hz[0m
[0;32mI (455) app_init: Application information:[0m
[0;32mI (457) app_init: Project name:     ble_test[0m
[0;32mI (462) app_init: App version:      80e5f3c-dirty[0m
[0;32mI (468) app_init: Compile time:     Nov 22 2024 14:15:09[0m
[0;32mI (474) app_init: ELF file SHA256:  368a3155d...[0m
[0;32mI (479) app_init: ESP-IDF:          v5.3.1[0m
[0;32mI (484) efuse_init: Min chip rev:     v0.0[0m
[0;32mI (489) efuse_init: Max chip rev:     v3.99 [0m
[0;32mI (494) efuse_init: Chip rev:         v3.1[0m
[0;32mI (499) heap_init: Initializing. RAM available for dynamic allocation:[0m
[0;32mI (506) heap_init: At 3FFAFF10 len 000000F0 (0 KiB): DRAM[0m
[0;32mI (512) heap_init: At 3FFB6388 len 00001C78 (7 KiB): DRAM[0m
[0;32mI (518) heap_init: At 3FFB9A20 len 00004108 (16 KiB): DRAM[0m
[0;32mI (524) heap_init: At 3FFCA3F0 len 00015C10 (87 KiB): DRAM[0m
[0;32mI (530) heap_init: At 3FFE0440 len 00003AE0 (14 KiB): D/IRAM[0m
[0;32mI (536) heap_init: At 3FFE4350 len 0001BCB0 (111 KiB): D/IRAM[0m
[0;32mI (543) heap_init: At 40098620 len 000079E0 (30 KiB): IRAM[0m
[0;32mI (551) spi_flash: detected chip: generic[0m
[0;32mI (554) spi_flash: flash io: dio[0m
[0;33mW (558) spi_flash: Detected size(4096k) larger than the size in the binary image header(2048k). Using the size in the binary image header.[0m
[0;32mI (572) coexist: coex firmware version: 4482466[0m
[0;32mI (577) main_task: Started on CPU0[0m
[0;32mI (587) main_task: Calling app_main()[0m
[0;32mI (617) BTDM_INIT: BT controller compile version [b022216][0m
[0;32mI (617) BTDM_INIT: Bluetooth MAC: 78:ee:4c:00:06:5e[0m
[0;32mI (617) phy_init: phy_version 4830,54550f7,Jun 20 2024,14:22:08[0m
[0;32mI (1057) GATTC_DEMO: REG_EVT[0m
[0;32mI (1057) main_task: Returned from app_main()[0m
[0;32mI (1067) GATTC_DEMO: scan start success[0m
[0;32mI (1507) GATTC_DEMO: 1b 1d 7a b0 cb 7e [0m
[0;32mI (1507) GATTC_DEMO: searched Adv Data Len 31, Scan Response Len 0[0m
[0;32mI (1507) GATTC_DEMO: searched Device Name Len 0[0m
[0;32mI (1507) GATTC_DEMO:  [0m
Guru Meditation Error: Core  0 panic'ed (LoadProhibited). Exception was unhandled.

Core  0 register dump:
PC      : 0x400014fd  PS      : 0x00060930  A0      : 0x80157c11  A1      : 0x3ffcc010  
A2      : 0x00000000  A3      : 0xfffffffc  A4      : 0x000000ff  A5      : 0x0000ff00  
A6      : 0x00ff0000  A7      : 0xff000000  A8      : 0x00000000  A9      : 0x3ffcbfd0  
A10     : 0x00000000  A11     : 0x00000001  A12     : 0x3ffcc254  A13     : 0x00000000  
A14     : 0x3f403662  A15     : 0x3ffcc224  SAR     : 0x00000004  EXCCAUSE: 0x0000001c  
EXCVADDR: 0x00000000  LBEG    : 0x400014fd  LEND    : 0x4000150d  LCOUNT  : 0xffffffff  


Backtrace: 0x400014fa:0x3ffcc010 0x40157c0e:0x3ffcc020 0x4014e1d5:0x3ffcc340 0x40164a8d:0x3ffcc370 0x400964ad:0x3ffcc3a0 0x400d8f4d:0x3ffcc3f0 0x400dbcd9:0x3ffcc440 0x400dc8c1:0x3ffcc460 0x4010d13a:0x3ffcc480 0x4010d00b:0x3ffcc4a0 0x40090afa:0x3ffcc4d0




ELF file SHA256: 368a3155d

Rebooting...
ets Jul 29 2019 12:21:46

rst:0xc (SW_CPU_RESET),boot:0x13 (SPI_FAST_FLASH_BOOT)
configsip: 0, SPIWP:0xee
clk_drv:0x00,q_drv:0x00,d_drv:0x00,cs0_drv:0x00,hd_drv:0x00,wp_drv:0x00
mode:DIO, clock div:2
load:0x3fff0030,len:7176
load:0x40078000,len:15564
ho 0 tail 12 room 4
load:0x40080400,len:4
load:0x40080404,len:3904
entry 0x40080640
[0;32mI (31) boot: ESP-IDF v5.3.1 2nd stage bootloader[0m
[0;32mI (31) boot: compile time Nov 22 2024 14:15:44[0m
[0;32mI (31) boot: Multicore bootloader[0m
[0;32mI (35) boot: chip revision: v3.1[0m
[0;32mI (39) boot.esp32: SPI Speed      : 40MHz[0m
[0;32mI (44) boot.esp32: SPI Mode       : DIO[0m
[0;32mI (48) boot.esp32: SPI Flash Size : 2MB[0m
[0;32mI (53) boot: Enabling RNG early entropy source...[0m
[0;32mI (58) boot: Partition Table:[0m
[0;32mI (62) boot: ## Label            Usage          Type ST Offset   Length[0m
[0;32mI (69) boot:  0 nvs              WiFi data        01 02 00009000 00006000[0m
[0;32mI (77) boot:  1 phy_init         RF data          01 01 0000f000 00001000[0m
[0;32mI (84) boot:  2 factory          factory app      00 00 00010000 00100000[0m
[0;32mI (92) boot: End of partition table[0m
[0;32mI (96) esp_image: segment 0: paddr=00010020 vaddr=3f400020 size=28bdch (166876) map[0m
[0;32mI (161) esp_image: segment 1: paddr=00038c04 vaddr=3ffbdb60 size=04b54h ( 19284) load[0m
[0;32mI (169) esp_image: segment 2: paddr=0003d760 vaddr=40080000 size=028b8h ( 10424) load[0m
[0;32mI (173) esp_image: segment 3: paddr=00040020 vaddr=400d0020 size=960e0h (614624) map[0m
[0;32mI (386) esp_image: segment 4: paddr=000d6108 vaddr=400828b8 size=15d68h ( 89448) load[0m
[0;32mI (434) boot: Loaded app from partition at offset 0x10000[0m
[0;32mI (434) boot: Disabling RNG early entropy source...[0m
[0;32mI (446) cpu_start: Multicore app[0m
[0;32mI (454) cpu_start: Pro cpu start user code[0m
[0;32mI (454) cpu_start: cpu freq: 160000000 Hz[0m
[0;32mI (455) app_init: Application information:[0m
[0;32mI (457) app_init: Project name:     ble_test[0m
[0;32mI (462) app_init: App version:      80e5f3c-dirty[0m
[0;32mI (468) app_init: Compile time:     Nov 22 2024 14:15:09[0m
[0;32mI (474) app_init: ELF file SHA256:  368a3155d...[0m
[0;32mI (479) app_init: ESP-IDF:          v5.3.1[0m
[0;32mI (484) efuse_init: Min chip rev:     v0.0[0m
[0;32mI (489) efuse_init: Max chip rev:     v3.99 [0m
[0;32mI (493) efuse_init: Chip rev:         v3.1[0m
[0;32mI (499) heap_init: Initializing. RAM available for dynamic allocation:[0m
[0;32mI (506) heap_init: At 3FFAFF10 len 000000F0 (0 KiB): DRAM[0m
[0;32mI (512) heap_init: At 3FFB6388 len 00001C78 (7 KiB): DRAM[0m
[0;32mI (518) heap_init: At 3FFB9A20 len 00004108 (16 KiB): DRAM[0m
[0;32mI (524) heap_init: At 3FFCA3F0 len 00015C10 (87 KiB): DRAM[0m
[0;32mI (530) heap_init: At 3FFE0440 len 00003AE0 (14 KiB): D/IRAM[0m
[0;32mI (536) heap_init: At 3FFE4350 len 0001BCB0 (111 KiB): D/IRAM[0m
[0;32mI (543) heap_init: At 40098620 len 000079E0 (30 KiB): IRAM[0m
[0;32mI (551) spi_flash: detected chip: generic[0m
[0;32mI (554) spi_flash: flash io: dio[0m
[0;33mW (557) spi_flash: Detected size(4096k) larger than the size in the binary image header(2048k). Using the size in the binary image header.[0m
[0;32mI (571) coexist: coex firmware version: 4482466[0m
[0;32mI (577) main_task: Started on CPU0[0m
[0;32mI (587) main_task: Calling app_main()[0m
[0;32mI (617) BTDM_INIT: BT controller compile version [b022216][0m
[0;32mI (617) BTDM_INIT: Bluetooth MAC: 78:ee:4c:00:06:5e[0m
[0;32mI (617) phy_init: phy_version 4830,54550f7,Jun 20 2024,14:22:08[0m
[0;32mI (1057) GATTC_DEMO: REG_EVT[0m
[0;32mI (1067) main_task: Returned from app_main()[0m
[0;32mI (1077) GATTC_DEMO: scan start success[0m
[0;32mI (1257) GATTC_DEMO: 1b 1d 7a b0 cb 7e [0m
[0;32mI (1257) GATTC_DEMO: searched Adv Data Len 31, Scan Response Len 0[0m
[0;32mI (1257) GATTC_DEMO: searched Device Name Len 0[0m
[0;32mI (1267) GATTC_DEMO:  [0m
Guru Meditation Error: Core  0 panic'ed (LoadProhibited). Exception was unhandled.

Core  0 register dump:
PC      : 0x400014fd  PS      : 0x00060930  A0      : 0x80157c11  A1      : 0x3ffcc010  
A2      : 0x00000000  A3      : 0xfffffffc  A4      : 0x000000ff  A5      : 0x0000ff00  
A6      : 0x00ff0000  A7      : 0xff000000  A8      : 0x00000000  A9      : 0x3ffcbfd0  
A10     : 0x00000000  A11     : 0x00000001  A12     : 0x3ffcc254  A13     : 0x00000000  
A14     : 0x3f403662  A15     : 0x3ffcc224  SAR     : 0x00000004  EXCCAUSE: 0x0000001c  
EXCVADDR: 0x00000000  LBEG    : 0x400014fd  LEND    : 0x4000150d  LCOUNT  : 0xffffffff  


Backtrace: 0x400014fa:0x3ffcc010 0x40157c0e:0x3ffcc020 0x4014e1d5:0x3ffcc340 0x40164a8d:0x3ffcc370 0x400964ad:0x3ffcc3a0 0x400d8f4d:0x3ffcc3f0 0x400dbcd9:0x3ffcc440 0x400dc8c1:0x3ffcc460 0x4010d13a:0x3ffcc480 0x4010d00b:0x3ffcc4a0 0x40090afa:0x3ffcc4d0




ELF file SHA256: 368a3155d

Rebooting...
ets Jul 29 2019 12:21:46

rst:0xc (SW_CPU_RESET),boot:0x13 (SPI_FAST_FLASH_BOOT)
configsip: 0, SPIWP:0xee
clk_drv:0x00,q_drv:0x00,d_drv:0x00,cs0_drv:0x00,hd_drv:0x00,wp_drv:0x00
mode:DIO, clock div:2
load:0x3fff0030,len:7176
load:0x40078000,len:15564
ho 0 tail 12 room 4
load:0x40080400,len:4
load:0x40080404,len:3904
entry 0x40080640
[0;32mI (31) boot: ESP-IDF v5.3.1 2nd stage bootloader[0m
[0;32mI (31) boot: compile time Nov 22 2024 14:15:44[0m
[0;32mI (31) boot: Multicore bootloader[0m
[0;32mI (35) boot: chip revision: v3.1[0m
[0;32mI (39) boot.esp32: SPI Speed      : 40MHz[0m
[0;32mI (44) boot.esp32: SPI Mode       : DIO[0m
[0;32mI (48) boot.esp32: SPI Flash Size : 2MB[0m
[0;32mI (53) boot: Enabling RNG early entropy source...[0m
[0;32mI (58) boot: Partition Table:[0m
[0;32mI (62) boot: ## Label            Usage          Type ST Offset   Length[0m
[0;32mI (69) boot:  0 nvs              WiFi data        01 02 00009000 00006000[0m
[0;32mI (77) boot:  1 phy_init         RF data          01 01 0000f000 00001000[0m
[0;32mI (84) boot:  2 factory          factory app      00 00 00010000 00100000[0m
[0;32mI (92) boot: End of partition table[0m
[0;32mI (96) esp_image: segment 0: paddr=00010020 vaddr=3f400020 size=28bdch (166876) map[0m
[0;32mI (161) esp_image: segment 1: paddr=00038c04 vaddr=3ffbdb60 size=04b54h ( 19284) load[0m
[0;32mI (169) esp_image: segment 2: paddr=0003d760 vaddr=40080000 size=028b8h ( 10424) load[0m
[0;32mI (173) esp_image: segment 3: paddr=00040020 vaddr=400d0020 size=960e0h (614624) map[0m
[0;32mI (386) esp_image: segment 4: paddr=000d6108 vaddr=400828b8 size=15d68h ( 89448) load[0m
[0;32mI (434) boot: Loaded app from partition at offset 0x10000[0m
[0;32mI (434) boot: Disabling RNG early entropy source...[0m
[0;32mI (446) cpu_start: Multicore app[0m
[0;32mI (454) cpu_start: Pro cpu start user code[0m
[0;32mI (454) cpu_start: cpu freq: 160000000 Hz[0m
[0;32mI (455) app_init: Application information:[0m
[0;32mI (457) app_init: Project name:     ble_test[0m
[0;32mI (462) app_init: App version:      80e5f3c-dirty[0m
[0;32mI (468) app_init: Compile time:     Nov 22 2024 14:15:09[0m
[0;32mI (474) app_init: ELF file SHA256:  368a3155d...[0m
[0;32mI (479) app_init: ESP-IDF:          v5.3.1[0m
[0;32mI (484) efuse_init: Min chip rev:     v0.0[0m
[0;32mI (489) efuse_init: Max chip rev:     v3.99 [0m
[0;32mI (493) efuse_init: Chip rev:         v3.1[0m
[0;32mI (499) heap_init: Initializing. RAM available for dynamic allocation:[0m
[0;32mI (506) heap_init: At 3FFAFF10 len 000000F0 (0 KiB): DRAM[0m
[0;32mI (512) heap_init: At 3FFB6388 len 00001C78 (7 KiB): DRAM[0m
[0;32mI (518) heap_init: At 3FFB9A20 len 00004108 (16 KiB): DRAM[0m
[0;32mI (524) heap_init: At 3FFCA3F0 len 00015C10 (87 KiB): DRAM[0m
[0;32mI (530) heap_init: At 3FFE0440 len 00003AE0 (14 KiB): D/IRAM[0m
[0;32mI (536) heap_init: At 3FFE4350 len 0001BCB0 (111 KiB): D/IRAM[0m
[0;32mI (543) heap_init: At 40098620 len 000079E0 (30 KiB): IRAM[0m
[0;32mI (551) spi_flash: detected chip: generic[0m
[0;32mI (554) spi_flash: flash io: dio[0m
[0;33mW (557) spi_flash: Detected size(4096k) larger than the size in the binary image header(2048k). Using the size in the binary image header.[0m
[0;32mI (571) coexist: coex firmware version: 4482466[0m
[0;32mI (577) main_task: Started on CPU0[0m
[0;32mI (587) main_task: Calling app_main()[0m
[0;32mI (617) BTDM_INIT: BT controller compile version [b022216][0m
[0;32mI (617) BTDM_INIT: Bluetooth MAC: 78:ee:4c:00:06:5e[0m
[0;32mI (617) phy_init: phy_version 4830,54550f7,Jun 20 2024,14:22:08[0m
[0;32mI (1067) GATTC_DEMO: REG_EVT[0m
[0;32mI (1077) main_task: Returned from app_main()[0m
[0;32mI (1077) GATTC_DEMO: scan start success[0m
[0;32mI (1167) GATTC_DEMO: 1b 1d 7a b0 cb 7e [0m
[0;32mI (1167) GATTC_DEMO: searched Adv Data Len 31, Scan Response Len 0[0m
[0;32mI (1167) GATTC_DEMO: searched Device Name Len 0[0m
[0;32mI (1167) GATTC_DEMO:  [0m
Guru Meditation Error: Core  0 panic'ed (LoadProhibited). Exception was unhandled.

Core  0 register dump:
PC      : 0x400014fd  PS      : 0x00060930  A0      : 0x80157c11  A1      : 0x3ffcc010  
A2      : 0x00000000  A3      : 0xfffffffc  A4      : 0x000000ff  A5      : 0x0000ff00  
A6      : 0x00ff0000  A7      : 0xff000000  A8      : 0x00000000  A9      : 0x3ffcbfd0  
A10     : 0x00000000  A11     : 0x00000001  A12     : 0x3ffcc254  A13     : 0x00000000  
A14     : 0x3f403662  A15     : 0x3ffcc224  SAR     : 0x00000004  EXCCAUSE: 0x0000001c  
EXCVADDR: 0x00000000  LBEG    : 0x400014fd  LEND    : 0x4000150d  LCOUNT  : 0xffffffff  


Backtrace: 0x400014fa:0x3ffcc010 0x40157c0e:0x3ffcc020 0x4014e1d5:0x3ffcc340 0x40164a8d:0x3ffcc370 0x400964ad:0x3ffcc3a0 0x400d8f4d:0x3ffcc3f0 0x400dbcd9:0x3ffcc440 0x400dc8c1:0x3ffcc460 0x4010d13a:0x3ffcc480 0x4010d00b:0x3ffcc4a0 0x40090afa:0x3ffcc4d0




ELF file SHA256: 368a3155d

Rebooting...
ets Jul 29 2019 12:21:46

rst:0xc (SW_CPU_RESET),boot:0x13 (SPI_FAST_FLASH_BOOT)
configsip: 0, SPIWP:0xee
clk_drv:0x00,q_drv:0x00,d_drv:0x00,cs0_drv:0x00,hd_drv:0x00,wp_drv:0x00
mode:DIO, clock div:2
load:0x3fff0030,len:7176
load:0x40078000,len:15564
ho 0 tail 12 room 4
load:0x40080400,len:4
load:0x40080404,len:3904
entry 0x40080640
[0;32mI (31) boot: ESP-IDF v5.3.1 2nd stage bootloader[0m
[0;32mI (31) boot: compile time Nov 22 2024 14:15:44[0m
[0;32mI (31) boot: Multicore bootloader[0m
[0;32mI (35) boot: chip revision: v3.1[0m
[0;32mI (39) boot.esp32: SPI Speed      : 40MHz[0m
[0;32mI (44) boot.esp32: SPI Mode       : DIO[0m
[0;32mI (48) boot.esp32: SPI Flash Size : 2MB[0m
[0;32mI (53) boot: Enabling RNG early entropy source...[0m
[0;32mI (58) boot: Partition Table:[0m
[0;32mI (62) boot: ## Label            Usage          Type ST Offset   Length[0m
[0;32mI (69) boot:  0 nvs              WiFi data        01 02 00009000 00006000[0m
[0;32mI (77) boot:  1 phy_init         RF data          01 01 0000f000 00001000[0m
[0;32mI (84) boot:  2 factory          factory app      00 00 00010000 00100000[0m
[0;32mI (92) boot: End of partition table[0m
[0;32mI (96) esp_image: segment 0: paddr=00010020 vaddr=3f400020 size=28bdch (166876) map[0m
[0;32mI (161) esp_image: segment 1: paddr=00038c04 vaddr=3ffbdb60 size=04b54h ( 19284) load[0m
[0;32mI (169) esp_image: segment 2: paddr=0003d760 vaddr=40080000 size=028b8h ( 10424) load[0m
[0;32mI (173) esp_image: segment 3: paddr=00040020 vaddr=400d0020 size=960e0h (614624) map[0m
[0;32mI (386) esp_image: segment 4: paddr=000d6108 vaddr=400828b8 size=15d68h ( 89448) load[0m
[0;32mI (434) boot: Loaded app from partition at offset 0x10000[0m
[0;32mI (434) boot: Disabling RNG early entropy source...[0m
[0;32mI (446) cpu_start: Multicore app[0m
[0;32mI (454) cpu_start: Pro cpu start user code[0m
[0;32mI (454) cpu_start: cpu freq: 160000000 Hz[0m
[0;32mI (455) app_init: Application information:[0m
[0;32mI (457) app_init: Project name:     ble_test[0m
[0;32mI (462) app_init: App version:      80e5f3c-dirty[0m
[0;32mI (468) app_init: Compile time:     Nov 22 2024 14:15:09[0m
[0;32mI (474) app_init: ELF file SHA256:  368a3155d...[0m
[0;32mI (479) app_init: ESP-IDF:          v5.3.1[0m
[0;32mI (484) efuse_init: Min chip rev:     v0.0[0m
[0;32mI (489) efuse_init: Max chip rev:     v3.99 [0m
[0;32mI (494) efuse_init: Chip rev:         v3.1[0m
[0;32mI (499) heap_init: Initializing. RAM available for dynamic allocation:[0m
[0;32mI (506) heap_init: At 3FFAFF10 len 000000F0 (0 KiB): DRAM[0m
[0;32mI (512) heap_init: At 3FFB6388 len 00001C78 (7 KiB): DRAM[0m
[0;32mI (518) heap_init: At 3FFB9A20 len 00004108 (16 KiB): DRAM[0m
[0;32mI (524) heap_init: At 3FFCA3F0 len 00015C10 (87 KiB): DRAM[0m
[0;32mI (530) heap_init: At 3FFE0440 len 00003AE0 (14 KiB): D/IRAM[0m
[0;32mI (536) heap_init: At 3FFE4350 len 0001BCB0 (111 KiB): D/IRAM[0m
[0;32mI (543) heap_init: At 40098620 len 000079E0 (30 KiB): IRAM[0m
[0;32mI (551) spi_flash: detected chip: generic[0m
[0;32mI (554) spi_flash: flash io: dio[0m
[0;33mW (558) spi_flash: Detected size(4096k) larger than the size in the binary image header(2048k). Using the size in the binary image header.[0m
[0;32mI (572) coexist: coex firmware version: 4482466[0m
[0;32mI (577) main_task: Started on CPU0[0m
[0;32mI (587) main_task: Calling app_main()[0m
[0;32mI (617) BTDM_INIT: BT controller compile version [b022216][0m
[0;32mI (617) BTDM_INIT: Bluetooth MAC: 78:ee:4c:00:06:5e[0m
[0;32mI (617) phy_init: phy_version 4830,54550f7,Jun 20 2024,14:22:08[0m
[0;32mI (1057) GATTC_DEMO: REG_EVT[0m
[0;32mI (1057) main_task: Returned from app_main()[0m
[0;32mI (1067) GATTC_DEMO: scan start success[0m
[0;32mI (1157) GATTC_DEMO: 1b 1d 7a b0 cb 7e [0m
[0;32mI (1157) GATTC_DEMO: searched Adv Data Len 31, Scan Response Len 0[0m
[0;32mI (1157) GATTC_DEMO: searched Device Name Len 0[0m
[0;32mI (1157) GATTC_DEMO:  [0m
Guru Meditation Error: Core  0 panic'ed (LoadProhibited). Exception was unhandled.

Core  0 register dump:
PC      : 0x400014fd  PS      : 0x00060930  A0      : 0x80157c11  A1      : 0x3ffcc010  
A2      : 0x00000000  A3      : 0xfffffffc  A4      : 0x000000ff  A5      : 0x0000ff00  
A6      : 0x00ff0000  A7      : 0xff000000  A8      : 0x00000000  A9      : 0x3ffcbfd0  
A10     : 0x00000000  A11     : 0x00000001  A12     : 0x3ffcc254  A13     : 0x00000000  
A14     : 0x3f403662  A15     : 0x3ffcc224  SAR     : 0x00000004  EXCCAUSE: 0x0000001c  
EXCVADDR: 0x00000000  LBEG    : 0x400014fd  LEND    : 0x4000150d  LCOUNT  : 0xffffffff  


Backtrace: 0x400014fa:0x3ffcc010 0x40157c0e:0x3ffcc020 0x4014e1d5:0x3ffcc340 0x40164a8d:0x3ffcc370 0x400964ad:0x3ffcc3a0 0x400d8f4d:0x3ffcc3f0 0x400dbcd9:0x3ffcc440 0x400dc8c1:0x3ffcc460 0x4010d13a:0x3ffcc480 0x4010d00b:0x3ffcc4a0 0x40090afa:0x3ffcc4d0




ELF file SHA256: 368a3155d

Rebooting...
ets Jul 29 2019 12:21:46

rst:0xc (SW_CPU_RESET),boot:0x13 (SPI_FAST_FLASH_BOOT)
configsip: 0, SPIWP:0xee
clk_drv:0x00,q_drv:0x00,d_drv:0x00,cs0_drv:0x00,hd_drv:0x00,wp_drv:0x00
mode:DIO, clock div:2
load:0x3fff0030,len:7176
load:0x40078000,len:15564
ho 0 tail 12 room 4
load:0x40080400,len:4
load:0x40080404,len:3904
entry 0x40080640
[0;32mI (31) boot: ESP-IDF v5.3.1 2nd stage bootloader[0m
[0;32mI (31) boot: compile time Nov 22 2024 14:15:44[0m
[0;32mI (31) boot: Multicore bootloader[0m
[0;32mI (35) boot: chip revision: v3.1[0m
[0;32mI (39) boot.esp32: SPI Speed      : 40MHz[0m
[0;32mI (44) boot.esp32: SPI Mode       : DIO[0m
[0;32mI (48) boot.esp32: SPI Flash Size : 2MB[0m
[0;32mI (53) boot: Enabling RNG early entropy source...[0m
[0;32mI (58) boot: Partition Table:[0m
[0;32mI (62) boot: ## Label            Usage          Type ST Offset   Length[0m
[0;32mI (69) boot:  0 nvs              WiFi data        01 02 00009000 00006000[0m
[0;32mI (77) boot:  1 phy_init         RF data          01 01 0000f000 00001000[0m
[0;32mI (84) boot:  2 factory          factory app      00 00 00010000 00100000[0m
[0;32mI (92) boot: End of partition table[0m
[0;32mI (96) esp_image: segment 0: paddr=00010020 vaddr=3f400020 size=28bdch (166876) map[0m
[0;32mI (161) esp_image: segment 1: paddr=00038c04 vaddr=3ffbdb60 size=04b54h ( 19284) load[0m
[0;32mI (169) esp_image: segment 2: paddr=0003d760 vaddr=40080000 size=028b8h ( 10424) load[0m
[0;32mI (173) esp_image: segment 3: paddr=00040020 vaddr=400d0020 size=960e0h (614624) map[0m
[0;32mI (386) esp_image: segment 4: paddr=000d6108 vaddr=400828b8 size=15d68h ( 89448) load[0m
[0;32mI (434) boot: Loaded app from partition at offset 0x10000[0m
[0;32mI (434) boot: Disabling RNG early entropy source...[0m
[0;32mI (446) cpu_start: Multicore app[0m
[0;32mI (454) cpu_start: Pro cpu start user code[0m
[0;32mI (454) cpu_start: cpu freq: 160000000 Hz[0m
[0;32mI (455) app_init: Application information:[0m
[0;32mI (457) app_init: Project name:     ble_test[0m
[0;32mI (462) app_init: App version:      80e5f3c-dirty[0m
[0;32mI (468) app_init: Compile time:     Nov 22 2024 14:15:09[0m
[0;32mI (474) app_init: ELF file SHA256:  368a3155d...[0m
[0;32mI (479) app_init: ESP-IDF:          v5.3.1[0m
[0;32mI (484) efuse_init: Min chip rev:     v0.0[0m
[0;32mI (489) efuse_init: Max chip rev:     v3.99 [0m
[0;32mI (494) efuse_init: Chip rev:         v3.1[0m
[0;32mI (499) heap_init: Initializing. RAM available for dynamic allocation:[0m
[0;32mI (506) heap_init: At 3FFAFF10 len 000000F0 (0 KiB): DRAM[0m
[0;32mI (512) heap_init: At 3FFB6388 len 00001C78 (7 KiB): DRAM[0m
[0;32mI (518) heap_init: At 3FFB9A20 len 00004108 (16 KiB): DRAM[0m
[0;32mI (524) heap_init: At 3FFCA3F0 len 00015C10 (87 KiB): DRAM[0m
[0;32mI (530) heap_init: At 3FFE0440 len 00003AE0 (14 KiB): D/IRAM[0m
[0;32mI (536) heap_init: At 3FFE4350 len 0001BCB0 (111 KiB): D/IRAM[0m
[0;32mI (543) heap_init: At 40098620 len 000079E0 (30 KiB): IRAM[0m
[0;32mI (551) spi_flash: detected chip: generic[0m
[0;32mI (554) spi_flash: flash io: dio[0m
[0;33mW (558) spi_flash: Detected size(4096k) larger than the size in the binary image header(2048k). Using the size in the binary image header.[0m
[0;32mI (572) coexist: coex firmware version: 4482466[0m
[0;32mI (577) main_task: Started on CPU0[0m
[0;32mI (587) main_task: Calling app_main()[0m
[0;32mI (617) BTDM_INIT: BT controller compile version [b022216][0m
[0;32mI (617) BTDM_INIT: Bluetooth MAC: 78:ee:4c:00:06:5e[0m
[0;32mI (617) phy_init: phy_version 4830,54550f7,Jun 20 2024,14:22:08[0m
[0;32mI (1067) GATTC_DEMO: REG_EVT[0m
[0;32mI (1067) main_task: Returned from app_main()[0m
[0;32mI (1077) GATTC_DEMO: scan start success[0m
[0;32mI (1257) GATTC_DEMO: 1b 1d 7a b0 cb 7e [0m
[0;32mI (1257) GATTC_DEMO: searched Adv Data Len 31, Scan Response Len 0[0m
[0;32mI (1257) GATTC_DEMO: searched Device Name Len 0[0m
[0;32mI (1267) GATTC_DEMO:  [0m
Guru Meditation Error: Core  0 panic'ed (LoadProhibited). Exception was unhandled.

Core  0 register dump:
PC      : 0x400014fd  PS      : 0x00060930  A0      : 0x80157c11  A1      : 0x3ffcc010  
A2      : 0x00000000  A3      : 0xfffffffc  A4      : 0x000000ff  A5      : 0x0000ff00  
A6      : 0x00ff0000  A7      : 0xff000000  A8      : 0x00000000  A9      : 0x3ffcbfd0  
A10     : 0x00000000  A11     : 0x00000001  A12     : 0x3ffcc254  A13     : 0x00000000  
A14     : 0x3f403662  A15     : 0x3ffcc224  SAR     : 0x00000004  EXCCAUSE: 0x0000001c  
EXCVADDR: 0x00000000  LBEG    : 0x400014fd  LEND    : 0x4000150d  LCOUNT  : 0xffffffff  


Backtrace: 0x400014fa:0x3ffcc010 0x40157c0e:0x3ffcc020 0x4014e1d5:0x3ffcc340 0x40164a8d:0x3ffcc370 0x400964ad:0x3ffcc3a0 0x400d8f4d:0x3ffcc3f0 0x400dbcd9:0x3ffcc440 0x400dc8c1:0x3ffcc460 0x4010d13a:0x3ffcc480 0x4010d00b:0x3ffcc4a0 0x40090afa:0x3ffcc4d0




ELF file SHA256: 368a3155d

Rebooting...
ets Jul 29 2019 12:21:46

rst:0xc (SW_CPU_RESET),boot:0x13 (SPI_FAST_FLASH_BOOT)
configsip: 0, SPIWP:0xee
clk_drv:0x00,q_drv:0x00,d_drv:0x00,cs0_drv:0x00,hd_drv:0x00,wp_drv:0x00
mode:DIO, clock div:2
load:0x3fff0030,len:7176
load:0x40078000,len:15564
ho 0 tail 12 room 4
load:0x40080400,len:4
load:0x40080404,len:3904
entry 0x40080640
[0;32mI (31) boot: ESP-IDF v5.3.1 2nd stage bootloader[0m
[0;32mI (31) boot: compile time Nov 22 2024 14:15:44[0m
[0;32mI (31) boot: Multicore bootloader[0m
[0;32mI (35) boot: chip revision: v3.1[0m
[0;32mI (39) boot.esp32: SPI Speed      : 40MHz[0m
[0;32mI (44) boot.esp32: SPI Mode       : DIO[0m
[0;32mI (48) boot.esp32: SPI Flash Size : 2MB[0m
[0;32mI (53) boot: Enabling RNG early entropy source...[0m
[0;32mI (58) boot: Partition Table:[0m
[0;32mI (62) boot: ## Label            Usage          Type ST Offset   Length[0m
[0;32mI (69) boot:  0 nvs              WiFi data        01 02 00009000 00006000[0m
[0;32mI (77) boot:  1 phy_init         RF data          01 01 0000f000 00001000[0m
[0;32mI (84) boot:  2 factory          factory app      00 00 00010000 00100000[0m
[0;32mI (92) boot: End of partition table[0m
[0;32mI (96) esp_image: segment 0: paddr=00010020 vaddr=3f400020 size=28bdch (166876) map[0m
[0;32mI (161) esp_image: segment 1: paddr=00038c04 vaddr=3ffbdb60 size=04b54h ( 19284) load[0m
[0;32mI (169) esp_image: segment 2: paddr=0003d760 vaddr=40080000 size=028b8h ( 10424) load[0m
[0;32mI (173) esp_image: segment 3: paddr=00040020 vaddr=400d0020 size=960e0h (614624) map[0m
[0;32mI (386) esp_image: segment 4: paddr=000d6108 vaddr=400828b8 size=15d68h ( 89448) load[0m
[0;32mI (434) boot: Loaded app from partition at offset 0x10000[0m
[0;32mI (434) boot: Disabling RNG early entropy source...[0m
[0;32mI (446) cpu_start: Multicore app[0m
[0;32mI (454) cpu_start: Pro cpu start user code[0m
[0;32mI (454) cpu_start: cpu freq: 160000000 Hz[0m
[0;32mI (455) app_init: Application information:[0m
[0;32mI (457) app_init: Project name:     ble_test[0m
[0;32mI (462) app_init: App version:      80e5f3c-dirty[0m
[0;32mI (468) app_init: Compile time:     Nov 22 2024 14:15:09[0m
[0;32mI (474) app_init: ELF file SHA256:  368a3155d...[0m
[0;32mI (479) app_init: ESP-IDF:          v5.3.1[0m
[0;32mI (484) efuse_init: Min chip rev:     v0.0[0m
[0;32mI (489) efuse_init: Max chip rev:     v3.99 [0m
[0;32mI (494) efuse_init: Chip rev:         v3.1[0m
[0;32mI (499) heap_init: Initializing. RAM available for dynamic allocation:[0m
[0;32mI (506) heap_init: At 3FFAFF10 len 000000F0 (0 KiB): DRAM[0m
[0;32mI (512) heap_init: At 3FFB6388 len 00001C78 (7 KiB): DRAM[0m
[0;32mI (518) heap_init: At 3FFB9A20 len 00004108 (16 KiB): DRAM[0m
[0;32mI (524) heap_init: At 3FFCA3F0 len 00015C10 (87 KiB): DRAM[0m
[0;32mI (530) heap_init: At 3FFE0440 len 00003AE0 (14 KiB): D/IRAM[0m
[0;32mI (536) heap_init: At 3FFE4350 len 0001BCB0 (111 KiB): D/IRAM[0m
[0;32mI (543) heap_init: At 40098620 len 000079E0 (30 KiB): IRAM[0m
[0;32mI (551) spi_flash: detected chip: generic[0m
[0;32mI (554) spi_flash: flash io: dio[0m
[0;33mW (558) spi_flash: Detected size(4096k) larger than the size in the binary image header(2048k). Using the size in the binary image header.[0m
[0;32mI (572) coexist: coex firmware version: 4482466[0m
[0;32mI (577) main_task: Started on CPU0[0m
[0;32mI (587) main_task: Calling app_main()[0m
[0;32mI (617) BTDM_INIT: BT controller compile version [b022216][0m
[0;32mI (617) BTDM_INIT: Bluetooth MAC: 78:ee:4c:00:06:5e[0m
[0;32mI (617) phy_init: phy_version 4830,54550f7,Jun 20 2024,14:22:08[0m
[0;32mI (1047) GATTC_DEMO: REG_EVT[0m
[0;32mI (1057) main_task: Returned from app_main()[0m
[0;32mI (1057) GATTC_DEMO: scan start success[0m
[0;32mI (1097) GATTC_DEMO: dd 28 03 52 c7 6d [0m
[0;32mI (1097) GATTC_DEMO: searched Adv Data Len 8, Scan Response Len 0[0m
[0;32mI (1097) GATTC_DEMO: searched Device Name Len 0[0m
[0;32mI (1097) GATTC_DEMO:  [0m
Guru Meditation Error: Core  0 panic'ed (LoadProhibited). Exception was unhandled.

Core  0 register dump:
PC      : 0x400014fd  PS      : 0x00060930  A0      : 0x80157c11  A1      : 0x3ffcc010  
A2      : 0x00000000  A3      : 0xfffffffc  A4      : 0x000000ff  A5      : 0x0000ff00  
A6      : 0x00ff0000  A7      : 0xff000000  A8      : 0x00000000  A9      : 0x3ffcbfd0  
A10     : 0x00000000  A11     : 0x00000001  A12     : 0x3ffcc254  A13     : 0x00000000  
A14     : 0x3f403662  A15     : 0x3ffcc224  SAR     : 0x00000004  EXCCAUSE: 0x0000001c  
EXCVADDR: 0x00000000  LBEG    : 0x400014fd  LEND    : 0x4000150d  LCOUNT  : 0xffffffff  


Backtrace: 0x400014fa:0x3ffcc010 0x40157c0e:0x3ffcc020 0x4014e1d5:0x3ffcc340 0x40164a8d:0x3ffcc370 0x400964ad:0x3ffcc3a0 0x400d8f4d:0x3ffcc3f0 0x400dbcd9:0x3ffcc440 0x400dc8c1:0x3ffcc460 0x4010d13a:0x3ffcc480 0x4010d00b:0x3ffcc4a0 0x40090afa:0x3ffcc4d0




ELF file SHA256: 368a3155d

Rebooting...
ets Jul 29 2019 12:21:46

rst:0xc (SW_CPU_RESET),boot:0x13 (SPI_FAST_FLASH_BOOT)
configsip: 0, SPIWP:0xee
clk_drv:0x00,q_drv:0x00,d_drv:0x00,cs0_drv:0x00,hd_drv:0x00,wp_drv:0x00
mode:DIO, clock div:2
load:0x3fff0030,len:7176
load:0x40078000,len:15564
ho 0 tail 12 room 4
load:0x40080400,len:4
load:0x40080404,len:3904
entry 0x40080640
[0;32mI (31) boot: ESP-IDF v5.3.1 2nd stage bootloader[0m
[0;32mI (31) boot: compile time Nov 22 2024 14:15:44[0m
[0;32mI (31) boot: Multicore bootloader[0m
[0;32mI (35) boot: chip revision: v3.1[0m
[0;32mI (39) boot.esp32: SPI Speed      : 40MHz[0m
[0;32mI (44) boot.esp32: SPI Mode       : DIO[0m
[0;32mI (48) boot.esp32: SPI Flash Size : 2MB[0m
[0;32mI (53) boot: Enabling RNG early entropy source...[0m
[0;32mI (58) boot: Partition Table:[0m
[0;32mI (62) boot: ## Label            Usage          Type ST Offset   Length[0m
[0;32mI (69) boot:  0 nvs              WiFi data        01 02 00009000 00006000[0m
[0;32mI (77) boot:  1 phy_init         RF data          01 01 0000f000 00001000[0m
[0;32mI (84) boot:  2 factory          factory app      00 00 00010000 00100000[0m
[0;32mI (92) boot: End of partition table[0m
[0;32mI (96) esp_image: segment 0: paddr=00010020 vaddr=3f400020 size=28bdch (166876) map[0m
[0;32mI (161) esp_image: segment 1: paddr=00038c04 vaddr=3ffbdb60 size=04b54h ( 19284) load[0m
[0;32mI (169) esp_image: segment 2: paddr=0003d760 vaddr=40080000 size=028b8h ( 10424) load[0m
[0;32mI (173) esp_image: segment 3: paddr=00040020 vaddr=400d0020 size=960e0h (614624) map[0m
[0;32mI (386) esp_image: segment 4: paddr=000d6108 vaddr=400828b8 size=15d68h ( 89448) load[0m
[0;32mI (434) boot: Loaded app from partition at offset 0x10000[0m
[0;32mI (434) boot: Disabling RNG early entropy source...[0m
[0;32mI (446) cpu_start: Multicore app[0m
[0;32mI (454) cpu_start: Pro cpu start user code[0m
[0;32mI (454) cpu_start: cpu freq: 160000000 Hz[0m
[0;32mI (455) app_init: Application information:[0m
[0;32mI (457) app_init: Project name:     ble_test[0m
[0;32mI (462) app_init: App version:      80e5f3c-dirty[0m
[0;32mI (468) app_init: Compile time:     Nov 22 2024 14:15:09[0m
[0;32mI (474) app_init: ELF file SHA256:  368a3155d...[0m
[0;32mI (479) app_init: ESP-IDF:          v5.3.1[0m
[0;32mI (484) efuse_init: Min chip rev:     v0.0[0m
[0;32mI (489) efuse_init: Max chip rev:     v3.99 [0m
[0;32mI (493) efuse_init: Chip rev:         v3.1[0m
[0;32mI (499) heap_init: Initializing. RAM available for dynamic allocation:[0m
[0;32mI (506) heap_init: At 3FFAFF10 len 000000F0 (0 KiB): DRAM[0m
[0;32mI (512) heap_init: At 3FFB6388 len 00001C78 (7 KiB): DRAM[0m
[0;32mI (518) heap_init: At 3FFB9A20 len 00004108 (16 KiB): DRAM[0m
[0;32mI (524) heap_init: At 3FFCA3F0 len 00015C10 (87 KiB): DRAM[0m
[0;32mI (530) heap_init: At 3FFE0440 len 00003AE0 (14 KiB): D/IRAM[0m
[0;32mI (536) heap_init: At 3FFE4350 len 0001BCB0 (111 KiB): D/IRAM[0m
[0;32mI (543) heap_init: At 40098620 len 000079E0 (30 KiB): IRAM[0m
[0;32mI (551) spi_flash: detected chip: generic[0m
[0;32mI (554) spi_flash: flash io: dio[0m
[0;33mW (557) spi_flash: Detected size(4096k) larger than the size in the binary image header(2048k). Using the size in the binary image header.[0m
[0;32mI (571) coexist: coex firmware version: 4482466[0m
[0;32mI (577) main_task: Started on CPU0[0m
[0;32mI (587) main_task: Calling app_main()[0m
[0;32mI (617) BTDM_INIT: BT controller compile version [b022216][0m
[0;32mI (617) BTDM_INIT: Bluetooth MAC: 78:ee:4c:00:06:5e[0m
[0;32mI (617) phy_init: phy_version 4830,54550f7,Jun 20 2024,14:22:08[0m
[0;32mI (1047) GATTC_DEMO: REG_EVT[0m
[0;32mI (1047) main_task: Returned from app_main()[0m
[0;32mI (1057) GATTC_DEMO: scan start success[0m
[0;32mI (1097) GATTC_DEMO: 1b 1d 7a b0 cb 7e [0m
[0;32mI (1097) GATTC_DEMO: searched Adv Data Len 31, Scan Response Len 0[0m
[0;32mI (1097) GATTC_DEMO: searched Device Name Len 0[0m
[0;32mI (1097) GATTC_DEMO:  [0m
Guru Meditation Error: Core  0 panic'ed (LoadProhibited). Exception was unhandled.

Core  0 register dump:
PC      : 0x400014fd  PS      : 0x00060930  A0      : 0x80157c11  A1      : 0x3ffcc010  
A2      : 0x00000000  A3      : 0xfffffffc  A4      : 0x000000ff  A5      : 0x0000ff00  
A6      : 0x00ff0000  A7      : 0xff000000  A8      : 0x00000000  A9      : 0x3ffcbfd0  
A10     : 0x00000000  A11     : 0x00000001  A12     : 0x3ffcc254  A13     : 0x00000000  
A14     : 0x3f403662  A15     : 0x3ffcc224  SAR     : 0x00000004  EXCCAUSE: 0x0000001c  
EXCVADDR: 0x00000000  LBEG    : 0x400014fd  LEND    : 0x4000150d  LCOUNT  : 0xffffffff  


Backtrace: 0x400014fa:0x3ffcc010 0x40157c0e:0x3ffcc020 0x4014e1d5:0x3ffcc340 0x40164a8d:0x3ffcc370 0x400964ad:0x3ffcc3a0 0x400d8f4d:0x3ffcc3f0 0x400dbcd9:0x3ffcc440 0x400dc8c1:0x3ffcc460 0x4010d13a:0x3ffcc480 0x4010d00b:0x3ffcc4a0 0x40090afa:0x3ffcc4d0




ELF file SHA256: 368a3155d

Rebooting...
ets Jul 29 2019 12:21:46

rst:0xc (SW_CPU_RESET),boot:0x13 (SPI_FAST_FLASH_BOOT)
configsip: 0, SPIWP:0xee
clk_drv:0x00,q_drv:0x00,d_drv:0x00,cs0_drv:0x00,hd_drv:0x00,wp_drv:0x00
mode:DIO, clock div:2
load:0x3fff0030,len:7176
load:0x40078000,len:15564
ho 0 tail 12 room 4
load:0x40080400,len:4
load:0x40080404,len:3904
entry 0x40080640
[0;32mI (31) boot: ESP-IDF v5.3.1 2nd stage bootloader[0m
[0;32mI (31) boot: compile time Nov 22 2024 14:15:44[0m
[0;32mI (31) boot: Multicore bootloader[0m
[0;32mI (35) boot: chip revision: v3.1[0m
[0;32mI (39) boot.esp32: SPI Speed      : 40MHz[0m
[0;32mI (44) boot.esp32: SPI Mode       : DIO[0m
[0;32mI (48) boot.esp32: SPI Flash Size : 2MB[0m
[0;32mI (53) boot: Enabling RNG early entropy source...[0m
[0;32mI (58) boot: Partition Table:[0m
[0;32mI (62) boot: ## Label            Usage          Type ST Offset   Length[0m
[0;32mI (69) boot:  0 nvs              WiFi data        01 02 00009000 00006000[0m
[0;32mI (77) boot:  1 phy_init         RF data          01 01 0000f000 00001000[0m
[0;32mI (84) boot:  2 factory          factory app      00 00 00010000 00100000[0m
[0;32mI (92) boot: End of partition table[0m
[0;32mI (96) esp_image: segment 0: paddr=00010020 vaddr=3f400020 size=28bdch (166876) map[0m
[0;32mI (161) esp_image: segment 1: paddr=00038c04 vaddr=3ffbdb60 size=04b54h ( 19284) load[0m
[0;32mI (169) esp_image: segment 2: paddr=0003d760 vaddr=40080000 size=028b8h ( 10424) load[0m
[0;32mI (173) esp_image: segment 3: paddr=00040020 vaddr=400d0020 size=960e0h (614624) map[0m
[0;32mI (386) esp_image: segment 4: paddr=000d6108 vaddr=400828b8 size=15d68h ( 89448) load[0m
[0;32mI (434) boot: Loaded app from partition at offset 0x10000[0m
[0;32mI (434) boot: Disabling RNG early entropy source...[0m
[0;32mI (446) cpu_start: Multicore app[0m
[0;32mI (454) cpu_start: Pro cpu start user code[0m
[0;32mI (454) cpu_start: cpu freq: 160000000 Hz[0m
[0;32mI (455) app_init: Application information:[0m
[0;32mI (457) app_init: Project name:     ble_test[0m
[0;32mI (462) app_init: App version:      80e5f3c-dirty[0m
[0;32mI (468) app_init: Compile time:     Nov 22 2024 14:15:09[0m
[0;32mI (474) app_init: ELF file SHA256:  368a3155d...[0m
[0;32mI (479) app_init: ESP-IDF:          v5.3.1[0m
[0;32mI (484) efuse_init: Min chip rev:     v0.0[0m
[0;32mI (489) efuse_init: Max chip rev:     v3.99 [0m
[0;32mI (493) efuse_init: Chip rev:         v3.1[0m
[0;32mI (499) heap_init: Initializing. RAM available for dynamic allocation:[0m
[0;32mI (506) heap_init: At 3FFAFF10 len 000000F0 (0 KiB): DRAM[0m
[0;32mI (512) heap_init: At 3FFB6388 len 00001C78 (7 KiB): DRAM[0m
[0;32mI (518) heap_init: At 3FFB9A20 len 00004108 (16 KiB): DRAM[0m
[0;32mI (524) heap_init: At 3FFCA3F0 len 00015C10 (87 KiB): DRAM[0m
[0;32mI (530) heap_init: At 3FFE0440 len 00003AE0 (14 KiB): D/IRAM[0m
[0;32mI (536) heap_init: At 3FFE4350 len 0001BCB0 (111 KiB): D/IRAM[0m
[0;32mI (543) heap_init: At 40098620 len 000079E0 (30 KiB): IRAM[0m
[0;32mI (551) spi_flash: detected chip: generic[0m
[0;32mI (554) spi_flash: flash io: dio[0m
[0;33mW (558) spi_flash: Detected size(4096k) larger than the size in the binary image header(2048k). Using the size in the binary image header.[0m
[0;32mI (572) coexist: coex firmware version: 4482466[0m
[0;32mI (577) main_task: Started on CPU0[0m
[0;32mI (587) main_task: Calling app_main()[0m
[0;32mI (617) BTDM_INIT: BT controller compile version [b022216][0m
[0;32mI (617) BTDM_INIT: Bluetooth MAC: 78:ee:4c:00:06:5e[0m
[0;32mI (617) phy_init: phy_version 4830,54550f7,Jun 20 2024,14:22:08[0m
[0;32mI (1057) GATTC_DEMO: REG_EVT[0m
[0;32mI (1067) main_task: Returned from app_main()[0m
[0;32mI (1077) GATTC_DEMO: scan start success[0m
[0;32mI (1157) GATTC_DEMO: 1b 1d 7a b0 cb 7e [0m
[0;32mI (1157) GATTC_DEMO: searched Adv Data Len 31, Scan Response Len 0[0m
[0;32mI (1157) GATTC_DEMO: searched Device Name Len 0[0m
[0;32mI (1157) GATTC_DEMO:  [0m
Guru Meditation Error: Core  0 panic'ed (LoadProhibited). Exception was unhandled.

Core  0 register dump:
PC      : 0x400014fd  PS      : 0x00060930  A0      : 0x80157c11  A1      : 0x3ffcc010  
A2      : 0x00000000  A3      : 0xfffffffc  A4      : 0x000000ff  A5      : 0x0000ff00  
A6      : 0x00ff0000  A7      : 0xff000000  A8      : 0x00000000  A9      : 0x3ffcbfd0  
A10     : 0x00000000  A11     : 0x00000001  A12     : 0x3ffcc254  A13     : 0x00000000  
A14     : 0x3f403662  A15     : 0x3ffcc224  SAR     : 0x00000004  EXCCAUSE: 0x0000001c  
EXCVADDR: 0x00000000  LBEG    : 0x400014fd  LEND    : 0x4000150d  LCOUNT  : 0xffffffff  


Backtrace: 0x400014fa:0x3ffcc010 0x40157c0e:0x3ffcc020 0x4014e1d5:0x3ffcc340 0x40164a8d:0x3ffcc370 0x400964ad:0x3ffcc3a0 0x400d8f4d:0x3ffcc3f0 0x400dbcd9:0x3ffcc440 0x400dc8c1:0x3ffcc460 0x4010d13a:0x3ffcc480 0x4010d00b:0x3ffcc4a0 0x40090afa:0x3ffcc4d0




ELF file SHA256: 368a3155d

Rebooting...
ets Jul 29 2019 12:21:46

rst:0xc (SW_CPU_RESET),boot:0x13 (SPI_FAST_FLASH_BOOT)
configsip: 0, SPIWP:0xee
clk_drv:0x00,q_drv:0x00,d_drv:0x00,cs0_drv:0x00,hd_drv:0x00,wp_drv:0x00
mode:DIO, clock div:2
load:0x3fff0030,len:7176
load:0x40078000,len:15564
ho 0 tail 12 room 4
load:0x40080400,len:4
load:0x40080404,len:3904
entry 0x40080640
[0;32mI (31) boot: ESP-IDF v5.3.1 2nd stage bootloader[0m
[0;32mI (31) boot: compile time Nov 22 2024 14:15:44[0m
[0;32mI (31) boot: Multicore bootloader[0m
[0;32mI (35) boot: chip revision: v3.1[0m
[0;32mI (39) boot.esp32: SPI Speed      : 40MHz[0m
[0;32mI (44) boot.esp32: SPI Mode       : DIO[0m
[0;32mI (48) boot.esp32: SPI Flash Size : 2MB[0m
[0;32mI (53) boot: Enabling RNG early entropy source...[0m
[0;32mI (58) boot: Partition Table:[0m
[0;32mI (62) boot: ## Label            Usage          Type ST Offset   Length[0m
[0;32mI (69) boot:  0 nvs              WiFi data        01 02 00009000 00006000[0m
[0;32mI (77) boot:  1 phy_init         RF data          01 01 0000f000 00001000[0m
[0;32mI (84) boot:  2 factory          factory app      00 00 00010000 00100000[0m
[0;32mI (92) boot: End of partition table[0m
[0;32mI (96) esp_image: segment 0: paddr=00010020 vaddr=3f400020 size=28bdch (166876) map[0m
[0;32mI (161) esp_image: segment 1: paddr=00038c04 vaddr=3ffbdb60 size=04b54h ( 19284) load[0m
[0;32mI (169) esp_image: segment 2: paddr=0003d760 vaddr=40080000 size=028b8h ( 10424) load[0m
[0;32mI (173) esp_image: segment 3: paddr=00040020 vaddr=400d0020 size=960e0h (614624) map[0m
[0;32mI (386) esp_image: segment 4: paddr=000d6108 vaddr=400828b8 size=15d68h ( 89448) load[0m
[0;32mI (434) boot: Loaded app from partition at offset 0x10000[0m
[0;32mI (434) boot: Disabling RNG early entropy source...[0m
[0;32mI (446) cpu_start: Multicore app[0m
[0;32mI (454) cpu_start: Pro cpu start user code[0m
[0;32mI (454) cpu_start: cpu freq: 160000000 Hz[0m
[0;32mI (455) app_init: Application information:[0m
[0;32mI (457) app_init: Project name:     ble_test[0m
[0;32mI (462) app_init: App version:      80e5f3c-dirty[0m
[0;32mI (468) app_init: Compile time:     Nov 22 2024 14:15:09[0m
[0;32mI (474) app_init: ELF file SHA256:  368a3155d...[0m
[0;32mI (479) app_init: ESP-IDF:          v5.3.1[0m
[0;32mI (484) efuse_init: Min chip rev:     v0.0[0m
[0;32mI (489) efuse_init: Max chip rev:     v3.99 [0m
[0;32mI (494) efuse_init: Chip rev:         v3.1[0m
[0;32mI (499) heap_init: Initializing. RAM available for dynamic allocation:[0m
[0;32mI (506) heap_init: At 3FFAFF10 len 000000F0 (0 KiB): DRAM[0m
[0;32mI (512) heap_init: At 3FFB6388 len 00001C78 (7 KiB): DRAM[0m
[0;32mI (518) heap_init: At 3FFB9A20 len 00004108 (16 KiB): DRAM[0m
[0;32mI (524) heap_init: At 3FFCA3F0 len 00015C10 (87 KiB): DRAM[0m
[0;32mI (530) heap_init: At 3FFE0440 len 00003AE0 (14 KiB): D/IRAM[0m
[0;32mI (536) heap_init: At 3FFE4350 len 0001BCB0 (111 KiB): D/IRAM[0m
[0;32mI (543) heap_init: At 40098620 len 000079E0 (30 KiB): IRAM[0m
[0;32mI (551) spi_flash: detected chip: generic[0m
[0;32mI (554) spi_flash: flash io: dio[0m
[0;33mW (558) spi_flash: Detected size(4096k) larger than the size in the binary image header(2048k). Using the size in the binary image header.[0m
[0;32mI (572) coexist: coex firmware version: 4482466[0m
[0;32mI (577) main_task: Started on CPU0[0m
[0;32mI (587) main_task: Calling app_main()[0m
[0;32mI (617) BTDM_INIT: BT controller compile version [b022216][0m
[0;32mI (617) BTDM_INIT: Bluetooth MAC: 78:ee:4c:00:06:5e[0m
[0;32mI (617) phy_init: phy_version 4830,54550f7,Jun 20 2024,14:22:08[0m
[0;32mI (1067) GATTC_DEMO: REG_EVT[0m
[0;32mI (1067) main_task: Returned from app_main()[0m
[0;32mI (1077) GATTC_DEMO: scan start success[0m
[0;32mI (1157) GATTC_DEMO: 1b 1d 7a b0 cb 7e [0m
[0;32mI (1157) GATTC_DEMO: searched Adv Data Len 31, Scan Response Len 0[0m
[0;32mI (1167) GATTC_DEMO: searched Device Name Len 0[0m
[0;32mI (1167) GATTC_DEMO:  [0m
Guru Meditation Error: Core  0 panic'ed (LoadProhibited). Exception was unhandled.

Core  0 register dump:
PC      : 0x400014fd  PS      : 0x00060930  A0      : 0x80157c11  A1      : 0x3ffcc010  
A2      : 0x00000000  A3      : 0xfffffffc  A4      : 0x000000ff  A5      : 0x0000ff00  
A6      : 0x00ff0000  A7      : 0xff000000  A8      : 0x00000000  A9      : 0x3ffcbfd0  
A10     : 0x00000000  A11     : 0x00000001  A12     : 0x3ffcc254  A13     : 0x00000000  
A14     : 0x3f403662  A15     : 0x3ffcc224  SAR     : 0x00000004  EXCCAUSE: 0x0000001c  
EXCVADDR: 0x00000000  LBEG    : 0x400014fd  LEND    : 0x4000150d  LCOUNT  : 0xffffffff  


Backtrace: 0x400014fa:0x3ffcc010 0x40157c0e:0x3ffcc020 0x4014e1d5:0x3ffcc340 0x40164a8d:0x3ffcc370 0x400964ad:0x3ffcc3a0 0x400d8f4d:0x3ffcc3f0 0x400dbcd9:0x3ffcc440 0x400dc8c1:0x3ffcc460 0x4010d13a:0x3ffcc480 0x4010d00b:0x3ffcc4a0 0x40090afa:0x3ffcc4d0




ELF file SHA256: 368a3155d

Rebooting...
ets Jul 29 2019 12:21:46

rst:0xc (SW_CPU_RESET),boot:0x13 (SPI_FAST_FLASH_BOOT)
configsip: 0, SPIWP:0xee
clk_drv:0x00,q_drv:0x00,d_drv:0x00,cs0_drv:0x00,hd_drv:0x00,wp_drv:0x00
mode:DIO, clock div:2
load:0x3fff0030,len:7176
load:0x40078000,len:15564
ho 0 tail 12 room 4
load:0x40080400,len:4
load:0x40080404,len:3904
entry 0x40080640
[0;32mI (31) boot: ESP-IDF v5.3.1 2nd stage bootloader[0m
[0;32mI (31) boot: compile time Nov 22 2024 14:15:44[0m
[0;32mI (31) boot: Multicore bootloader[0m
[0;32mI (35) boot: chip revision: v3.1[0m
[0;32mI (39) boot.esp32: SPI Speed      : 40MHz[0m
[0;32mI (44) boot.esp32: SPI Mode       : DIO[0m
[0;32mI (48) boot.esp32: SPI Flash Size : 2MB[0m
[0;32mI (53) boot: Enabling RNG early entropy source...[0m
[0;32mI (58) boot: Partition Table:[0m
[0;32mI (62) boot: ## Label            Usage          Type ST Offset   Length[0m
[0;32mI (69) boot:  0 nvs              WiFi data        01 02 00009000 00006000[0m
[0;32mI (77) boot:  1 phy_init         RF data          01 01 0000f000 00001000[0m
[0;32mI (84) boot:  2 factory          factory app      00 00 00010000 00100000[0m
[0;32mI (92) boot: End of partition table[0m
[0;32mI (96) esp_image: segment 0: paddr=00010020 vaddr=3f400020 size=28bdch (166876) map[0m
[0;32mI (161) esp_image: segment 1: paddr=00038c04 vaddr=3ffbdb60 size=04b54h ( 19284) load[0m
[0;32mI (169) esp_image: segment 2: paddr=0003d760 vaddr=40080000 size=028b8h ( 10424) load[0m
[0;32mI (173) esp_image: segment 3: paddr=00040020 vaddr=400d0020 size=960e0h (614624) map[0m
[0;32mI (386) esp_image: segment 4: paddr=000d6108 vaddr=400828b8 size=15d68h ( 89448) load[0m
[0;32mI (434) boot: Loaded app from partition at offset 0x10000[0m
[0;32mI (434) boot: Disabling RNG early entropy source...[0m
[0;32mI (446) cpu_start: Multicore app[0m
[0;32mI (454) cpu_start: Pro cpu start user code[0m
[0;32mI (454) cpu_start: cpu freq: 160000000 Hz[0m
[0;32mI (455) app_init: Application information:[0m
[0;32mI (457) app_init: Project name:     ble_test[0m
[0;32mI (462) app_init: App version:      80e5f3c-dirty[0m
[0;32mI (468) app_init: Compile time:     Nov 22 2024 14:15:09[0m
[0;32mI (474) app_init: ELF file SHA256:  368a3155d...[0m
[0;32mI (479) app_init: ESP-IDF:          v5.3.1[0m
[0;32mI (484) efuse_init: Min chip rev:     v0.0[0m
[0;32mI (489) efuse_init: Max chip rev:     v3.99 [0m
[0;32mI (494) efuse_init: Chip rev:         v3.1[0m
[0;32mI (499) heap_init: Initializing. RAM available for dynamic allocation:[0m
[0;32mI (506) heap_init: At 3FFAFF10 len 000000F0 (0 KiB): DRAM[0m
[0;32mI (512) heap_init: At 3FFB6388 len 00001C78 (7 KiB): DRAM[0m
[0;32mI (518) heap_init: At 3FFB9A20 len 00004108 (16 KiB): DRAM[0m
[0;32mI (524) heap_init: At 3FFCA3F0 len 00015C10 (87 KiB): DRAM[0m
[0;32mI (530) heap_init: At 3FFE0440 len 00003AE0 (14 KiB): D/IRAM[0m
[0;32mI (536) heap_init: At 3FFE4350 len 0001BCB0 (111 KiB): D/IRAM[0m
[0;32mI (543) heap_init: At 40098620 len 000079E0 (30 KiB): IRAM[0m
[0;32mI (551) spi_flash: detected chip: generic[0m
[0;32mI (554) spi_flash: flash io: dio[0m
[0;33mW (558) spi_flash: Detected size(4096k) larger than the size in the binary image header(2048k). Using the size in the binary image header.[0m
[0;32mI (572) coexist: coex firmware version: 4482466[0m
[0;32mI (577) main_task: Started on CPU0[0m
[0;32mI (587) main_task: Calling app_main()[0m
[0;32mI (617) BTDM_INIT: BT controller compile version [b022216][0m
[0;32mI (617) BTDM_INIT: Bluetooth MAC: 78:ee:4c:00:06:5e[0m
[0;32mI (617) phy_init: phy_version 4830,54550f7,Jun 20 2024,14:22:08[0m
[0;32mI (1067) GATTC_DEMO: REG_EVT[0m
[0;32mI (1077) main_task: Returned from app_main()[0m
[0;32mI (1077) GATTC_DEMO: scan start success[0m
[0;32mI (1257) GATTC_DEMO: 6f a7 33 22 75 99 [0m
[0;32mI (1257) GATTC_DEMO: searched Adv Data Len 18, Scan Response Len 0[0m
[0;32mI (1257) GATTC_DEMO: searched Device Name Len 0[0m
[0;32mI (1257) GATTC_DEMO:  [0m
Guru Meditation Error: Core  0 panic'ed (LoadProhibited). Exception was unhandled.

Core  0 register dump:
PC      : 0x400014fd  PS      : 0x00060930  A0      : 0x80157c11  A1      : 0x3ffcc010  
A2      : 0x00000000  A3      : 0xfffffffc  A4      : 0x000000ff  A5      : 0x0000ff00  
A6      : 0x00ff0000  A7      : 0xff000000  A8      : 0x00000000  A9      : 0x3ffcbfd0  
A10     : 0x00000000  A11     : 0x00000001  A12     : 0x3ffcc254  A13     : 0x00000000  
A14     : 0x3f403662  A15     : 0x3ffcc224  SAR     : 0x00000004  EXCCAUSE: 0x0000001c  
EXCVADDR: 0x00000000  LBEG    : 0x400014fd  LEND    : 0x4000150d  LCOUNT  : 0xffffffff  


Backtrace: 0x400014fa:0x3ffcc010 0x40157c0e:0x3ffcc020 0x4014e1d5:0x3ffcc340 0x40164a8d:0x3ffcc370 0x400964ad:0x3ffcc3a0 0x400d8f4d:0x3ffcc3f0 0x400dbcd9:0x3ffcc440 0x400dc8c1:0x3ffcc460 0x4010d13a:0x3ffcc480 0x4010d00b:0x3ffcc4a0 0x40090afa:0x3ffcc4d0




ELF file SHA256: 368a3155d

Rebooting...
ets Jul 29 2019 12:21:46

rst:0xc (SW_CPU_RESET),boot:0x13 (SPI_FAST_FLASH_BOOT)
configsip: 0, SPIWP:0xee
clk_drv:0x00,q_drv:0x00,d_drv:0x00,cs0_drv:0x00,hd_drv:0x00,wp_drv:0x00
mode:DIO, clock div:2
load:0x3fff0030,len:7176
load:0x40078000,len:15564
ho 0 tail 12 room 4
load:0x40080400,len:4
load:0x40080404,len:3904
entry 0x40080640
[0;32mI (31) boot: ESP-IDF v5.3.1 2nd stage bootloader[0m
[0;32mI (31) boot: compile time Nov 22 2024 14:15:44[0m
[0;32mI (31) boot: Multicore bootloader[0m
[0;32mI (35) boot: chip revision: v3.1[0m
[0;32mI (39) boot.esp32: SPI Speed      : 40MHz[0m
[0;32mI (44) boot.esp32: SPI Mode       : DIO[0m
[0;32mI (48) boot.esp32: SPI Flash Size : 2MB[0m
[0;32mI (53) boot: Enabling RNG early entropy source...[0m
[0;32mI (58) boot: Partition Table:[0m
[0;32mI (62) boot: ## Label            Usage          Type ST Offset   Length[0m
[0;32mI (69) boot:  0 nvs              WiFi data        01 02 00009000 00006000[0m
[0;32mI (77) boot:  1 phy_init         RF data          01 01 0000f000 00001000[0m
[0;32mI (84) boot:  2 factory          factory app      00 00 00010000 00100000[0m
[0;32mI (92) boot: End of partition table[0m
[0;32mI (96) esp_image: segment 0: paddr=00010020 vaddr=3f400020 size=28bdch (166876) map[0m
[0;32mI (161) esp_image: segment 1: paddr=00038c04 vaddr=3ffbdb60 size=04b54h ( 19284) load[0m
[0;32mI (169) esp_image: segment 2: paddr=0003d760 vaddr=40080000 size=028b8h ( 10424) load[0m
[0;32mI (173) esp_image: segment 3: paddr=00040020 vaddr=400d0020 size=960e0h (614624) map[0m
[0;32mI (386) esp_image: segment 4: paddr=000d6108 vaddr=400828b8 size=15d68h ( 89448) load[0m
[0;32mI (434) boot: Loaded app from partition at offset 0x10000[0m
[0;32mI (434) boot: Disabling RNG early entropy source...[0m
[0;32mI (446) cpu_start: Multicore app[0m
[0;32mI (454) cpu_start: Pro cpu start user code[0m
[0;32mI (454) cpu_start: cpu freq: 160000000 Hz[0m
[0;32mI (455) app_init: Application information:[0m
[0;32mI (457) app_init: Project name:     ble_test[0m
[0;32mI (462) app_init: App version:      80e5f3c-dirty[0m
[0;32mI (468) app_init: Compile time:     Nov 22 2024 14:15:09[0m
[0;32mI (474) app_init: ELF file SHA256:  368a3155d...[0m
[0;32mI (479) app_init: ESP-IDF:          v5.3.1[0m
[0;32mI (484) efuse_init: Min chip rev:     v0.0[0m
[0;32mI (489) efuse_init: Max chip rev:     v3.99 [0m
[0;32mI (494) efuse_init: Chip rev:         v3.1[0m
[0;32mI (499) heap_init: Initializing. RAM available for dynamic allocation:[0m
[0;32mI (506) heap_init: At 3FFAFF10 len 000000F0 (0 KiB): DRAM[0m
[0;32mI (512) heap_init: At 3FFB6388 len 00001C78 (7 KiB): DRAM[0m
[0;32mI (518) heap_init: At 3FFB9A20 len 00004108 (16 KiB): DRAM[0m
[0;32mI (524) heap_init: At 3FFCA3F0 len 00015C10 (87 KiB): DRAM[0m
[0;32mI (530) heap_init: At 3FFE0440 len 00003AE0 (14 KiB): D/IRAM[0m
[0;32mI (536) heap_init: At 3FFE4350 len 0001BCB0 (111 KiB): D/IRAM[0m
[0;32mI (543) heap_init: At 40098620 len 000079E0 (30 KiB): IRAM[0m
[0;32mI (551) spi_flash: detected chip: generic[0m
[0;32mI (554) spi_flash: flash io: dio[0m
[0;33mW (558) spi_flash: Detected size(4096k) larger than the size in the binary image header(2048k). Using the size in the binary image header.[0m
[0;32mI (572) coexist: coex firmware version: 4482466[0m
[0;32mI (577) main_task: Started on CPU0[0m
[0;32mI (587) main_task: Calling app_main()[0m
[0;32mI (617) BTDM_INIT: BT controller compile version [b022216][0m
[0;32mI (617) BTDM_INIT: Bluetooth MAC: 78:ee:4c:00:06:5e[0m
[0;32mI (617) phy_init: phy_version 4830,54550f7,Jun 20 2024,14:22:08[0m
[0;32mI (1067) GATTC_DEMO: REG_EVT[0m
[0;32mI (1077) main_task: Returned from app_main()[0m
[0;32mI (1077) GATTC_DEMO: scan start success[0m
[0;32mI (1117) GATTC_DEMO: 1b 1d 7a b0 cb 7e [0m
[0;32mI (1117) GATTC_DEMO: searched Adv Data Len 31, Scan Response Len 0[0m
[0;32mI (1117) GATTC_DEMO: searched Device Name Len 0[0m
[0;32mI (1117) GATTC_DEMO:  [0m
Guru Meditation Error: Core  0 panic'ed (LoadProhibited). Exception was unhandled.

Core  0 register dump:
PC      : 0x400014fd  PS      : 0x00060930  A0      : 0x80157c11  A1      : 0x3ffcc010  
A2      : 0x00000000  A3      : 0xfffffffc  A4      : 0x000000ff  A5      : 0x0000ff00  
A6      : 0x00ff0000  A7      : 0xff000000  A8      : 0x00000000  A9      : 0x3ffcbfd0  
A10     : 0x00000000  A11     : 0x00000001  A12     : 0x3ffcc254  A13     : 0x00000000  
A14     : 0x3f403662  A15     : 0x3ffcc224  SAR     : 0x00000004  EXCCAUSE: 0x0000001c  
EXCVADDR: 0x00000000  LBEG    : 0x400014fd  LEND    : 0x4000150d  LCOUNT  : 0xffffffff  


Backtrace: 0x400014fa:0x3ffcc010 0x40157c0e:0x3ffcc020 0x4014e1d5:0x3ffcc340 0x40164a8d:0x3ffcc370 0x400964ad:0x3ffcc3a0 0x400d8f4d:0x3ffcc3f0 0x400dbcd9:0x3ffcc440 0x400dc8c1:0x3ffcc460 0x4010d13a:0x3ffcc480 0x4010d00b:0x3ffcc4a0 0x40090afa:0x3ffcc4d0




ELF file SHA256: 368a3155d

Rebooting...
ets Jul 29 2019 12:21:46

rst:0xc (SW_CPU_RESET),boot:0x13 (SPI_FAST_FLASH_BOOT)
configsip: 0, SPIWP:0xee
clk_drv:0x00,q_drv:0x00,d_drv:0x00,cs0_drv:0x00,hd_drv:0x00,wp_drv:0x00
mode:DIO, clock div:2
load:0x3fff0030,len:7176
load:0x40078000,len:15564
ho 0 tail 12 room 4
load:0x40080400,len:4
load:0x40080404,len:3904
entry 0x40080640
[0;32mI (31) boot: ESP-IDF v5.3.1 2nd stage bootloader[0m
[0;32mI (31) boot: compile time Nov 22 2024 14:15:44[0m
[0;32mI (31) boot: Multicore bootloader[0m
[0;32mI (35) boot: chip revision: v3.1[0m
[0;32mI (39) boot.esp32: SPI Speed      : 40MHz[0m
[0;32mI (44) boot.esp32: SPI Mode       : DIO[0m
[0;32mI (48) boot.esp32: SPI Flash Size : 2MB[0m
[0;32mI (53) boot: Enabling RNG early entropy source...[0m
[0;32mI (58) boot: Partition Table:[0m
[0;32mI (62) boot: ## Label            Usage          Type ST Offset   Length[0m
[0;32mI (69) boot:  0 nvs              WiFi data        01 02 00009000 00006000[0m
[0;32mI (77) boot:  1 phy_init         RF data          01 01 0000f000 00001000[0m
[0;32mI (84) boot:  2 factory          factory app      00 00 00010000 00100000[0m
[0;32mI (92) boot: End of partition table[0m
[0;32mI (96) esp_image: segment 0: paddr=00010020 vaddr=3f400020 size=28bdch (166876) map[0m
[0;32mI (161) esp_image: segment 1: paddr=00038c04 vaddr=3ffbdb60 size=04b54h ( 19284) load[0m
[0;32mI (169) esp_image: segment 2: paddr=0003d760 vaddr=40080000 size=028b8h ( 10424) load[0m
[0;32mI (173) esp_image: segment 3: paddr=00040020 vaddr=400d0020 size=960e0h (614624) map[0m
[0;32mI (386) esp_image: segment 4: paddr=000d6108 vaddr=400828b8 size=15d68h ( 89448) load[0m
[0;32mI (434) boot: Loaded app from partition at offset 0x10000[0m
[0;32mI (434) boot: Disabling RNG early entropy source...[0m
[0;32mI (446) cpu_start: Multicore app[0m
[0;32mI (454) cpu_start: Pro cpu start user code[0m
[0;32mI (454) cpu_start: cpu freq: 160000000 Hz[0m
[0;32mI (455) app_init: Application information:[0m
[0;32mI (457) app_init: Project name:     ble_test[0m
[0;32mI (462) app_init: App version:      80e5f3c-dirty[0m
[0;32mI (468) app_init: Compile time:     Nov 22 2024 14:15:09[0m
[0;32mI (474) app_init: ELF file SHA256:  368a3155d...[0m
[0;32mI (479) app_init: ESP-IDF:          v5.3.1[0m
[0;32mI (484) efuse_init: Min chip rev:     v0.0[0m
[0;32mI (489) efuse_init: Max chip rev:     v3.99 [0m
[0;32mI (494) efuse_init: Chip rev:         v3.1[0m
[0;32mI (499) heap_init: Initializing. RAM available for dynamic allocation:[0m
[0;32mI (506) heap_init: At 3FFAFF10 len 000000F0 (0 KiB): DRAM[0m
[0;32mI (512) heap_init: At 3FFB6388 len 00001C78 (7 KiB): DRAM[0m
[0;32mI (518) heap_init: At 3FFB9A20 len 00004108 (16 KiB): DRAM[0m
[0;32mI (524) heap_init: At 3FFCA3F0 len 00015C10 (87 KiB): DRAM[0m
[0;32mI (530) heap_init: At 3FFE0440 len 00003AE0 (14 KiB): D/IRAM[0m
[0;32mI (536) heap_init: At 3FFE4350 len 0001BCB0 (111 KiB): D/IRAM[0m
[0;32mI (543) heap_init: At 40098620 len 000079E0 (30 KiB): IRAM[0m
[0;32mI (551) spi_flash: detected chip: generic[0m
[0;32mI (554) spi_flash: flash io: dio[0m
[0;33mW (558) spi_flash: Detected size(4096k) larger than the size in the binary image header(2048k). Using the size in the binary image header.[0m
[0;32mI (572) coexist: coex firmware version: 4482466[0m
[0;32mI (577) main_task: Started on CPU0[0m
[0;32mI (587) main_task: Calling app_main()[0m
[0;32mI (617) BTDM_INIT: BT controller compile version [b022216][0m
[0;32mI (617) BTDM_INIT: Bluetooth MAC: 78:ee:4c:00:06:5e[0m
[0;32mI (617) phy_init: phy_version 4830,54550f7,Jun 20 2024,14:22:08[0m
[0;32mI (1057) GATTC_DEMO: REG_EVT[0m
[0;32mI (1057) main_task: Returned from app_main()[0m
[0;32mI (1067) GATTC_DEMO: scan start success[0m
[0;32mI (1147) GATTC_DEMO: 1b 1d 7a b0 cb 7e [0m
[0;32mI (1147) GATTC_DEMO: searched Adv Data Len 31, Scan Response Len 0[0m
[0;32mI (1147) GATTC_DEMO: searched Device Name Len 0[0m
[0;32mI (1157) GATTC_DEMO:  [0m
Guru Meditation Error: Core  0 panic'ed (LoadProhibited). Exception was unhandled.

Core  0 register dump:
PC      : 0x400014fd  PS      : 0x00060930  A0      : 0x80157c11  A1      : 0x3ffcc010  
A2      : 0x00000000  A3      : 0xfffffffc  A4      : 0x000000ff  A5      : 0x0000ff00  
A6      : 0x00ff0000  A7      : 0xff000000  A8      : 0x00000000  A9      : 0x3ffcbfd0  
A10     : 0x00000000  A11     : 0x00000001  A12     : 0x3ffcc254  A13     : 0x00000000  
A14     : 0x3f403662  A15     : 0x3ffcc224  SAR     : 0x00000004  EXCCAUSE: 0x0000001c  
EXCVADDR: 0x00000000  LBEG    : 0x400014fd  LEND    : 0x4000150d  LCOUNT  : 0xffffffff  


Backtrace: 0x400014fa:0x3ffcc010 0x40157c0e:0x3ffcc020 0x4014e1d5:0x3ffcc340 0x40164a8d:0x3ffcc370 0x400964ad:0x3ffcc3a0 0x400d8f4d:0x3ffcc3f0 0x400dbcd9:0x3ffcc440 0x400dc8c1:0x3ffcc460 0x4010d13a:0x3ffcc480 0x4010d00b:0x3ffcc4a0 0x40090afa:0x3ffcc4d0




ELF file SHA256: 368a3155d

Rebooting...
ets Jul 29 2019 12:21:46

rst:0xc (SW_CPU_RESET),boot:0x13 (SPI_FAST_FLASH_BOOT)
configsip: 0, SPIWP:0xee
clk_drv:0x00,q_drv:0x00,d_drv:0x00,cs0_drv:0x00,hd_drv:0x00,wp_drv:0x00
mode:DIO, clock div:2
load:0x3fff0030,len:7176
load:0x40078000,len:15564
ho 0 tail 12 room 4
load:0x40080400,len:4
load:0x40080404,len:3904
entry 0x40080640
[0;32mI (31) boot: ESP-IDF v5.3.1 2nd stage bootloader[0m
[0;32mI (31) boot: compile time Nov 22 2024 14:15:44[0m
[0;32mI (31) boot: Multicore bootloader[0m
[0;32mI (35) boot: chip revision: v3.1[0m
[0;32mI (39) boot.esp32: SPI Speed      : 40MHz[0m
[0;32mI (44) boot.esp32: SPI Mode       : DIO[0m
[0;32mI (48) boot.esp32: SPI Flash Size : 2MB[0m
[0;32mI (53) boot: Enabling RNG early entropy source...[0m
[0;32mI (58) boot: Partition Table:[0m
[0;32mI (62) boot: ## Label            Usage          Type ST Offset   Length[0m
[0;32mI (69) boot:  0 nvs              WiFi data        01 02 00009000 00006000[0m
[0;32mI (77) boot:  1 phy_init         RF data          01 01 0000f000 00001000[0m
[0;32mI (84) boot:  2 factory          factory app      00 00 00010000 00100000[0m
[0;32mI (92) boot: End of partition table[0m
[0;32mI (96) esp_image: segment 0: paddr=00010020 vaddr=3f400020 size=28bdch (166876) map[0m
[0;32mI (161) esp_image: segment 1: paddr=00038c04 vaddr=3ffbdb60 size=04b54h ( 19284) load[0m
[0;32mI (169) esp_image: segment 2: paddr=0003d760 vaddr=40080000 size=028b8h ( 10424) load[0m
[0;32mI (173) esp_image: segment 3: paddr=00040020 vaddr=400d0020 size=960e0h (614624) map[0m
[0;32mI (386) esp_image: segment 4: paddr=000d6108 vaddr=400828b8 size=15d68h ( 89448) load[0m
[0;32mI (434) boot: Loaded app from partition at offset 0x10000[0m
[0;32mI (434) boot: Disabling RNG early entropy source...[0m
[0;32mI (446) cpu_start: Multicore app[0m
[0;32mI (454) cpu_start: Pro cpu start user code[0m
[0;32mI (454) cpu_start: cpu freq: 160000000 Hz[0m
[0;32mI (455) app_init: Application information:[0m
[0;32mI (457) app_init: Project name:     ble_test[0m
[0;32mI (462) app_init: App version:      80e5f3c-dirty[0m
[0;32mI (468) app_init: Compile time:     Nov 22 2024 14:15:09[0m
[0;32mI (474) app_init: ELF file SHA256:  368a3155d...[0m
[0;32mI (479) app_init: ESP-IDF:          v5.3.1[0m
[0;32mI (484) efuse_init: Min chip rev:     v0.0[0m
[0;32mI (489) efuse_init: Max chip rev:     v3.99 [0m
[0;32mI (493) efuse_init: Chip rev:         v3.1[0m
[0;32mI (499) heap_init: Initializing. RAM available for dynamic allocation:[0m
[0;32mI (506) heap_init: At 3FFAFF10 len 000000F0 (0 KiB): DRAM[0m
[0;32mI (512) heap_init: At 3FFB6388 len 00001C78 (7 KiB): DRAM[0m
[0;32mI (518) heap_init: At 3FFB9A20 len 00004108 (16 KiB): DRAM[0m
[0;32mI (524) heap_init: At 3FFCA3F0 len 00015C10 (87 KiB): DRAM[0m
[0;32mI (530) heap_init: At 3FFE0440 len 00003AE0 (14 KiB): D/IRAM[0m
[0;32mI (536) heap_init: At 3FFE4350 len 0001BCB0 (111 KiB): D/IRAM[0m
[0;32mI (543) heap_init: At 40098620 len 000079E0 (30 KiB): IRAM[0m
[0;32mI (551) spi_flash: detected chip: generic[0m
[0;32mI (554) spi_flash: flash io: dio[0m
[0;33mW (558) spi_flash: Detected size(4096k) larger than the size in the binary image header(2048k). Using the size in the binary image header.[0m
[0;32mI (572) coexist: coex firmware version: 4482466[0m
[0;32mI (577) main_task: Started on CPU0[0m
[0;32mI (587) main_task: Calling app_main()[0m
[0;32mI (617) BTDM_INIT: BT controller compile version [b022216][0m
[0;32mI (617) BTDM_INIT: Bluetooth MAC: 78:ee:4c:00:06:5e[0m
[0;32mI (617) phy_init: phy_version 4830,54550f7,Jun 20 2024,14:22:08[0m
[0;32mI (1057) GATTC_DEMO: REG_EVT[0m
[0;32mI (1057) main_task: Returned from app_main()[0m
[0;32mI (1067) GATTC_DEMO: scan start success[0m
[0;32mI (1137) GATTC_DEMO: 5d 07 a7 eb 39 53 [0m
[0;32mI (1137) GATTC_DEMO: searched Adv Data Len 4, Scan Response Len 31[0m
[0;32mI (1137) GATTC_DEMO: searched Device Name Len 0[0m
[0;32mI (1137) GATTC_DEMO:  [0m
Guru Meditation Error: Core  0 panic'ed (LoadProhibited). Exception was unhandled.

Core  0 register dump:
PC      : 0x400014fd  PS      : 0x00060930  A0      : 0x80157c11  A1      : 0x3ffcc010  
A2      : 0x00000000  A3      : 0xfffffffc  A4      : 0x000000ff  A5      : 0x0000ff00  
A6      : 0x00ff0000  A7      : 0xff000000  A8      : 0x00000000  A9      : 0x3ffcbfd0  
A10     : 0x00000000  A11     : 0x00000001  A12     : 0x3ffcc254  A13     : 0x00000000  
A14     : 0x3f403662  A15     : 0x3ffcc224  SAR     : 0x00000004  EXCCAUSE: 0x0000001c  
EXCVADDR: 0x00000000  LBEG    : 0x400014fd  LEND    : 0x4000150d  LCOUNT  : 0xffffffff  


Backtrace: 0x400014fa:0x3ffcc010 0x40157c0e:0x3ffcc020 0x4014e1d5:0x3ffcc340 0x40164a8d:0x3ffcc370 0x400964ad:0x3ffcc3a0 0x400d8f4d:0x3ffcc3f0 0x400dbcd9:0x3ffcc440 0x400dc8c1:0x3ffcc460 0x4010d13a:0x3ffcc480 0x4010d00b:0x3ffcc4a0 0x40090afa:0x3ffcc4d0




ELF file SHA256: 368a3155d

Rebooting...
ets Jul 29 2019 12:21:46

rst:0xc (SW_CPU_RESET),boot:0x13 (SPI_FAST_FLASH_BOOT)
configsip: 0, SPIWP:0xee
clk_drv:0x00,q_drv:0x00,d_drv:0x00,cs0_drv:0x00,hd_drv:0x00,wp_drv:0x00
mode:DIO, clock div:2
load:0x3fff0030,len:7176
load:0x40078000,len:15564
ho 0 tail 12 room 4
load:0x40080400,len:4
load:0x40080404,len:3904
entry 0x40080640
[0;32mI (31) boot: ESP-IDF v5.3.1 2nd stage bootloader[0m
[0;32mI (31) boot: compile time Nov 22 2024 14:15:44[0m
[0;32mI (31) boot: Multicore bootloader[0m
[0;32mI (35) boot: chip revision: v3.1[0m
[0;32mI (39) boot.esp32: SPI Speed      : 40MHz[0m
[0;32mI (44) boot.esp32: SPI Mode       : DIO[0m
[0;32mI (48) boot.esp32: SPI Flash Size : 2MB[0m
[0;32mI (53) boot: Enabling RNG early entropy source...[0m
[0;32mI (58) boot: Partition Table:[0m
[0;32mI (62) boot: ## Label            Usage          Type ST Offset   Length[0m
[0;32mI (69) boot:  0 nvs              WiFi data        01 02 00009000 00006000[0m
[0;32mI (77) boot:  1 phy_init         RF data          01 01 0000f000 00001000[0m
[0;32mI (84) boot:  2 factory          factory app      00 00 00010000 00100000[0m
[0;32mI (92) boot: End of partition table[0m
[0;32mI (96) esp_image: segment 0: paddr=00010020 vaddr=3f400020 size=28bdch (166876) map[0m
[0;32mI (161) esp_image: segment 1: paddr=00038c04 vaddr=3ffbdb60 size=04b54h ( 19284) load[0m
[0;32mI (169) esp_image: segment 2: paddr=0003d760 vaddr=40080000 size=028b8h ( 10424) load[0m
[0;32mI (173) esp_image: segment 3: paddr=00040020 vaddr=400d0020 size=960e0h (614624) map[0m
[0;32mI (386) esp_image: segment 4: paddr=000d6108 vaddr=400828b8 size=15d68h ( 89448) load[0m
[0;32mI (434) boot: Loaded app from partition at offset 0x10000[0m
[0;32mI (434) boot: Disabling RNG early entropy source...[0m
[0;32mI (446) cpu_start: Multicore app[0m
[0;32mI (454) cpu_start: Pro cpu start user code[0m
[0;32mI (454) cpu_start: cpu freq: 160000000 Hz[0m
[0;32mI (455) app_init: Application information:[0m
[0;32mI (457) app_init: Project name:     ble_test[0m
[0;32mI (462) app_init: App version:      80e5f3c-dirty[0m
[0;32mI (468) app_init: Compile time:     Nov 22 2024 14:15:09[0m
[0;32mI (474) app_init: ELF file SHA256:  368a3155d...[0m
[0;32mI (479) app_init: ESP-IDF:          v5.3.1[0m
[0;32mI (484) efuse_init: Min chip rev:     v0.0[0m
[0;32mI (489) efuse_init: Max chip rev:     v3.99 [0m
[0;32mI (493) efuse_init: Chip rev:         v3.1[0m
[0;32mI (499) heap_init: Initializing. RAM available for dynamic allocation:[0m
[0;32mI (506) heap_init: At 3FFAFF10 len 000000F0 (0 KiB): DRAM[0m
[0;32mI (512) heap_init: At 3FFB6388 len 00001C78 (7 KiB): DRAM[0m
[0;32mI (518) heap_init: At 3FFB9A20 len 00004108 (16 KiB): DRAM[0m
[0;32mI (524) heap_init: At 3FFCA3F0 len 00015C10 (87 KiB): DRAM[0m
[0;32mI (530) heap_init: At 3FFE0440 len 00003AE0 (14 KiB): D/IRAM[0m
[0;32mI (536) heap_init: At 3FFE4350 len 0001BCB0 (111 KiB): D/IRAM[0m
[0;32mI (543) heap_init: At 40098620 len 000079E0 (30 KiB): IRAM[0m
[0;32mI (551) spi_flash: detected chip: generic[0m
[0;32mI (554) spi_flash: flash io: dio[0m
[0;33mW (557) spi_flash: Detected size(4096k) larger than the size in the binary image header(2048k). Using the size in the binary image header.[0m
[0;32mI (571) coexist: coex firmware version: 4482466[0m
[0;32mI (577) main_task: Started on CPU0[0m
[0;32mI (587) main_task: Calling app_main()[0m
[0;32mI (617) BTDM_INIT: BT controller compile version [b022216][0m
[0;32mI (617) BTDM_INIT: Bluetooth MAC: 78:ee:4c:00:06:5e[0m
[0;32mI (617) phy_init: phy_version 4830,54550f7,Jun 20 2024,14:22:08[0m
[0;32mI (1057) GATTC_DEMO: REG_EVT[0m
[0;32mI (1057) main_task: Returned from app_main()[0m
[0;32mI (1067) GATTC_DEMO: scan start success[0m
[0;32mI (1127) GATTC_DEMO: 6f a7 33 22 75 99 [0m
[0;32mI (1127) GATTC_DEMO: searched Adv Data Len 18, Scan Response Len 0[0m
[0;32mI (1127) GATTC_DEMO: searched Device Name Len 0[0m
[0;32mI (1137) GATTC_DEMO:  [0m
Guru Meditation Error: Core  0 panic'ed (LoadProhibited). Exception was unhandled.

Core  0 register dump:
PC      : 0x400014fd  PS      : 0x00060930  A0      : 0x80157c11  A1      : 0x3ffcc010  
A2      : 0x00000000  A3      : 0xfffffffc  A4      : 0x000000ff  A5      : 0x0000ff00  
A6      : 0x00ff0000  A7      : 0xff000000  A8      : 0x00000000  A9      : 0x3ffcbfd0  
A10     : 0x00000000  A11     : 0x00000001  A12     : 0x3ffcc254  A13     : 0x00000000  
A14     : 0x3f403662  A15     : 0x3ffcc224  SAR     : 0x00000004  EXCCAUSE: 0x0000001c  
EXCVADDR: 0x00000000  LBEG    : 0x400014fd  LEND    : 0x4000150d  LCOUNT  : 0xffffffff  


Backtrace: 0x400014fa:0x3ffcc010 0x40157c0e:0x3ffcc020 0x4014e1d5:0x3ffcc340 0x40164a8d:0x3ffcc370 0x400964ad:0x3ffcc3a0 0x400d8f4d:0x3ffcc3f0 0x400dbcd9:0x3ffcc440 0x400dc8c1:0x3ffcc460 0x4010d13a:0x3ffcc480 0x4010d00b:0x3ffcc4a0 0x40090afa:0x3ffcc4d0




ELF file SHA256: 368a3155d

Rebooting...
ets Jul 29 2019 12:21:46

rst:0xc (SW_CPU_RESET),boot:0x13 (SPI_FAST_FLASH_BOOT)
configsip: 0, SPIWP:0xee
clk_drv:0x00,q_drv:0x00,d_drv:0x00,cs0_drv:0x00,hd_drv:0x00,wp_drv:0x00
mode:DIO, clock div:2
load:0x3fff0030,len:7176
load:0x40078000,len:15564
ho 0 tail 12 room 4
load:0x40080400,len:4
load:0x40080404,len:3904
entry 0x40080640
[0;32mI (31) boot: ESP-IDF v5.3.1 2nd stage bootloader[0m
[0;32mI (31) boot: compile time Nov 22 2024 14:15:44[0m
[0;32mI (31) boot: Multicore bootloader[0m
[0;32mI (35) boot: chip revision: v3.1[0m
[0;32mI (39) boot.esp32: SPI Speed      : 40MHz[0m
[0;32mI (44) boot.esp32: SPI Mode       : DIO[0m
[0;32mI (48) boot.esp32: SPI Flash Size : 2MB[0m
[0;32mI (53) boot: Enabling RNG early entropy source...[0m
[0;32mI (58) boot: Partition Table:[0m
[0;32mI (62) boot: ## Label            Usage          Type ST Offset   Length[0m
[0;32mI (69) boot:  0 nvs              WiFi data        01 02 00009000 00006000[0m
[0;32mI (77) boot:  1 phy_init         RF data          01 01 0000f000 00001000[0m
[0;32mI (84) boot:  2 factory          factory app      00 00 00010000 00100000[0m
[0;32mI (92) boot: End of partition table[0m
[0;32mI (96) esp_image: segment 0: paddr=00010020 vaddr=3f400020 size=28bdch (166876) map[0m
[0;32mI (161) esp_image: segment 1: paddr=00038c04 vaddr=3ffbdb60 size=04b54h ( 19284) load[0m
[0;32mI (169) esp_image: segment 2: paddr=0003d760 vaddr=40080000 size=028b8h ( 10424) load[0m
[0;32mI (173) esp_image: segment 3: paddr=00040020 vaddr=400d0020 size=960e0h (614624) map[0m
[0;32mI (386) esp_image: segment 4: paddr=000d6108 vaddr=400828b8 size=15d68h ( 89448) load[0m
[0;32mI (434) boot: Loaded app from partition at offset 0x10000[0m
[0;32mI (434) boot: Disabling RNG early entropy source...[0m
[0;32mI (446) cpu_start: Multicore app[0m
[0;32mI (454) cpu_start: Pro cpu start user code[0m
[0;32mI (454) cpu_start: cpu freq: 160000000 Hz[0m
[0;32mI (455) app_init: Application information:[0m
[0;32mI (457) app_init: Project name:     ble_test[0m
[0;32mI (462) app_init: App version:      80e5f3c-dirty[0m
[0;32mI (468) app_init: Compile time:     Nov 22 2024 14:15:09[0m
[0;32mI (474) app_init: ELF file SHA256:  368a3155d...[0m
[0;32mI (479) app_init: ESP-IDF:          v5.3.1[0m
[0;32mI (484) efuse_init: Min chip rev:     v0.0[0m
[0;32mI (489) efuse_init: Max chip rev:     v3.99 [0m
[0;32mI (493) efuse_init: Chip rev:         v3.1[0m
[0;32mI (499) heap_init: Initializing. RAM available for dynamic allocation:[0m
[0;32mI (506) heap_init: At 3FFAFF10 len 000000F0 (0 KiB): DRAM[0m
[0;32mI (512) heap_init: At 3FFB6388 len 00001C78 (7 KiB): DRAM[0m
[0;32mI (518) heap_init: At 3FFB9A20 len 00004108 (16 KiB): DRAM[0m
[0;32mI (524) heap_init: At 3FFCA3F0 len 00015C10 (87 KiB): DRAM[0m
[0;32mI (530) heap_init: At 3FFE0440 len 00003AE0 (14 KiB): D/IRAM[0m
[0;32mI (536) heap_init: At 3FFE4350 len 0001BCB0 (111 KiB): D/IRAM[0m
[0;32mI (543) heap_init: At 40098620 len 000079E0 (30 KiB): IRAM[0m
[0;32mI (551) spi_flash: detected chip: generic[0m
[0;32mI (554) spi_flash: flash io: dio[0m
[0;33mW (558) spi_flash: Detected size(4096k) larger than the size in the binary image header(2048k). Using the size in the binary image header.[0m
[0;32mI (572) coexist: coex firmware version: 4482466[0m
[0;32mI (577) main_task: Started on CPU0[0m
[0;32mI (587) main_task: Calling app_main()[0m
[0;32mI (617) BTDM_INIT: BT controller compile version [b022216][0m
[0;32mI (617) BTDM_INIT: Bluetooth MAC: 78:ee:4c:00:06:5e[0m
[0;32mI (617) phy_init: phy_version 4830,54550f7,Jun 20 2024,14:22:08[0m
[0;32mI (1057) GATTC_DEMO: REG_EVT[0m
[0;32mI (1067) main_task: Returned from app_main()[0m
[0;32mI (1077) GATTC_DEMO: scan start success[0m
[0;32mI (1207) GATTC_DEMO: 1b 1d 7a b0 cb 7e [0m
[0;32mI (1207) GATTC_DEMO: searched Adv Data Len 31, Scan Response Len 0[0m
[0;32mI (1207) GATTC_DEMO: searched Device Name Len 0[0m
[0;32mI (1217) GATTC_DEMO:  [0m
Guru Meditation Error: Core  0 panic'ed (LoadProhibited). Exception was unhandled.

Core  0 register dump:
PC      : 0x400014fd  PS      : 0x00060930  A0      : 0x80157c11  A1      : 0x3ffcc010  
A2      : 0x00000000  A3      : 0xfffffffc  A4      : 0x000000ff  A5      : 0x0000ff00  
A6      : 0x00ff0000  A7      : 0xff000000  A8      : 0x00000000  A9      : 0x3ffcbfd0  
A10     : 0x00000000  A11     : 0x00000001  A12     : 0x3ffcc254  A13     : 0x00000000  
A14     : 0x3f403662  A15     : 0x3ffcc224  SAR     : 0x00000004  EXCCAUSE: 0x0000001c  
EXCVADDR: 0x00000000  LBEG    : 0x400014fd  LEND    : 0x4000150d  LCOUNT  : 0xffffffff  


Backtrace: 0x400014fa:0x3ffcc010 0x40157c0e:0x3ffcc020 0x4014e1d5:0x3ffcc340 0x40164a8d:0x3ffcc370 0x400964ad:0x3ffcc3a0 0x400d8f4d:0x3ffcc3f0 0x400dbcd9:0x3ffcc440 0x400dc8c1:0x3ffcc460 0x4010d13a:0x3ffcc480 0x4010d00b:0x3ffcc4a0 0x40090afa:0x3ffcc4d0




ELF file SHA256: 368a3155d

Rebooting...
ets Jul 29 2019 12:21:46

rst:0xc (SW_CPU_RESET),boot:0x13 (SPI_FAST_FLASH_BOOT)
configsip: 0, SPIWP:0xee
clk_drv:0x00,q_drv:0x00,d_drv:0x00,cs0_drv:0x00,hd_drv:0x00,wp_drv:0x00
mode:DIO, clock div:2
load:0x3fff0030,len:7176
load:0x40078000,len:15564
ho 0 tail 12 room 4
load:0x40080400,len:4
load:0x40080404,len:3904
entry 0x40080640
[0;32mI (31) boot: ESP-IDF v5.3.1 2nd stage bootloader[0m
[0;32mI (31) boot: compile time Nov 22 2024 14:15:44[0m
[0;32mI (31) boot: Multicore bootloader[0m
[0;32mI (35) boot: chip revision: v3.1[0m
[0;32mI (39) boot.esp32: SPI Speed      : 40MHz[0m
[0;32mI (44) boot.esp32: SPI Mode       : DIO[0m
[0;32mI (48) boot.esp32: SPI Flash Size : 2MB[0m
[0;32mI (53) boot: Enabling RNG early entropy source...[0m
[0;32mI (58) boot: Partition Table:[0m
[0;32mI (62) boot: ## Label            Usage          Type ST Offset   Length[0m
[0;32mI (69) boot:  0 nvs              WiFi data        01 02 00009000 00006000[0m
[0;32mI (77) boot:  1 phy_init         RF data          01 01 0000f000 00001000[0m
[0;32mI (84) boot:  2 factory          factory app      00 00 00010000 00100000[0m
[0;32mI (92) boot: End of partition table[0m
[0;32mI (96) esp_image: segment 0: paddr=00010020 vaddr=3f400020 size=28bdch (166876) map[0m
[0;32mI (161) esp_image: segment 1: paddr=00038c04 vaddr=3ffbdb60 size=04b54h ( 19284) load[0m
[0;32mI (169) esp_image: segment 2: paddr=0003d760 vaddr=40080000 size=028b8h ( 10424) load[0m
[0;32mI (173) esp_image: segment 3: paddr=00040020 vaddr=400d0020 size=960e0h (614624) map[0m
[0;32mI (386) esp_image: segment 4: paddr=000d6108 vaddr=400828b8 size=15d68h ( 89448) load[0m
[0;32mI (434) boot: Loaded app from partition at offset 0x10000[0m
[0;32mI (434) boot: Disabling RNG early entropy source...[0m
[0;32mI (446) cpu_start: Multicore app[0m
[0;32mI (454) cpu_start: Pro cpu start user code[0m
[0;32mI (454) cpu_start: cpu freq: 160000000 Hz[0m
[0;32mI (455) app_init: Application information:[0m
[0;32mI (457) app_init: Project name:     ble_test[0m
[0;32mI (462) app_init: App version:      80e5f3c-dirty[0m
[0;32mI (468) app_init: Compile time:     Nov 22 2024 14:15:09[0m
[0;32mI (474) app_init: ELF file SHA256:  368a3155d...[0m
[0;32mI (479) app_init: ESP-IDF:          v5.3.1[0m
[0;32mI (484) efuse_init: Min chip rev:     v0.0[0m
[0;32mI (489) efuse_init: Max chip rev:     v3.99 [0m
[0;32mI (493) efuse_init: Chip rev:         v3.1[0m
[0;32mI (499) heap_init: Initializing. RAM available for dynamic allocation:[0m
[0;32mI (506) heap_init: At 3FFAFF10 len 000000F0 (0 KiB): DRAM[0m
[0;32mI (512) heap_init: At 3FFB6388 len 00001C78 (7 KiB): DRAM[0m
[0;32mI (518) heap_init: At 3FFB9A20 len 00004108 (16 KiB): DRAM[0m
[0;32mI (524) heap_init: At 3FFCA3F0 len 00015C10 (87 KiB): DRAM[0m
[0;32mI (530) heap_init: At 3FFE0440 len 00003AE0 (14 KiB): D/IRAM[0m
[0;32mI (536) heap_init: At 3FFE4350 len 0001BCB0 (111 KiB): D/IRAM[0m
[0;32mI (543) heap_init: At 40098620 len 000079E0 (30 KiB): IRAM[0m
[0;32mI (551) spi_flash: detected chip: generic[0m
[0;32mI (554) spi_flash: flash io: dio[0m
[0;33mW (558) spi_flash: Detected size(4096k) larger than the size in the binary image header(2048k). Using the size in the binary image header.[0m
[0;32mI (572) coexist: coex firmware version: 4482466[0m
[0;32mI (577) main_task: Started on CPU0[0m
[0;32mI (587) main_task: Calling app_main()[0m
[0;32mI (617) BTDM_INIT: BT controller compile version [b022216][0m
[0;32mI (617) BTDM_INIT: Bluetooth MAC: 78:ee:4c:00:06:5e[0m
[0;32mI (617) phy_init: phy_version 4830,54550f7,Jun 20 2024,14:22:08[0m
[0;32mI (1057) GATTC_DEMO: REG_EVT[0m
[0;32mI (1067) main_task: Returned from app_main()[0m
[0;32mI (1077) GATTC_DEMO: scan start success[0m
[0;32mI (1257) GATTC_DEMO: e4 bc aa f0 f2 dd [0m
[0;32mI (1257) GATTC_DEMO: searched Adv Data Len 31, Scan Response Len 0[0m
[0;32mI (1257) GATTC_DEMO: searched Device Name Len 0[0m
[0;32mI (1257) GATTC_DEMO:  [0m
Guru Meditation Error: Core  0 panic'ed (LoadProhibited). Exception was unhandled.

Core  0 register dump:
PC      : 0x400014fd  PS      : 0x00060930  A0      : 0x80157c11  A1      : 0x3ffcc010  
A2      : 0x00000000  A3      : 0xfffffffc  A4      : 0x000000ff  A5      : 0x0000ff00  
A6      : 0x00ff0000  A7      : 0xff000000  A8      : 0x00000000  A9      : 0x3ffcbfd0  
A10     : 0x00000000  A11     : 0x00000001  A12     : 0x3ffcc254  A13     : 0x00000000  
A14     : 0x3f403662  A15     : 0x3ffcc224  SAR     : 0x00000004  EXCCAUSE: 0x0000001c  
EXCVADDR: 0x00000000  LBEG    : 0x400014fd  LEND    : 0x4000150d  LCOUNT  : 0xffffffff  


Backtrace: 0x400014fa:0x3ffcc010 0x40157c0e:0x3ffcc020 0x4014e1d5:0x3ffcc340 0x40164a8d:0x3ffcc370 0x400964ad:0x3ffcc3a0 0x400d8f4d:0x3ffcc3f0 0x400dbcd9:0x3ffcc440 0x400dc8c1:0x3ffcc460 0x4010d13a:0x3ffcc480 0x4010d00b:0x3ffcc4a0 0x40090afa:0x3ffcc4d0




ELF file SHA256: 368a3155d

Rebooting...
ets Jul 29 2019 12:21:46

rst:0xc (SW_CPU_RESET),boot:0x13 (SPI_FAST_FLASH_BOOT)
configsip: 0, SPIWP:0xee
clk_drv:0x00,q_drv:0x00,d_drv:0x00,cs0_drv:0x00,hd_drv:0x00,wp_drv:0x00
mode:DIO, clock div:2
load:0x3fff0030,len:7176
load:0x40078000,len:15564
ho 0 tail 12 room 4
load:0x40080400,len:4
load:0x40080404,len:3904
entry 0x40080640
[0;32mI (31) boot: ESP-IDF v5.3.1 2nd stage bootloader[0m
[0;32mI (31) boot: compile time Nov 22 2024 14:15:44[0m
[0;32mI (31) boot: Multicore bootloader[0m
[0;32mI (35) boot: chip revision: v3.1[0m
[0;32mI (39) boot.esp32: SPI Speed      : 40MHz[0m
[0;32mI (44) boot.esp32: SPI Mode       : DIO[0m
[0;32mI (48) boot.esp32: SPI Flash Size : 2MB[0m
[0;32mI (53) boot: Enabling RNG early entropy source...[0m
[0;32mI (58) boot: Partition Table:[0m
[0;32mI (62) boot: ## Label            Usage          Type ST Offset   Length[0m
[0;32mI (69) boot:  0 nvs              WiFi data        01 02 00009000 00006000[0m
[0;32mI (77) boot:  1 phy_init         RF data          01 01 0000f000 00001000[0m
[0;32mI (84) boot:  2 factory          factory app      00 00 00010000 00100000[0m
[0;32mI (92) boot: End of partition table[0m
[0;32mI (96) esp_image: segment 0: paddr=00010020 vaddr=3f400020 size=28bdch (166876) map[0m
[0;32mI (161) esp_image: segment 1: paddr=00038c04 vaddr=3ffbdb60 size=04b54h ( 19284) load[0m
[0;32mI (169) esp_image: segment 2: paddr=0003d760 vaddr=40080000 size=028b8h ( 10424) load[0m
[0;32mI (173) esp_image: segment 3: paddr=00040020 vaddr=400d0020 size=960e0h (614624) map[0m
[0;32mI (386) esp_image: segment 4: paddr=000d6108 vaddr=400828b8 size=15d68h ( 89448) load[0m
[0;32mI (434) boot: Loaded app from partition at offset 0x10000[0m
[0;32mI (434) boot: Disabling RNG early entropy source...[0m
[0;32mI (446) cpu_start: Multicore app[0m
[0;32mI (454) cpu_start: Pro cpu start user code[0m
[0;32mI (454) cpu_start: cpu freq: 160000000 Hz[0m
[0;32mI (455) app_init: Application information:[0m
[0;32mI (457) app_init: Project name:     ble_test[0m
[0;32mI (462) app_init: App version:      80e5f3c-dirty[0m
[0;32mI (468) app_init: Compile time:     Nov 22 2024 14:15:09[0m
[0;32mI (474) app_init: ELF file SHA256:  368a3155d...[0m
[0;32mI (479) app_init: ESP-IDF:          v5.3.1[0m
[0;32mI (484) efuse_init: Min chip rev:     v0.0[0m
[0;32mI (489) efuse_init: Max chip rev:     v3.99 [0m
[0;32mI (493) efuse_init: Chip rev:         v3.1[0m
[0;32mI (499) heap_init: Initializing. RAM available for dynamic allocation:[0m
[0;32mI (506) heap_init: At 3FFAFF10 len 000000F0 (0 KiB): DRAM[0m
[0;32mI (512) heap_init: At 3FFB6388 len 00001C78 (7 KiB): DRAM[0m
[0;32mI (518) heap_init: At 3FFB9A20 len 00004108 (16 KiB): DRAM[0m
[0;32mI (524) heap_init: At 3FFCA3F0 len 00015C10 (87 KiB): DRAM[0m
[0;32mI (530) heap_init: At 3FFE0440 len 00003AE0 (14 KiB): D/IRAM[0m
[0;32mI (536) heap_init: At 3FFE4350 len 0001BCB0 (111 KiB): D/IRAM[0m
[0;32mI (543) heap_init: At 40098620 len 000079E0 (30 KiB): IRAM[0m
[0;32mI (551) spi_flash: detected chip: generic[0m
[0;32mI (554) spi_flash: flash io: dio[0m
[0;33mW (558) spi_flash: Detected size(4096k) larger than the size in the binary image header(2048k). Using the size in the binary image header.[0m
[0;32mI (572) coexist: coex firmware version: 4482466[0m
[0;32mI (577) main_task: Started on CPU0[0m
[0;32mI (587) main_task: Calling app_main()[0m
[0;32mI (617) BTDM_INIT: BT controller compile version [b022216][0m
[0;32mI (617) BTDM_INIT: Bluetooth MAC: 78:ee:4c:00:06:5e[0m
[0;32mI (617) phy_init: phy_version 4830,54550f7,Jun 20 2024,14:22:08[0m
[0;32mI (1057) GATTC_DEMO: REG_EVT[0m
[0;32mI (1057) main_task: Returned from app_main()[0m
[0;32mI (1067) GATTC_DEMO: scan start success[0m
[0;32mI (1147) GATTC_DEMO: 1b 1d 7a b0 cb 7e [0m
[0;32mI (1147) GATTC_DEMO: searched Adv Data Len 31, Scan Response Len 0[0m
[0;32mI (1147) GATTC_DEMO: searched Device Name Len 0[0m
[0;32mI (1157) GATTC_DEMO:  [0m
Guru Meditation Error: Core  0 panic'ed (LoadProhibited). Exception was unhandled.

Core  0 register dump:
PC      : 0x400014fd  PS      : 0x00060930  A0      : 0x80157c11  A1      : 0x3ffcc010  
A2      : 0x00000000  A3      : 0xfffffffc  A4      : 0x000000ff  A5      : 0x0000ff00  
A6      : 0x00ff0000  A7      : 0xff000000  A8      : 0x00000000  A9      : 0x3ffcbfd0  
A10     : 0x00000000  A11     : 0x00000001  A12     : 0x3ffcc254  A13     : 0x00000000  
A14     : 0x3f403662  A15     : 0x3ffcc224  SAR     : 0x00000004  EXCCAUSE: 0x0000001c  
EXCVADDR: 0x00000000  LBEG    : 0x400014fd  LEND    : 0x4000150d  LCOUNT  : 0xffffffff  


Backtrace: 0x400014fa:0x3ffcc010 0x40157c0e:0x3ffcc020 0x4014e1d5:0x3ffcc340 0x40164a8d:0x3ffcc370 0x400964ad:0x3ffcc3a0 0x400d8f4d:0x3ffcc3f0 0x400dbcd9:0x3ffcc440 0x400dc8c1:0x3ffcc460 0x4010d13a:0x3ffcc480 0x4010d00b:0x3ffcc4a0 0x40090afa:0x3ffcc4d0




ELF file SHA256: 368a3155d

Rebooting...
ets Jul 29 2019 12:21:46

rst:0xc (SW_CPU_RESET),boot:0x13 (SPI_FAST_FLASH_BOOT)
configsip: 0, SPIWP:0xee
clk_drv:0x00,q_drv:0x00,d_drv:0x00,cs0_drv:0x00,hd_drv:0x00,wp_drv:0x00
mode:DIO, clock div:2
load:0x3fff0030,len:7176
load:0x40078000,len:15564
ho 0 tail 12 room 4
load:0x40080400,len:4
load:0x40080404,len:3904
entry 0x40080640
[0;32mI (31) boot: ESP-IDF v5.3.1 2nd stage bootloader[0m
[0;32mI (31) boot: compile time Nov 22 2024 14:15:44[0m
[0;32mI (31) boot: Multicore bootloader[0m
[0;32mI (35) boot: chip revision: v3.1[0m
[0;32mI (39) boot.esp32: SPI Speed      : 40MHz[0m
[0;32mI (44) boot.esp32: SPI Mode       : DIO[0m
[0;32mI (48) boot.esp32: SPI Flash Size : 2MB[0m
[0;32mI (53) boot: Enabling RNG early entropy source...[0m
[0;32mI (58) boot: Partition Table:[0m
[0;32mI (62) boot: ## Label            Usage          Type ST Offset   Length[0m
[0;32mI (69) boot:  0 nvs              WiFi data        01 02 00009000 00006000[0m
[0;32mI (77) boot:  1 phy_init         RF data          01 01 0000f000 00001000[0m
[0;32mI (84) boot:  2 factory          factory app      00 00 00010000 00100000[0m
[0;32mI (92) boot: End of partition table[0m
[0;32mI (96) esp_image: segment 0: paddr=00010020 vaddr=3f400020 size=28bdch (166876) map[0m
[0;32mI (161) esp_image: segment 1: paddr=00038c04 vaddr=3ffbdb60 size=04b54h ( 19284) load[0m
[0;32mI (169) esp_image: segment 2: paddr=0003d760 vaddr=40080000 size=028b8h ( 10424) load[0m
[0;32mI (173) esp_image: segment 3: paddr=00040020 vaddr=400d0020 size=960e0h (614624) map[0m
[0;32mI (386) esp_image: segment 4: paddr=000d6108 vaddr=400828b8 size=15d68h ( 89448) load[0m
[0;32mI (434) boot: Loaded app from partition at offset 0x10000[0m
[0;32mI (434) boot: Disabling RNG early entropy source...[0m
[0;32mI (446) cpu_start: Multicore app[0m
[0;32mI (454) cpu_start: Pro cpu start user code[0m
[0;32mI (454) cpu_start: cpu freq: 160000000 Hz[0m
[0;32mI (455) app_init: Application information:[0m
[0;32mI (457) app_init: Project name:     ble_test[0m
[0;32mI (462) app_init: App version:      80e5f3c-dirty[0m
[0;32mI (468) app_init: Compile time:     Nov 22 2024 14:15:09[0m
[0;32mI (474) app_init: ELF file SHA256:  368a3155d...[0m
[0;32mI (479) app_init: ESP-IDF:          v5.3.1[0m
[0;32mI (484) efuse_init: Min chip rev:     v0.0[0m
[0;32mI (489) efuse_init: Max chip rev:     v3.99 [0m
[0;32mI (493) efuse_init: Chip rev:         v3.1[0m
[0;32mI (499) heap_init: Initializing. RAM available for dynamic allocation:[0m
[0;32mI (506) heap_init: At 3FFAFF10 len 000000F0 (0 KiB): DRAM[0m
[0;32mI (512) heap_init: At 3FFB6388 len 00001C78 (7 KiB): DRAM[0m
[0;32mI (518) heap_init: At 3FFB9A20 len 00004108 (16 KiB): DRAM[0m
[0;32mI (524) heap_init: At 3FFCA3F0 len 00015C10 (87 KiB): DRAM[0m
[0;32mI (530) heap_init: At 3FFE0440 len 00003AE0 (14 KiB): D/IRAM[0m
[0;32mI (536) heap_init: At 3FFE4350 len 0001BCB0 (111 KiB): D/IRAM[0m
[0;32mI (543) heap_init: At 40098620 len 000079E0 (30 KiB): IRAM[0m
[0;32mI (551) spi_flash: detected chip: generic[0m
[0;32mI (554) spi_flash: flash io: dio[0m
[0;33mW (558) spi_flash: Detected size(4096k) larger than the size in the binary image header(2048k). Using the size in the binary image header.[0m
[0;32mI (572) coexist: coex firmware version: 4482466[0m
[0;32mI (577) main_task: Started on CPU0[0m
[0;32mI (587) main_task: Calling app_main()[0m
[0;32mI (617) BTDM_INIT: BT controller compile version [b022216][0m
[0;32mI (617) BTDM_INIT: Bluetooth MAC: 78:ee:4c:00:06:5e[0m
[0;32mI (617) phy_init: phy_version 4830,54550f7,Jun 20 2024,14:22:08[0m
[0;32mI (1067) GATTC_DEMO: REG_EVT[0m
[0;32mI (1067) main_task: Returned from app_main()[0m
[0;32mI (1077) GATTC_DEMO: scan start success[0m
[0;32mI (1157) GATTC_DEMO: 1b 1d 7a b0 cb 7e [0m
[0;32mI (1157) GATTC_DEMO: searched Adv Data Len 31, Scan Response Len 0[0m
[0;32mI (1157) GATTC_DEMO: searched Device Name Len 0[0m
[0;32mI (1167) GATTC_DEMO:  [0m
Guru Meditation Error: Core  0 panic'ed (LoadProhibited). Exception was unhandled.

Core  0 register dump:
PC      : 0x400014fd  PS      : 0x00060930  A0      : 0x80157c11  A1      : 0x3ffcc010  
A2      : 0x00000000  A3      : 0xfffffffc  A4      : 0x000000ff  A5      : 0x0000ff00  
A6      : 0x00ff0000  A7      : 0xff000000  A8      : 0x00000000  A9      : 0x3ffcbfd0  
A10     : 0x00000000  A11     : 0x00000001  A12     : 0x3ffcc254  A13     : 0x00000000  
A14     : 0x3f403662  A15     : 0x3ffcc224  SAR     : 0x00000004  EXCCAUSE: 0x0000001c  
EXCVADDR: 0x00000000  LBEG    : 0x400014fd  LEND    : 0x4000150d  LCOUNT  : 0xffffffff  


Backtrace: 0x400014fa:0x3ffcc010 0x40157c0e:0x3ffcc020 0x4014e1d5:0x3ffcc340 0x40164a8d:0x3ffcc370 0x400964ad:0x3ffcc3a0 0x400d8f4d:0x3ffcc3f0 0x400dbcd9:0x3ffcc440 0x400dc8c1:0x3ffcc460 0x4010d13a:0x3ffcc480 0x4010d00b:0x3ffcc4a0 0x40090afa:0x3ffcc4d0




ELF file SHA256: 368a3155d

Rebooting...
ets Jul 29 2019 12:21:46

rst:0xc (SW_CPU_RESET),boot:0x13 (SPI_FAST_FLASH_BOOT)
configsip: 0, SPIWP:0xee
clk_drv:0x00,q_drv:0x00,d_drv:0x00,cs0_drv:0x00,hd_drv:0x00,wp_drv:0x00
mode:DIO, clock div:2
load:0x3fff0030,len:7176
load:0x40078000,len:15564
ho 0 tail 12 room 4
load:0x40080400,len:4
load:0x40080404,len:3904
entry 0x40080640
[0;32mI (31) boot: ESP-IDF v5.3.1 2nd stage bootloader[0m
[0;32mI (31) boot: compile time Nov 22 2024 14:15:44[0m
[0;32mI (31) boot: Multicore bootloader[0m
[0;32mI (35) boot: chip revision: v3.1[0m
[0;32mI (39) boot.esp32: SPI Speed      : 40MHz[0m
[0;32mI (44) boot.esp32: SPI Mode       : DIO[0m
[0;32mI (48) boot.esp32: SPI Flash Size : 2MB[0m
[0;32mI (53) boot: Enabling RNG early entropy source...[0m
[0;32mI (58) boot: Partition Table:[0m
[0;32mI (62) boot: ## Label            Usage          Type ST Offset   Length[0m
[0;32mI (69) boot:  0 nvs              WiFi data        01 02 00009000 00006000[0m
[0;32mI (77) boot:  1 phy_init         RF data          01 01 0000f000 00001000[0m
[0;32mI (84) boot:  2 factory          factory app      00 00 00010000 00100000[0m
[0;32mI (92) boot: End of partition table[0m
[0;32mI (96) esp_image: segment 0: paddr=00010020 vaddr=3f400020 size=28bdch (166876) map[0m
[0;32mI (161) esp_image: segment 1: paddr=00038c04 vaddr=3ffbdb60 size=04b54h ( 19284) load[0m
[0;32mI (169) esp_image: segment 2: paddr=0003d760 vaddr=40080000 size=028b8h ( 10424) load[0m
[0;32mI (173) esp_image: segment 3: paddr=00040020 vaddr=400d0020 size=960e0h (614624) map[0m
[0;32mI (386) esp_image: segment 4: paddr=000d6108 vaddr=400828b8 size=15d68h ( 89448) load[0m
[0;32mI (434) boot: Loaded app from partition at offset 0x10000[0m
[0;32mI (434) boot: Disabling RNG early entropy source...[0m
[0;32mI (446) cpu_start: Multicore app[0m
[0;32mI (454) cpu_start: Pro cpu start user code[0m
[0;32mI (454) cpu_start: cpu freq: 160000000 Hz[0m
[0;32mI (455) app_init: Application information:[0m
[0;32mI (457) app_init: Project name:     ble_test[0m
[0;32mI (462) app_init: App version:      80e5f3c-dirty[0m
[0;32mI (468) app_init: Compile time:     Nov 22 2024 14:15:09[0m
[0;32mI (474) app_init: ELF file SHA256:  368a3155d...[0m
[0;32mI (479) app_init: ESP-IDF:          v5.3.1[0m
[0;32mI (484) efuse_init: Min chip rev:     v0.0[0m
[0;32mI (489) efuse_init: Max chip rev:     v3.99 [0m
[0;32mI (494) efuse_init: Chip rev:         v3.1[0m
[0;32mI (499) heap_init: Initializing. RAM available for dynamic allocation:[0m
[0;32mI (506) heap_init: At 3FFAFF10 len 000000F0 (0 KiB): DRAM[0m
[0;32mI (512) heap_init: At 3FFB6388 len 00001C78 (7 KiB): DRAM[0m
[0;32mI (518) heap_init: At 3FFB9A20 len 00004108 (16 KiB): DRAM[0m
[0;32mI (524) heap_init: At 3FFCA3F0 len 00015C10 (87 KiB): DRAM[0m
[0;32mI (530) heap_init: At 3FFE0440 len 00003AE0 (14 KiB): D/IRAM[0m
[0;32mI (536) heap_init: At 3FFE4350 len 0001BCB0 (111 KiB): D/IRAM[0m
[0;32mI (543) heap_init: At 40098620 len 000079E0 (30 KiB): IRAM[0m
[0;32mI (551) spi_flash: detected chip: generic[0m
[0;32mI (554) spi_flash: flash io: dio[0m
[0;33mW (558) spi_flash: Detected size(4096k) larger than the size in the binary image header(2048k). Using the size in the binary image header.[0m
[0;32mI (572) coexist: coex firmware version: 4482466[0m
[0;32mI (577) main_task: Started on CPU0[0m
[0;32mI (587) main_task: Calling app_main()[0m
[0;32mI (617) BTDM_INIT: BT controller compile version [b022216][0m
[0;32mI (617) BTDM_INIT: Bluetooth MAC: 78:ee:4c:00:06:5e[0m
[0;32mI (617) phy_init: phy_version 4830,54550f7,Jun 20 2024,14:22:08[0m
[0;32mI (1057) GATTC_DEMO: REG_EVT[0m
[0;32mI (1057) main_task: Returned from app_main()[0m
[0;32mI (1067) GATTC_DEMO: scan start success[0m
[0;32mI (1137) GATTC_DEMO: 6f a7 33 22 75 99 [0m
[0;32mI (1137) GATTC_DEMO: searched Adv Data Len 18, Scan Response Len 0[0m
[0;32mI (1137) GATTC_DEMO: searched Device Name Len 0[0m
[0;32mI (1147) GATTC_DEMO:  [0m
Guru Meditation Error: Core  0 panic'ed (LoadProhibited). Exception was unhandled.

Core  0 register dump:
PC      : 0x400014fd  PS      : 0x00060930  A0      : 0x80157c11  A1      : 0x3ffcc010  
A2      : 0x00000000  A3      : 0xfffffffc  A4      : 0x000000ff  A5      : 0x0000ff00  
A6      : 0x00ff0000  A7      : 0xff000000  A8      : 0x00000000  A9      : 0x3ffcbfd0  
A10     : 0x00000000  A11     : 0x00000001  A12     : 0x3ffcc254  A13     : 0x00000000  
A14     : 0x3f403662  A15     : 0x3ffcc224  SAR     : 0x00000004  EXCCAUSE: 0x0000001c  
EXCVADDR: 0x00000000  LBEG    : 0x400014fd  LEND    : 0x4000150d  LCOUNT  : 0xffffffff  


Backtrace: 0x400014fa:0x3ffcc010 0x40157c0e:0x3ffcc020 0x4014e1d5:0x3ffcc340 0x40164a8d:0x3ffcc370 0x400964ad:0x3ffcc3a0 0x400d8f4d:0x3ffcc3f0 0x400dbcd9:0x3ffcc440 0x400dc8c1:0x3ffcc460 0x4010d13a:0x3ffcc480 0x4010d00b:0x3ffcc4a0 0x40090afa:0x3ffcc4d0




ELF file SHA256: 368a3155d

Rebooting...
ets Jul 29 2019 12:21:46

rst:0xc (SW_CPU_RESET),boot:0x13 (SPI_FAST_FLASH_BOOT)
configsip: 0, SPIWP:0xee
clk_drv:0x00,q_drv:0x00,d_drv:0x00,cs0_drv:0x00,hd_drv:0x00,wp_drv:0x00
mode:DIO, clock div:2
load:0x3fff0030,len:7176
load:0x40078000,len:15564
ho 0 tail 12 room 4
load:0x40080400,len:4
load:0x40080404,len:3904
entry 0x40080640
[0;32mI (31) boot: ESP-IDF v5.3.1 2nd stage bootloader[0m
[0;32mI (31) boot: compile time Nov 22 2024 14:15:44[0m
[0;32mI (31) boot: Multicore bootloader[0m
[0;32mI (35) boot: chip revision: v3.1[0m
[0;32mI (39) boot.esp32: SPI Speed      : 40MHz[0m
[0;32mI (44) boot.esp32: SPI Mode       : DIO[0m
[0;32mI (48) boot.esp32: SPI Flash Size : 2MB[0m
[0;32mI (53) boot: Enabling RNG early entropy source...[0m
[0;32mI (58) boot: Partition Table:[0m
[0;32mI (62) boot: ## Label            Usage          Type ST Offset   Length[0m
[0;32mI (69) boot:  0 nvs              WiFi data        01 02 00009000 00006000[0m
[0;32mI (77) boot:  1 phy_init         RF data          01 01 0000f000 00001000[0m
[0;32mI (84) boot:  2 factory          factory app      00 00 00010000 00100000[0m
[0;32mI (92) boot: End of partition table[0m
[0;32mI (96) esp_image: segment 0: paddr=00010020 vaddr=3f400020 size=28bdch (166876) map[0m
[0;32mI (161) esp_image: segment 1: paddr=00038c04 vaddr=3ffbdb60 size=04b54h ( 19284) load[0m
[0;32mI (169) esp_image: segment 2: paddr=0003d760 vaddr=40080000 size=028b8h ( 10424) load[0m
[0;32mI (173) esp_image: segment 3: paddr=00040020 vaddr=400d0020 size=960e0h (614624) map[0m
[0;32mI (386) esp_image: segment 4: paddr=000d6108 vaddr=400828b8 size=15d68h ( 89448) load[0m
[0;32mI (434) boot: Loaded app from partition at offset 0x10000[0m
[0;32mI (434) boot: Disabling RNG early entropy source...[0m
[0;32mI (446) cpu_start: Multicore app[0m
[0;32mI (454) cpu_start: Pro cpu start user code[0m
[0;32mI (454) cpu_start: cpu freq: 160000000 Hz[0m
[0;32mI (455) app_init: Application information:[0m
[0;32mI (457) app_init: Project name:     ble_test[0m
[0;32mI (462) app_init: App version:      80e5f3c-dirty[0m
[0;32mI (468) app_init: Compile time:     Nov 22 2024 14:15:09[0m
[0;32mI (474) app_init: ELF file SHA256:  368a3155d...[0m
[0;32mI (479) app_init: ESP-IDF:          v5.3.1[0m
[0;32mI (484) efuse_init: Min chip rev:     v0.0[0m
[0;32mI (489) efuse_init: Max chip rev:     v3.99 [0m
[0;32mI (493) efuse_init: Chip rev:         v3.1[0m
[0;32mI (499) heap_init: Initializing. RAM available for dynamic allocation:[0m
[0;32mI (506) heap_init: At 3FFAFF10 len 000000F0 (0 KiB): DRAM[0m
[0;32mI (512) heap_init: At 3FFB6388 len 00001C78 (7 KiB): DRAM[0m
[0;32mI (518) heap_init: At 3FFB9A20 len 00004108 (16 KiB): DRAM[0m
[0;32mI (524) heap_init: At 3FFCA3F0 len 00015C10 (87 KiB): DRAM[0m
[0;32mI (530) heap_init: At 3FFE0440 len 00003AE0 (14 KiB): D/IRAM[0m
[0;32mI (536) heap_init: At 3FFE4350 len 0001BCB0 (111 KiB): D/IRAM[0m
[0;32mI (543) heap_init: At 40098620 len 000079E0 (30 KiB): IRAM[0m
[0;32mI (551) spi_flash: detected chip: generic[0m
[0;32mI (554) spi_flash: flash io: dio[0m
[0;33mW (557) spi_flash: Detected size(4096k) larger than the size in the binary image header(2048k). Using the size in the binary image header.[0m
[0;32mI (571) coexist: coex firmware version: 4482466[0m
[0;32mI (577) main_task: Started on CPU0[0m
[0;32mI (587) main_task: Calling app_main()[0m
[0;32mI (617) BTDM_INIT: BT controller compile version [b022216][0m
[0;32mI (617) BTDM_INIT: Bluetooth MAC: 78:ee:4c:00:06:5e[0m
[0;32mI (617) phy_init: phy_version 4830,54550f7,Jun 20 2024,14:22:08[0m
[0;32mI (1057) GATTC_DEMO: REG_EVT[0m
[0;32mI (1057) main_task: Returned from app_main()[0m
[0;32mI (1067) GATTC_DEMO: scan start success[0m
[0;32mI (1147) GATTC_DEMO: 1b 1d 7a b0 cb 7e [0m
[0;32mI (1147) GATTC_DEMO: searched Adv Data Len 31, Scan Response Len 0[0m
[0;32mI (1147) GATTC_DEMO: searched Device Name Len 0[0m
[0;32mI (1157) GATTC_DEMO:  [0m
Guru Meditation Error: Core  0 panic'ed (LoadProhibited). Exception was unhandled.

Core  0 register dump:
PC      : 0x400014fd  PS      : 0x00060930  A0      : 0x80157c11  A1      : 0x3ffcc010  
A2      : 0x00000000  A3      : 0xfffffffc  A4      : 0x000000ff  A5      : 0x0000ff00  
A6      : 0x00ff0000  A7      : 0xff000000  A8      : 0x00000000  A9      : 0x3ffcbfd0  
A10     : 0x00000000  A11     : 0x00000001  A12     : 0x3ffcc254  A13     : 0x00000000  
A14     : 0x3f403662  A15     : 0x3ffcc224  SAR     : 0x00000004  EXCCAUSE: 0x0000001c  
EXCVADDR: 0x00000000  LBEG    : 0x400014fd  LEND    : 0x4000150d  LCOUNT  : 0xffffffff  


Backtrace: 0x400014fa:0x3ffcc010 0x40157c0e:0x3ffcc020 0x4014e1d5:0x3ffcc340 0x40164a8d:0x3ffcc370 0x400964ad:0x3ffcc3a0 0x400d8f4d:0x3ffcc3f0 0x400dbcd9:0x3ffcc440 0x400dc8c1:0x3ffcc460 0x4010d13a:0x3ffcc480 0x4010d00b:0x3ffcc4a0 0x40090afa:0x3ffcc4d0




ELF file SHA256: 368a3155d

Rebooting...
ets Jul 29 2019 12:21:46

rst:0xc (SW_CPU_RESET),boot:0x13 (SPI_FAST_FLASH_BOOT)
configsip: 0, SPIWP:0xee
clk_drv:0x00,q_drv:0x00,d_drv:0x00,cs0_drv:0x00,hd_drv:0x00,wp_drv:0x00
mode:DIO, clock div:2
load:0x3fff0030,len:7176
load:0x40078000,len:15564
ho 0 tail 12 room 4
load:0x40080400,len:4
load:0x40080404,len:3904
entry 0x40080640
[0;32mI (31) boot: ESP-IDF v5.3.1 2nd stage bootloader[0m
[0;32mI (31) boot: compile time Nov 22 2024 14:15:44[0m
[0;32mI (31) boot: Multicore bootloader[0m
[0;32mI (35) boot: chip revision: v3.1[0m
[0;32mI (39) boot.esp32: SPI Speed      : 40MHz[0m
[0;32mI (44) boot.esp32: SPI Mode       : DIO[0m
[0;32mI (48) boot.esp32: SPI Flash Size : 2MB[0m
[0;32mI (53) boot: Enabling RNG early entropy source...[0m
[0;32mI (58) boot: Partition Table:[0m
