ets Jul 29 2019 12:21:46

rst:0x1 (POWERON_RESET),boot:0x13 (SPI_FAST_FLASH_BOOT)
configsip: 0, SPIWP:0xee
clk_drv:0x00,q_drv:0x00,d_drv:0x00,cs0_drv:0x00,hd_drv:0x00,wp_drv:0x00
mode:DIO, clock div:2
load:0x3fff0030,len:7176
load:0x40078000,len:15564
ho 0 tail 12 room 4
load:0x40080400,len:4
load:0x40080404,len:3904
entry 0x40080640
[0;32mI (31) boot: ESP-IDF v5.3.1 2nd stage bootloader[0m
[0;32mI (31) boot: compile time Nov 22 2024 14:15:44[0m
[0;32mI (31) boot: Multicore bootloader[0m
[0;32mI (35) boot: chip revision: v3.1[0m
[0;32mI (39) boot.esp32: SPI Speed      : 40MHz[0m
[0;32mI (44) boot.esp32: SPI Mode       : DIO[0m
[0;32mI (48) boot.esp32: SPI Flash Size : 2MB[0m
[0;32mI (53) boot: Enabling RNG early entropy source...[0m
[0;32mI (58) boot: Partition Table:[0m
[0;32mI (62) boot: ## Label            Usage          Type ST Offset   Length[0m
[0;32mI (69) boot:  0 nvs              WiFi data        01 02 00009000 00006000[0m
[0;32mI (77) boot:  1 phy_init         RF data          01 01 0000f000 00001000[0m
[0;32mI (84) boot:  2 factory          factory app      00 00 00010000 00100000[0m
[0;32mI (92) boot: End of partition table[0m
[0;32mI (96) esp_image: segment 0: paddr=00010020 vaddr=3f400020 size=28bcch (166860) map[0m
[0;32mI (161) esp_image: segment 1: paddr=00038bf4 vaddr=3ffbdb60 size=04b54h ( 19284) load[0m
[0;32mI (169) esp_image: segment 2: paddr=0003d750 vaddr=40080000 size=028c8h ( 10440) load[0m
[0;32mI (173) esp_image: segment 3: paddr=00040020 vaddr=400d0020 size=9615ch (614748) map[0m
[0;32mI (386) esp_image: segment 4: paddr=000d6184 vaddr=400828c8 size=15d58h ( 89432) load[0m
[0;32mI (434) boot: Loaded app from partition at offset 0x10000[0m
[0;32mI (434) boot: Disabling RNG early entropy source...[0m
[0;32mI (446) cpu_start: Multicore app[0m
[0;32mI (455) cpu_start: Pro cpu start user code[0m
[0;32mI (455) cpu_start: cpu freq: 160000000 Hz[0m
[0;32mI (455) app_init: Application information:[0m
[0;32mI (458) app_init: Project name:     ble_test[0m
[0;32mI (462) app_init: App version:      29bfbc2-dirty[0m
[0;32mI (468) app_init: Compile time:     Nov 25 2024 16:23:31[0m
[0;32mI (474) app_init: ELF file SHA256:  b8ceaf3e1...[0m
[0;32mI (479) app_init: ESP-IDF:          v5.3.1[0m
[0;32mI (484) efuse_init: Min chip rev:     v0.0[0m
[0;32mI (489) efuse_init: Max chip rev:     v3.99 [0m
[0;32mI (494) efuse_init: Chip rev:         v3.1[0m
[0;32mI (499) heap_init: Initializing. RAM available for dynamic allocation:[0m
[0;32mI (506) heap_init: At 3FFAFF10 len 000000F0 (0 KiB): DRAM[0m
[0;32mI (512) heap_init: At 3FFB6388 len 00001C78 (7 KiB): DRAM[0m
[0;32mI (518) heap_init: At 3FFB9A20 len 00004108 (16 KiB): DRAM[0m
[0;32mI (524) heap_init: At 3FFCA3F0 len 00015C10 (87 KiB): DRAM[0m
[0;32mI (530) heap_init: At 3FFE0440 len 00003AE0 (14 KiB): D/IRAM[0m
[0;32mI (536) heap_init: At 3FFE4350 len 0001BCB0 (111 KiB): D/IRAM[0m
[0;32mI (543) heap_init: At 40098620 len 000079E0 (30 KiB): IRAM[0m
[0;32mI (551) spi_flash: detected chip: generic[0m
[0;32mI (554) spi_flash: flash io: dio[0m
[0;33mW (558) spi_flash: Detected size(4096k) larger than the size in the binary image header(2048k). Using the size in the binary image header.[0m
[0;32mI (572) coexist: coex firmware version: 4482466[0m
[0;32mI (577) main_task: Started on CPU0[0m
[0;32mI (587) main_task: Calling app_main()[0m
[0;32mI (597) BTDM_INIT: BT controller compile version [b022216][0m
[0;32mI (597) BTDM_INIT: Bluetooth MAC: 78:ee:4c:00:06:5e[0m
[0;32mI (607) phy_init: phy_version 4830,54550f7,Jun 20 2024,14:22:08[0m
[0;32mI (1037) GATTC_DEMO: REG_EVT[0m
[0;32mI (1037) main_task: Returned from app_main()[0m
[0;32mI (1047) GATTC_DEMO: scan start success[0m
[0;32mI (1077) GATTC_DEMO: 68 6d 18 55 36 9d [0m
[0;32mI (1077) GATTC_DEMO: searched Adv Data Len 31, Scan Response Len 0[0m
[0;32mI (1077) GATTC_DEMO: searched Device Name Len 0[0m
[0;32mI (1087) GATTC_DEMO:  [0m
[0;32mI (1117) GATTC_DEMO: 77 b9 89 c2 66 a2 [0m
[0;32mI (1117) GATTC_DEMO: searched Adv Data Len 17, Scan Response Len 0[0m
[0;32mI (1117) GATTC_DEMO: searched Device Name Len 0[0m
[0;32mI (1127) GATTC_DEMO:  [0m
[0;32mI (1227) GATTC_DEMO: 54 59 d8 1f 23 61 [0m
[0;32mI (1227) GATTC_DEMO: searched Adv Data Len 17, Scan Response Len 0[0m
[0;32mI (1227) GATTC_DEMO: searched Device Name Len 0[0m
[0;32mI (1237) GATTC_DEMO:  [0m
[0;32mI (1267) GATTC_DEMO: 44 68 53 33 ef 24 [0m
[0;32mI (1267) GATTC_DEMO: searched Adv Data Len 19, Scan Response Len 0[0m
[0;32mI (1267) GATTC_DEMO: searched Device Name Len 0[0m
[0;32mI (1277) GATTC_DEMO:  [0m
[0;32mI (1277) GATTC_DEMO: 15 b8 84 af 95 76 [0m
[0;32mI (1277) GATTC_DEMO: searched Adv Data Len 31, Scan Response Len 0[0m
[0;32mI (1287) GATTC_DEMO: searched Device Name Len 0[0m
[0;32mI (1297) GATTC_DEMO:  [0m
[0;32mI (1297) GATTC_DEMO: 60 63 11 21 de 82 [0m
[0;32mI (1297) GATTC_DEMO: searched Adv Data Len 31, Scan Response Len 0[0m
[0;32mI (1307) GATTC_DEMO: searched Device Name Len 0[0m
[0;32mI (1317) GATTC_DEMO:  [0m
[0;32mI (1317) GATTC_DEMO: 37 06 62 9d ec 22 [0m
[0;32mI (1317) GATTC_DEMO: searched Adv Data Len 31, Scan Response Len 0[0m
[0;32mI (1327) GATTC_DEMO: searched Device Name Len 0[0m
[0;32mI (1337) GATTC_DEMO:  [0m
[0;32mI (1357) GATTC_DEMO: 5b 7b 44 13 da ae [0m
[0;32mI (1357) GATTC_DEMO: searched Adv Data Len 30, Scan Response Len 0[0m
[0;32mI (1357) GATTC_DEMO: searched Device Name Len 0[0m
[0;32mI (1357) GATTC_DEMO:  [0m
[0;32mI (1367) GATTC_DEMO: 79 9b aa 68 4b 61 [0m
[0;32mI (1367) GATTC_DEMO: searched Adv Data Len 4, Scan Response Len 31[0m
[0;32mI (1377) GATTC_DEMO: searched Device Name Len 0[0m
[0;32mI (1377) GATTC_DEMO:  [0m
[0;32mI (1387) GATTC_DEMO: ff ff 1b 0a f9 96 [0m
[0;32mI (1387) GATTC_DEMO: searched Adv Data Len 14, Scan Response Len 18[0m
[0;32mI (1397) GATTC_DEMO: searched Device Name Len 16[0m
[0;32mI (1397) GATTC_DEMO: iTAG            [0m
[0;32mI (1407) GATTC_DEMO:  [0m
[0;33mW (1407) GATTC_DEMO: 0x69 [0m
[0;33mW (1407) GATTC_DEMO: 0x54 [0m
[0;33mW (1417) GATTC_DEMO: 0x41 [0m
[0;33mW (1417) GATTC_DEMO: 0x47 [0m
[0;32mI (1417) GATTC_DEMO: searched device iTAG[0m
[0;32mI (1427) GATTC_DEMO: connect to the remote device.[0m
[0;32mI (1427) GATTC_DEMO: 60 63 11 21 de 82 [0m
[0;32mI (1437) GATTC_DEMO: searched Adv Data Len 31, Scan Response Len 0[0m
[0;32mI (1447) GATTC_DEMO: searched Device Name Len 0[0m
[0;32mI (1447) GATTC_DEMO:  [0m
[0;32mI (1457) GATTC_DEMO: stop scan successfully[0m
[0;32mI (1457) GATTC_DEMO: 53 fb 1d c7 04 33 [0m
[0;32mI (1457) GATTC_DEMO: searched Adv Data Len 18, Scan Response Len 0[0m
[0;32mI (1467) GATTC_DEMO: searched Device Name Len 0[0m
[0;32mI (1467) GATTC_DEMO:  [0m
[0;32mI (1477) GATTC_DEMO: 5e 82 74 13 fc 4f [0m
[0;32mI (1477) GATTC_DEMO: searched Adv Data Len 27, Scan Response Len 0[0m
[0;32mI (1487) GATTC_DEMO: searched Device Name Len 0[0m
[0;32mI (1497) GATTC_DEMO:  [0m
[0;33mW (1907) BT_HCI: hcif disc complete: hdl 0x0, rsn 0x3e[0m
[0;32mI (1997) GATTC_DEMO: ESP_GATTC_CONNECT_EVT conn_id 0, if 4[0m
[0;32mI (1997) GATTC_DEMO: REMOTE BDA:[0m
[0;32mI (1997) GATTC_DEMO: ff ff 1b 0a f9 96 [0m
[0;32mI (1997) GATTC_DEMO: open success[0m
[0;32mI (2457) GATTC_DEMO: discover service complete conn_id 0[0m
[0;32mI (2457) GATTC_DEMO: SEARCH RES: conn_id = 0 is primary service 1[0m
[0;32mI (2467) GATTC_DEMO: start handle 6 end handle 8 current handle value 6[0m
[0;32mI (2467) GATTC_DEMO: service found[0m
[0;32mI (2477) GATTC_DEMO: UUID16: 180f[0m
[0;32mI (2477) GATTC_DEMO: Get service information from remote device[0m
[0;32mI (2487) GATTC_DEMO: ESP_GATTC_SEARCH_CMPL_EVT[0m
[0;32mI (2487) GATTC_DEMO: 0[0m
[0;32mI (2497) GATTC_DEMO: ESP_GATTC_CFG_MTU_EVT, Status 0, MTU 23, conn_id 0[0m
[0;32mI (2497) GATTC_DEMO: ESP_GATTC_REG_FOR_NOTIFY_EVT[0m
[0;31mE (2507) GATTC_DEMO: descr not found[0m
